Transient analysis(0=V(6))                                                                                    
****************************************************--------------------------------------------------    3.30
*--------------------------------------------------*--------------------------------------------------    3.13
*--------------------------------------------------*--------------------------------------------------    2.97
*--------------------------------------------------*--------------------------------------------------    2.80
*--------------------------------------------------*--------------------------------------------------    2.64
*--------------------------------------------------*--------------------------------------------------    2.48
*--------------------------------------------------*--------------------------------------------------    2.31
*--------------------------------------------------*--------------------------------------------------    2.15
*--------------------------------------------------*--------------------------------------------------    1.98
*--------------------------------------------------*--------------------------------------------------    1.81
*--------------------------------------------------*--------------------------------------------------    1.65
*--------------------------------------------------*--------------------------------------------------    1.48
*--------------------------------------------------*--------------------------------------------------    1.32
*--------------------------------------------------*--------------------------------------------------    1.15
*--------------------------------------------------*-------------------------------------------------- 990.00m
*--------------------------------------------------*-------------------------------------------------- 825.00m
*--------------------------------------------------*-------------------------------------------------- 660.00m
*--------------------------------------------------*-------------------------------------------------- 495.00m
*--------------------------------------------------*-------------------------------------------------- 330.00m
*--------------------------------------------------*-------------------------------------------------- 165.00m
*==================================================***************************************************       0
0                                                                                                  20m        
                                                                                                              
ion 58.7m ioff 50.4u
r1 100 r2 1000 r3 1000 ion 59.2m ioff 34.2m score 0.08250439039186436
r1 100 r2 4700 r3 2200 ion 59.2m ioff 757.5n score 1320.20866244125
r1 100 r2 4700 r3 22000 ion 59.2m ioff 194n score 5155.982859772281
r1 100 r2 22000 r3 1000 ion 59.2m ioff 128.1n score 7804.941022853506
r1 100 r2 22000 r3 100000 ion 59.2m ioff 93.8n score 10664.303343499889
r1 100 r2 47000 r3 47000 ion 59.2m ioff 91.9n score 10884.863740807863
r1 100 r2 1000000 r3 1000 ion 59.2m ioff 80.8n score 12370.657325593875
r1 100 r2 2200000 r3 1000 ion 59.2m ioff 25.7n score 38970.601676406324
r1 100 r2 2200000 r3 22000 ion 59.2m ioff 22.4n score 44684.65743400199
r1 100 r2 2200000 r3 100000 ion 59.2m ioff 14n score 71620.26489086388
r1 100 r2 10000000 r3 22000 ion 59.2m ioff 2.9n score 345535.1423689594
r1 220 r2 4700 r3 22000 ion 59.2m ioff 2.6n score 379563.9944373487
r1 470 r2 100000 r3 100000 ion 59.2m ioff 1.4n score 724796.0300810989
r1 470 r2 2200000 r3 47000 ion 59.2m ioff 935.2p score 1069268.969335426
r1 1000 r2 10000000 r3 2200 ion 59.1m ioff 326.8p score 3060172.5215130756
r1 4700 r2 4700000 r3 47000 ion 58.8m ioff 27.6p score 36169259.878489845
DONE
