AC analysis(0=V(2))                                                                                           
*****************-------------------------------------------------------------------------------------     1.0
-----------------**************-----------------------------------------------------------------------  950.0m
-------------------------------**********-------------------------------------------------------------  900.0m
-----------------------------------------**********---------------------------------------------------  850.0m
---------------------------------------------------*********------------------------------------------  800.0m
------------------------------------------------------------************------------------------------  750.0m
------------------------------------------------------------------------********----------------------  700.0m
--------------------------------------------------------------------------------**********------------  650.0m
------------------------------------------------------------------------------------------********----  600.0m
------------------------------------------------------------------------------------------------------  550.0m
------------------------------------------------------------------------------------------------------  500.0m
------------------------------------------------------------------------------------------------------  450.0m
------------------------------------------------------------------------------------------------------  400.0m
------------------------------------------------------------------------------------------------------  350.0m
------------------------------------------------------------------------------------------------------  300.0m
------------------------------------------------------------------------------------------------------  250.0m
------------------------------------------------------------------------------------------------------  200.0m
------------------------------------------------------------------------------------------------------  150.0m
------------------------------------------------------------------------------------------------------  100.0m
------------------------------------------------------------------------------------------------------   50.0m
======================================================================================================       0
1                                                                                                  22k        
                                                                                                              
AC analysis(0=V(2))                                                                                           
***---------------------------------------------------------------------------------------------------     1.0
--**--------------------------------------------------------------------------------------------------  950.0m
---**-------------------------------------------------------------------------------------------------  900.0m
----**------------------------------------------------------------------------------------------------  850.0m
-----**-----------------------------------------------------------------------------------------------  800.0m
------**----------------------------------------------------------------------------------------------  750.0m
-------**---------------------------------------------------------------------------------------------  700.0m
--------**--------------------------------------------------------------------------------------------  650.0m
---------**-------------------------------------------------------------------------------------------  600.0m
-----------**-----------------------------------------------------------------------------------------  550.0m
------------**----------------------------------------------------------------------------------------  500.0m
--------------**--------------------------------------------------------------------------------------  450.0m
----------------**------------------------------------------------------------------------------------  400.0m
------------------****--------------------------------------------------------------------------------  350.0m
----------------------****----------------------------------------------------------------------------  300.0m
--------------------------******----------------------------------------------------------------------  250.0m
--------------------------------***********-----------------------------------------------------------  200.0m
-------------------------------------------*****************------------------------------------------  150.0m
------------------------------------------------------------**************************************----  100.0m
------------------------------------------------------------------------------------------------------   50.0m
======================================================================================================       0
1                                                                                                  22k        
                                                                                                              
