EEEEEEEEEEEEEEEEEEEEEEEEEEEEEEEEEEEEEEEEEEEEEEEEEEEEEEEEEEEEEEEEEEEEEEEEEEEEEEEE
E------------------------------------------------------------------------------E
E------------------------------------------------------------------------------E
E------------------------------------------------------------------------------E
E------------------------------------------------------------------------------E
E------------------------------------------------------------------------------E
E------------------------------------------------------------------------------E
E------------------------------------------------------------------------------E
E------------------------------------------------------------------------------E
E------------------------------------------------------------------------------E
E---------*********************-----------------------------|------------------E
E---------*...................*-----------------------------|------------------E
E--------//...................*---------Hello world---------|------------------E
E------//-*...................*-----------------------------|------------------E
E----//---*...................*-----------------------------|------------------E
E--//-----*...................*-----------------------------|------------------E
E//-------*...................*-----------------------------|------------------E
\\--------*...................*-----------------------------|------------------E
E-\\------*...................*-----------------------------|------------------E
E---\\----*...................*-----------------------------|------------------E
E-----\\--*...................*-----------------------------___________------Foo
E-------\\*...................*------------------------------------------------E
E---------\...................*------------------------------------------------E
E---------*...................*------------------------------------------------E
E---------*...................*------------------------------------------------E
E---------*...................*------------------------------------------------E
E---------*...................*------------------------------------------------E
E---------*...................*------------------------------------------------E
E---------*...................*------------------------------------------------E
E---------*...................*------------------------------------------------E
E---------*********************------------------------------------------------E
E------------------------------------------------------------------------------E
E------------------------------------------------------------------------------E
E------------------------------------------------------------------------------E
E------------------------------------------------------------------------------E
E------------------------------------------------------------------------------E
E------------------------------------------------------------------------------E
E------------------------------------------------------------------------------E
E------------------------------------------------------------------------------E
EEEEEEEEEEEEEEEEEEEEEEEEEEEEEEEEEEEEEEEEEEEEEEEEEEEEEEEEEEEEEEEEEEEEEEEEEEEEEEEE
