Transient analysis(0=V(2))                                                                                    
--------*****-----------------------------------******-----------------------------------*****--------    5.00
------***----**-------------------------------***----***-------------------------------**----***------    4.29
-----**-------***----------------------------**--------**----------------------------***-------**-----    3.57
---**-----------**--------------------------**----------**--------------------------**-----------**---    2.86
--**-------------**------------------------**------------**------------------------**-------------**--    2.14
-**---------------**----------------------**--------------**----------------------**---------------*--    1.43
**-----------------**--------------------**----------------**--------------------**-----------------*- 714.29m
*===================*===================**==================**==================**===================*       0
---------------------*-----------------**--------------------**----------------**-------------------- -714.29m
----------------------*---------------**----------------------**---------------*----------------------   -1.43
-----------------------*-------------**------------------------**-------------*-----------------------   -2.14
------------------------*-----------**--------------------------**----------**------------------------   -2.86
-------------------------**--------**----------------------------**--------**-------------------------   -3.57
--------------------------***----**--------------------------------**----***--------------------------   -4.29
----------------------------******----------------------------------******----------------------------   -5.00
0                                                                                                  50m        
                                                                                                              
Transient analysis(0=I(A1))                                                                                   
--------*****-----------------------------------******-----------------------------------*****--------   5.00m
------***----**-------------------------------***----***-------------------------------**----***------   4.29m
-----**-------***----------------------------**--------**----------------------------***-------**-----   3.57m
---**-----------**--------------------------**----------**--------------------------**-----------**---   2.86m
--**-------------**------------------------**------------**------------------------**-------------**--   2.14m
-**---------------**----------------------**--------------**----------------------**---------------*--   1.43m
**-----------------**--------------------**----------------**--------------------**-----------------*- 714.29u
*===================*===================**==================**==================**===================*       0
---------------------*-----------------**--------------------**----------------**-------------------- -714.29u
----------------------*---------------**----------------------**---------------*----------------------  -1.43m
-----------------------*-------------**------------------------**-------------*-----------------------  -2.14m
------------------------*-----------**--------------------------**----------**------------------------  -2.86m
-------------------------**--------**----------------------------**--------**-------------------------  -3.57m
--------------------------***----**--------------------------------**----***--------------------------  -4.29m
----------------------------******----------------------------------******----------------------------  -5.00m
0                                                                                                  50m        
                                                                                                              
Transient analysis(0=V(2))                                                                                    
--------*****-----------------------------------******-----------------------------------*****--------    5.00
------***----**-------------------------------***----***-------------------------------**----***------    4.29
-----**-------***----------------------------**--------**----------------------------***-------**-----    3.57
---**-----------**--------------------------**----------**--------------------------**-----------**---    2.86
--**-------------**------------------------**------------**------------------------**-------------**--    2.14
-**---------------**----------------------**--------------**----------------------**---------------*--    1.43
**-----------------**--------------------**----------------**--------------------**-----------------*- 714.29m
*===================*===================**==================**==================**===================*       0
---------------------*-----------------**--------------------**----------------**-------------------- -714.29m
----------------------*---------------**----------------------**---------------*----------------------   -1.43
-----------------------*-------------**------------------------**-------------*-----------------------   -2.14
------------------------*-----------**--------------------------**----------**------------------------   -2.86
-------------------------**--------**----------------------------**--------**-------------------------   -3.57
--------------------------***----**--------------------------------**----***--------------------------   -4.29
----------------------------******----------------------------------******----------------------------   -5.00
0                                                                                                  50m        
                                                                                                              
Transient analysis(0=I(A1))                                                                                   
--------*****-----------------------------------******-----------------------------------*****--------   5.00m
------***----**-------------------------------***----***-------------------------------**----***------   4.29m
-----**-------***----------------------------**--------**----------------------------***-------**-----   3.57m
---**-----------**--------------------------**----------**--------------------------**-----------**---   2.86m
--**-------------**------------------------**------------**------------------------**-------------**--   2.14m
-**---------------**----------------------**--------------**----------------------**---------------*--   1.43m
**-----------------**--------------------**----------------**--------------------**-----------------*- 714.29u
*===================*===================**==================**==================**===================*       0
---------------------*-----------------**--------------------**----------------**-------------------- -714.29u
----------------------*---------------**----------------------**---------------*----------------------  -1.43m
-----------------------*-------------**------------------------**-------------*-----------------------  -2.14m
------------------------*-----------**--------------------------**----------**------------------------  -2.86m
-------------------------**--------**----------------------------**--------**-------------------------  -3.57m
--------------------------***----**--------------------------------**----***--------------------------  -4.29m
----------------------------******----------------------------------******----------------------------  -5.00m
0                                                                                                  50m        
                                                                                                              
