Transient analysis(0=V(1))                                                                                    
--***--------***---------***--------***---------***--------***---------***--------***---------***-----  100.0m
-**-**-------*-**-------**-**-------*-**-------**-*--------*-**-------**-*-------**-**-------**-*-----   71.4m
-*---*------**--**------*---*------**--**-----**---*------*---**-----**---*------*---**-----**--**----   42.9m
**---**-----*----*-----*----**----**----*-----*----**----**----*-----*----**----**----*-----*----**---   14.3m
*=====*====*=====**===**=====*====*=====**===**=====*====*=====**===**=====*====*=====**===**=====*===  -14.3m
------**--**------*---*------**--**------*---*------**--**------*---*------**--**------*---*------**--  -42.9m
-------**-*-------**-**-------**-*-------**-**-------*--*-------**-**-------*-**-------**-**-------*--  -71.4m
--------***--------***---------***--------***---------**---------***---------**---------***--------*** -100.0m
0                                                                                                  20m        
                                                                                                              
Transient analysis(0=V(2))                                                                                    
--***--------***---------***--------***---------***--------***---------***--------***---------***-----  100.0m
-**-**-------*-**-------**-**-------*-**-------**-*--------*-**-------**-*-------**-**-------**-*-----   71.4m
-*---*------**--**------*---*------**--**-----**---*------*---**-----**---*------*---**-----**--**----   42.9m
**---**-----*----*-----*----**----**----*-----*----**----**----*-----*----**----**----*-----*----**---   14.3m
*=====*====*=====**===**=====*====*=====**===**=====*====*=====**===**=====*====*=====**===**=====*===  -14.3m
------**--**------*---*------**--**------*---*------**--**------*---*------**--**------*---*------**--  -42.9m
-------**-*-------**-**-------**-*-------**-**-------*--*-------**-**-------*-**-------**-**-------*--  -71.4m
--------***--------***---------***--------***---------**---------***---------**---------***--------*** -100.0m
0                                                                                                  20m        
                                                                                                              
Transient analysis(0=V(3))                                                                                    
--------***--------***---------***--------***---------**---------***---------**---------***--------***  100.0m
-------**-*-------**-**-------**-*-------**-**-------*--*-------**-**-------*-**-------**-**-------*--   71.4m
------**--**------*---*------**--**------*---*------**--**------*---*------**--**------*---*------**--   42.9m
------*----*-----**---**-----*----*-----**---**-----*----*-----**---**-----*----*-----**---**-----*---   14.3m
**===**=====*====*=====*====**====**====*=====*====**====**====*=====*====**====**====*=====*====**===  -14.3m
-*---*------**--**------*---*------**--**-----**---*------*---**-----**---*------*---**-----**--**----  -42.9m
-**-**-------*-**-------**-**-------*-**-------**-*--------*-**-------**-*-------**-**-------**-*-----  -71.4m
--***--------***---------***--------***---------***--------***---------***--------***---------***----- -100.0m
0                                                                                                  20m        
                                                                                                              
Transient analysis(0=V(44))                                                                                   
**---------**---------***--------***---------***--------***---------***--------***---------***--------    1.7m
=**=======*==*=======**=**=======*==*=======**=**=======*=**=======**=**======**=**=======**=**=======  -27.1m
--*------**--**------*---*------**--**-----**---*------*---**-----**---*------*---**-----**---*------*  -55.9m
--**----**----*-----*----**----**----*-----*----**----**----*-----*----**----**----*-----*----**----**  -84.7m
---**---*------*---**-----*----*-----**---**-----*----*-----**---**-----*----*-----**---**-----*----*- -113.6m
----*--**------**--*-------*--**------**--*------**--**------**--*------**--**------*---*------**--**- -142.4m
----**-*--------*-**-------****--------*-**-------****--------*-**-------****--------*-**-------****-- -171.2m
-----**---------***---------**---------***---------**---------***---------**---------***---------**--- -200.0m
0                                                                                                  20m        
                                                                                                              
Transient analysis(0=V(1))                                                                                    
--***-------------------------------------------------------------------------------------------------  100.0m
-**-**-------****--------***---------**---------------------------------------------------------------   71.4m
-*---*------**--**------**-**------*****-------****--------****-------****--------***-----------------   42.9m
**---**----**----*-----**---**----**---**-----**---**----***--**-----**--***----***-***-----*******---   14.3m
*=====*====*=====**===**=====*====*=====**===**=====**==**=====**==***=====**==**=====*******=====****  -14.3m
------**--**------**-**-------*****------*****-------****--------***--------****--------**------------  -42.9m
-------****--------***---------**---------------------------------------------------------------------  -71.4m
--------**-------------------------------------------------------------------------------------------- -100.0m
0                                                                                                  20m        
                                                                                                              
Transient analysis(0=V(2))                                                                                    
--***-------------------------------------------------------------------------------------------------  100.0m
-**-**-------****--------***---------**---------------------------------------------------------------   71.4m
-*---*------**--**------**-**------*****-------****--------****-------****--------***-----------------   42.9m
**---**----**----*-----**---**----**---**-----**---**----***--**-----**--***----***-***-----*******---   14.3m
*=====*====*=====**===**=====*====*=====**===**=====**==**=====**==***=====**==**=====*******=====****  -14.3m
------**--**------**-**-------*****------*****-------****--------***--------****--------**------------  -42.9m
-------****--------***---------**---------------------------------------------------------------------  -71.4m
--------**-------------------------------------------------------------------------------------------- -100.0m
0                                                                                                  20m        
                                                                                                              
Transient analysis(0=V(3))                                                                                    
--------**--------------------------------------------------------------------------------------------  100.0m
-------****--------***---------**---------------------------------------------------------------------   71.4m
------**--**------**-**-------*****------*****-------****--------***--------****--------**------------   42.9m
------*----*-----**---**-----*----*-----**---**-----**--**-----**--***-----**--**-----*******-----****   14.3m
**===**====**====*=====**===**====**===**=====**===**====***==**=====**==***====***=***=====*******===  -14.3m
-*---*------**--**------**-**------*****-------****--------****-------****--------***-----------------  -42.9m
-**-**-------****--------***---------**---------------------------------------------------------------  -71.4m
--***------------------------------------------------------------------------------------------------- -100.0m
0                                                                                                  20m        
                                                                                                              
Transient analysis(0=V(44))                                                                                   
**=========**=========================================================================================       0
-**-------****--------***--------***------------------------------------------------------------------  -27.1m
--*------**--**------**-**------**-***------*****-------****-------****--------****--------***--------  -54.3m
--**-----*----*-----**---**-----*----*-----**---**----**---**-----**---**----***--**-----***-***----**  -81.4m
---*----**----**---**-----**---*-----**---**-----**--**-----***-***-----******------******-----******- -108.6m
---**--**------**--*-------**-**------*****-------****--------***---------**-------------------------- -135.7m
----**-*--------****--------***---------*------------------------------------------------------------- -162.9m
-----***---------------------------------------------------------------------------------------------- -190.0m
0                                                                                                  20m        
                                                                                                              
