FFT analysis(0=V(2)/dB)                                                                                       
-*----------------------------------------------------------------------------------------------------    11.0
**----------------------------------------------------------------------------------------------------     7.2
-*----------------------------------------------------------------------------------------------------     3.3
==*=======*=========================================================================================== -550.0m
--*-------**------------------------------------------------------------------------------------------    -4.4
--*------*-*--------**--------------------------------------------------------------------------------    -8.3
--*------*-*--------**--------------------------------------------------------------------------------   -12.1
--*------*--*------*-*--------**----------------------------------------------------------------------   -16.0
--*------*--*------*-*-------*-*----------------------------------------------------------------------   -19.8
--*-----*---*------*-*-------*--*-------**------------------------------------------------------------   -23.6
---*----*---*------*-*-------*--*-------**---------*--------------------------------------------------   -27.5
---*----*----*-----*--*------*--*-------*-*-------*-*--------*----------------------------------------   -31.4
---*--*-*----*-----*--*------*--*------*--*-------*-*-------**---------*------------------------------   -35.2
----***-*----*-----*--*------*--*------*--*------*--*------*--*-------**---------**--------**---------   -39.0
-----***-----*-**-*----*-**--*---*-**--*--*--**--*--*------*--*---*---*-*---*---*-*---*---*-*---**---*   -42.9
------**------*-*-*----**-*--*---*-**--*--*-*--*-*--*---*--*---*-*-*--*-*--*-*--*-*--*-*--*--*-*--*-**   -46.8
-------*--------***-----*-*-*----**-*-*----**--*-*--*--*-*-*---*-*-*-*---*-*-*-*--*--*-*--*--*-*--*-**   -50.6
----------------***--------**----**--**----**---*----**--*-*---**--*-*---*-*--**---**---*-*---**--**--   -54.5
-----------------**--------*-----**---*----**---*----**---**---**---**----*----*---**---**----*---**--   -58.3
-----------------**-----------------------------*----*-----*----------------------------------*---*---   -62.1
-----------------**-----------------------------------------------------------------------------------   -66.0
0                                                                                                   1k        
                                                                                                              
FFT analysis(0=V(2)/dB)                                                                                       
-*----------------------------------------------------------------------------------------------------    11.0
**----------------------------------------------------------------------------------------------------     7.2
-*----------------------------------------------------------------------------------------------------     3.3
==*=======*=========================================================================================== -550.0m
--*-------**------------------------------------------------------------------------------------------    -4.4
--*------*-*--------**--------------------------------------------------------------------------------    -8.3
--*------*-*--------**--------------------------------------------------------------------------------   -12.1
--*------*--*------*-*--------**----------------------------------------------------------------------   -16.0
--*------*--*------*-*-------*-*----------------------------------------------------------------------   -19.8
--*-----*---*------*-*-------*--*-------**------------------------------------------------------------   -23.6
---*----*---*------*-*-------*--*-------**---------*--------------------------------------------------   -27.5
---*----*----*-----*--*------*--*-------*-*-------*-*--------*----------------------------------------   -31.4
---*--*-*----*-----*--*------*--*------*--*-------*-*-------**---------*------------------------------   -35.2
----***-*----*-----*--*------*--*------*--*------*--*------*--*-------**---------**--------**---------   -39.0
-----***-----*-**-*----*-**--*---*-**--*--*--**--*--*------*--*---*---*-*---*---*-*---*---*-*---**---*   -42.9
------**------*-*-*----**-*--*---*-**--*--*-*--*-*--*---*--*---*-*-*--*-*--*-*--*-*--*-*--*--*-*--*-**   -46.8
-------*--------***-----*-*-*----**-*-*----**--*-*--*--*-*-*---*-*-*-*---*-*-*-*--*--*-*--*--*-*--*-**   -50.6
----------------***--------**----**--**----**---*----**--*-*---**--*-*---*-*--**---**---*-*---**--**--   -54.5
-----------------**--------*-----**---*----**---*----**---**---**---**----*----*---**---**----*---**--   -58.3
-----------------**-----------------------------*----*-----*----------------------------------*---*---   -62.1
-----------------**-----------------------------------------------------------------------------------   -66.0
0                                                                                                   1k        
                                                                                                              
FFT analysis(0=V(2))                                                                                          
-*----------------------------------------------------------------------------------------------------    3.40
-*----------------------------------------------------------------------------------------------------    3.23
-*----------------------------------------------------------------------------------------------------    3.06
**----------------------------------------------------------------------------------------------------    2.89
**----------------------------------------------------------------------------------------------------    2.72
**----------------------------------------------------------------------------------------------------    2.55
-*----------------------------------------------------------------------------------------------------    2.38
-*----------------------------------------------------------------------------------------------------    2.21
-*----------------------------------------------------------------------------------------------------    2.04
--*---------------------------------------------------------------------------------------------------    1.87
--*---------------------------------------------------------------------------------------------------    1.70
--*---------------------------------------------------------------------------------------------------    1.53
--*---------------------------------------------------------------------------------------------------    1.36
--*---------------------------------------------------------------------------------------------------    1.19
--*-------*-------------------------------------------------------------------------------------------    1.02
--*-------*------------------------------------------------------------------------------------------- 850.38m
--*-------**------------------------------------------------------------------------------------------ 680.41m
--*------*-*------------------------------------------------------------------------------------------ 510.43m
--*------*-*--------**-------------------------------------------------------------------------------- 340.46m
--*------*--*------*-*--------**---------------------------------------------------------------------- 170.48m
---******---*******---********--********************************************************************** 510.00u
0                                                                                                   1k        
                                                                                                              
FFT analysis(0=V(2))                                                                                          
-*----------------------------------------------------------------------------------------------------    3.40
-*----------------------------------------------------------------------------------------------------    3.23
-*----------------------------------------------------------------------------------------------------    3.06
**----------------------------------------------------------------------------------------------------    2.89
**----------------------------------------------------------------------------------------------------    2.72
**----------------------------------------------------------------------------------------------------    2.55
-*----------------------------------------------------------------------------------------------------    2.38
-*----------------------------------------------------------------------------------------------------    2.21
-*----------------------------------------------------------------------------------------------------    2.04
--*---------------------------------------------------------------------------------------------------    1.87
--*---------------------------------------------------------------------------------------------------    1.70
--*---------------------------------------------------------------------------------------------------    1.53
--*---------------------------------------------------------------------------------------------------    1.36
--*---------------------------------------------------------------------------------------------------    1.19
--*-------*-------------------------------------------------------------------------------------------    1.02
--*-------*------------------------------------------------------------------------------------------- 850.38m
--*-------**------------------------------------------------------------------------------------------ 680.41m
--*------*-*------------------------------------------------------------------------------------------ 510.43m
--*------*-*--------**-------------------------------------------------------------------------------- 340.46m
--*------*--*------*-*--------**---------------------------------------------------------------------- 170.48m
---******---*******---********--********************************************************************** 510.00u
0                                                                                                   1k        
                                                                                                              
