(0=J201 1=J201_LONG_LEADS)                                                                                    
------------------------------1111111000--------------------------------------------------------------  460.0m
------------------111111111111-------1111111000-------------------------------------------------------  437.8m
111111111111111111--------------------------11111-----------------------------------------------------  415.5m
1------------------------------------------------111--------------------------------------------------  393.3m
1---------------------------------------------------111-----------------------------------------------  371.0m
1------------------------------------------------------1111-------------------------------------------  348.8m
1----------------------------------------------------------110----------------------------------------  326.5m
1------------------------------------------------------------1100-------------------------------------  304.3m
1--------------------------------------------------------------1110-----------------------------------  282.0m
1-----------------------------------------------------------------1111--------------------------------  259.8m
1---------------------------------------------------------------------1111----------------------------  237.5m
1-------------------------------------------------------------------------1111------------------------  215.3m
1-----------------------------------------------------------------------------1111--------------------  193.0m
1---------------------------------------------------------------------------------11111---------------  170.8m
1--------------------------------------------------------------------------------------11111----------  148.5m
1-------------------------------------------------------------------------------------------111111111-  126.3m
1-----------------------------------------------------------------------------------------------------  104.0m
1-----------------------------------------------------------------------------------------------------   81.8m
1-----------------------------------------------------------------------------------------------------   59.5m
1-----------------------------------------------------------------------------------------------------   37.3m
1-----------------------------------------------------------------------------------------------------   15.0m
1                                                                                                 1.6M        
                                                                                                              
