(0=2N7000 1=2N7000_2)                                                                                         
------------0-----------------------------------------------------------------------------------------    3.20
------------0-----------------------------------------------------------------------------------------    3.04
-----------0-0----------------------------------------------------------------------------------------    2.88
----------0--0----------------------------------------------------------------------------------------    2.72
----------0---0---------------------------------------------------------------------------------------    2.56
----------0---0---------------------------------------------------------------------------------------    2.40
----------0---0---------------------------------------------------------------------------------------    2.25
---------0-----0---1111-------------------------------------------------------------------------------    2.09
---------0-----0-11----11-----------------------------------------------------------------------------    1.93
--------0------11--------1----------------------------------------------------------------------------    1.77
-------00----111----------1---------------------------------------------------------------------------    1.61
------00--111--0-----------11-------------------------------------------------------------------------    1.45
----0011111-----0------------11-----------------------------------------------------------------------    1.29
111111----------0--------------1----------------------------------------------------------------------    1.13
1----------------0--------------11-------------------------------------------------------------------- 973.30m
1-----------------0---------------11------------------------------------------------------------------ 814.25m
1------------------000--------------11111------------------------------------------------------------- 655.20m
1---------------------00-----------------1111--------------------------------------------------------- 496.15m
1-----------------------00000----------------111111111111--------------------------------------------- 337.10m
1----------------------------0000000000000000------------111111111111111111111111111111111------------ 178.05m
---------------------------------------------00000000000000000000000000000000000000000000011111111----  19.00m
1                                                                                                  22k        
                                                                                                              
(0=2N7000 1=2N7000_2)                                                                                         
------------------------------------------------------------------------------------------------------     1.1
-----111----------------------------------------------------------------------------------------------  999.0m
----11-01---------------------------------------------------------------------------------------------  898.0m
----1----1--------------------------------------------------------------------------------------------  797.0m
---1-----11-------------------1111--------------------------------------------------------------------  696.0m
---1------1------------------110001-------------------------------------------------------------------  595.0m
--1--------1----------------110---01--------------------1111------------------------------------------  494.0m
--1--------1----------------10-----01------------------1100011---------------------1------------------  393.0m
-1---------10--------------10-------01----------------10----011-----------------1111111---------------  292.0m
-1----------1--------------1---------11--------------10-------11---------------110----011-------------  191.0m
10----------1-------------10----------1-------------11---------11-------------110-------01------------   90.0m
1============1============1===========01============1===========1============10==========011==========  -11.0m
-------------1-----------10------------1-----------1-------------1----------10------------011--------1 -112.0m
--------------100000000001--------------10000000001---------------10000000010---------------1110000111 -213.0m
--------------1---------1----------------1-------11----------------11----11-------------------111111-- -314.0m
---------------1--------1----------------11-----11------------------111111---------------------------- -415.0m
---------------1-------1------------------11---11----------------------------------------------------- -516.0m
----------------1-----1--------------------11111------------------------------------------------------ -617.0m
----------------1-----1------------------------------------------------------------------------------- -718.0m
-----------------1---1-------------------------------------------------------------------------------- -819.0m
------------------111--------------------------------------------------------------------------------- -920.0m
0                                                                                                  20m        
                                                                                                              
