Measuring NPN hFE for different base resistors(0=BC557 (max hFE at Rb=220k) 1=BC557_200 (max hFE at Rb=1M) 2=S
------------------------------------------------------------------------------------------------------   250.0
------------------------------------------------------------------------------------------------------   245.5
-------------------------------------------------------------------------------------------------55555   241.1
----------------------------------------------------------------------------------------55555555544444   236.6
-------------------------------------------------------------444444444444444444555555555--------------   232.1
-------------------------------------------444444444444444444---------555555555-----------------------   227.7
-----------------------------------44444444------------------555555555--------------------------------   223.2
--------------------000000044444444-----------------555555555-----------------------------------------   218.8
--------------000000--44444--------0000000000055555500000---------------------------------------------   214.3
----------0000------44---------------------555-----------000000000000000000---------------------------   209.8
---------0--------44--------------------555--------------------------------111111111111111111111111111   205.4
--------0-------44-------------------555-1111111111111111111111111111111111------------------000000000   200.9
-------0------44-------------111155551111-------------------------------------------------------------   196.4
-------0----44-------11111111-555---------------------------------------------------------------------   192.0
------0---44------111------555------------------------------------------------------------------------   187.5
-----0---4-----111------555---------------------------------------------------------------------------   183.0
-----0---4--111-------55------------------------------------------------------------------------------   178.6
-----0--4-11---------5--------------------------------------------------------------------------------   174.1
----0--4-1---------55---------------------------------------------------------------------------------   169.6
----0--41---------5--------------------------------------------------------222222222222222222222222222   165.2
----0-41---------5--2222222222222222222222222222222222222222222222222222222---------------------------   160.7
----0-41------255222----------------------------------------------------------------------------------   156.3
----041--222225--------------------3333333333333333333333333333333333333333---------------------------   151.8
----04-22----5-------33333333333333----------------------------------------333333333333333333333333333   147.3
---0422----55-----333---------------------------------------------------------------------------------   142.9
---042----5----333------------------------------------------------------------------------------------   138.4
---04----5--333---------------------------------------------------------------------------------------   133.9
---42----533------------------------------------------------------------------------------------------   129.5
---41---53--------------------------------------------------------------------------------------------   125.0
---4----5---------------------------------------------------------------------------------------------   120.5
--04---5----------------------------------------------------------------------------------------------   116.1
--41--35----------------------------------------------------------------------------------------------   111.6
--41-35-----------------------------------------------------------------------------------------------   107.1
--4-3-5-----------------------------------------------------------------------------------------------   102.7
--4-35------------------------------------------------------------------------------------------------    98.2
--435-------------------------------------------------------------------------------------------------    93.8
--435-------------------------------------------------------------------------------------------------    89.3
--45--------------------------------------------------------------------------------------------------    84.8
--45--------------------------------------------------------------------------------------------------    80.4
-45---------------------------------------------------------------------------------------------------    75.9
-45---------------------------------------------------------------------------------------------------    71.4
-45---------------------------------------------------------------------------------------------------    67.0
-45---------------------------------------------------------------------------------------------------    62.5
-5----------------------------------------------------------------------------------------------------    58.0
-5----------------------------------------------------------------------------------------------------    53.6
-5----------------------------------------------------------------------------------------------------    49.1
-5----------------------------------------------------------------------------------------------------    44.6
-5----------------------------------------------------------------------------------------------------    40.2
45----------------------------------------------------------------------------------------------------    35.7
5-----------------------------------------------------------------------------------------------------    31.3
5-----------------------------------------------------------------------------------------------------    26.8
5-----------------------------------------------------------------------------------------------------    22.3
5-----------------------------------------------------------------------------------------------------    17.9
5-----------------------------------------------------------------------------------------------------    13.4
5-----------------------------------------------------------------------------------------------------     8.9
5-----------------------------------------------------------------------------------------------------     4.5
5=====================================================================================================       0
10                                                                                                  1M        
                                                                                                              
warn: gif(npn_measure_hfe_using_2_resistors.gif,canvases,delay) - not saving gif because of the --no-gif param (perhaps a unit test?)
Each transistor has peak hFE at different Rb, which means 2-resistor method is not reliable
