Transient analysis(0=V(3))                                                                                    
------*-------------------------*-------------------------*-------------------------*-----------------    6.10
-----****----------------------***-----------------------***----------------------****----------------    5.89
----**--*---------------------*---*---------------------*---*---------------------*--**---------------    5.69
----*----*--------------------*----*--------------------*----*-------------------*----*---------------    5.48
---*-----*-------------------*-----*-------------------*-----*-------------------*----*---------------    5.28
---*------*------------------*-----*-------------------*-----*------------------*------*--------------    5.07
---*------*-----------------*-------*-----------------*-------*-----------------*------*--------------    4.87
--*-------*-----------------*-------*-----------------*-------*-----------------*-------*-------------    4.67
--*--------*----------------*-------*-----------------*-------*----------------*--------*-------------    4.46
--*--------*---------------*---------*---------------*---------*---------------*--------*-------------    4.25
-*---------*---------------*---------*---------------*---------*---------------*--------*-------------    4.05
-*---------*---------------*---------*---------------*---------*--------------*----------*------------    3.84
-*----------*-------------*-----------*--------------*----------*-------------*----------*------------    3.64
*-----------*-------------*-----------*-------------*-----------*-------------*----------*------------    3.43
*-----------*-------------*-----------*------------*------------*------------*------------*-----------    3.23
*------------*------------*-----------*------------*------------*------------*------------*-----------    3.02
-------------*-----------*-------------*-----------*-------------*-----------*------------*-----------    2.82
-------------*-----------*-------------*-----------*-------------*-----------*------------*-----------    2.62
-------------*-----------*-------------*-----------*-------------*----------**-------------*----------    2.41
--------------*----------*--------------*---------**--------------*---------*--------------*----------    2.21
--------------***********---------------***********---------------***********---------------**********    2.00
0                                                                                                  20m        
                                                                                                              
swing 4 min 2 max 6
