Transient analysis(0=V(1))                                                                                    
---------------------------------------------****----------------------------------------------------- 760.00m
-------------------------------------------***--*----------------------------------------------------- 652.00m
-----------------------------------------***-----*---------------------------------------------------- 544.00m
--------------------------------------***--------*---------------------------------------------------- 436.00m
-----------------------------------****-----------*------------------------------------------*******-- 328.00m
--------------------------------****--------------*------------------------------------******-------*- 220.00m
----------------------------****------------------*-----------------------------********------------** 112.00m
*-----------------------****----------------------*----------------------********--------------------*   4.00m
*====================****==========================*================******============================-104.00m
-*----------------****-----------------------------*------------****--------------------------------- -212.00m
-*--------------***--------------------------------*---------***------------------------------------- -320.00m
-*------------***-----------------------------------*------***--------------------------------------- -428.00m
-*-----------**--------------------------------------*---***----------------------------------------- -536.00m
-*---------**----------------------------------------*****------------------------------------------- -644.00m
-*--------**----------------------------------------------------------------------------------------- -752.00m
-*-------**------------------------------------------------------------------------------------------ -860.00m
--*-----*-------------------------------------------------------------------------------------------- -968.00m
--*----**---------------------------------------------------------------------------------------------   -1.08
---*--**----------------------------------------------------------------------------------------------   -1.18
---*-**-----------------------------------------------------------------------------------------------   -1.29
----*-------------------------------------------------------------------------------------------------   -1.40
0                                                                                                  20m        
                                                                                                              
