Transient analysis(0=V(10))                                                                                   
------------------***---------------------------------------------------------------------------------  770.0u
-----------------**--*--------------------------------------------------------------------------------  685.5u
-----------------*----*-------------------------------------------------------------------------------  601.0u
----------------*------*-------------------*****------------------------------------------------------  516.5u
---------------*-------*------------------**---**-----------------------------------------------------  432.0u
---------------*--------*----------------*------**-------------------*****----------------------------  347.5u
--------------*---------*---------------**-------*-----------------**-----*-------------------*****---  263.0u
--------------*----------*--------------*---------*---------------**-------**---------------***----**-  178.5u
--------------*----------*-------------*-----------*-------------**---------**-------------**--------*   94.0u
*------------*------------*------------*-----------*-------------*-----------**-----------**----------    9.5u
*============*============*===========*=============*===========*=============**=========*============  -75.0u
**----------*--------------*---------**--------------*--------**---------------**------**------------- -159.5u
-*---------*---------------*---------*---------------**------**-----------------***---**-------------- -244.0u
-**--------*----------------*-------*-----------------**----**--------------------****---------------- -328.5u
--*--------*----------------**------*------------------******----------------------------------------- -413.0u
--*-------*------------------*-----*------------------------------------------------------------------ -497.5u
--**------*-------------------**-**------------------------------------------------------------------- -582.0u
---*-----**--------------------***-------------------------------------------------------------------- -666.5u
---**---**-------------------------------------------------------------------------------------------- -751.0u
----**-**--------------------------------------------------------------------------------------------- -835.5u
-----***---------------------------------------------------------------------------------------------- -920.0u
0                                                                                                  20m        
                                                                                                              
AC analysis(0=V(10))                                                                                          
------------------------------------------------------------------------------------------------------   1.10m
------------------------------------------------------------------------------------------------------   1.05m
**************************************************************************************************---- 990.00u
------------------------------------------------------------------------------------------------------ 935.00u
------------------------------------------------------------------------------------------------------ 880.00u
------------------------------------------------------------------------------------------------------ 825.00u
------------------------------------------------------------------------------------------------------ 770.00u
------------------------------------------------------------------------------------------------------ 715.00u
------------------------------------------------------------------------------------------------------ 660.00u
------------------------------------------------------------------------------------------------------ 605.00u
------------------------------------------------------------------------------------------------------ 550.00u
------------------------------------------------------------------------------------------------------ 495.00u
------------------------------------------------------------------------------------------------------ 440.00u
------------------------------------------------------------------------------------------------------ 385.00u
------------------------------------------------------------------------------------------------------ 330.00u
------------------------------------------------------------------------------------------------------ 275.00u
------------------------------------------------------------------------------------------------------ 220.00u
------------------------------------------------------------------------------------------------------ 165.00u
------------------------------------------------------------------------------------------------------ 110.00u
------------------------------------------------------------------------------------------------------  55.00u
======================================================================================================       0
1                                                                                                  22k        
                                                                                                              
