Transient analysis(0=V(1))                                                                                    
---------------------------------------------------------------******************---------------------   98.0m
---------------------------------------------------------******------------------*****----------------   80.6m
-----------------------------------------------------****-----------------------------**--------------   63.2m
---------------------------------------------------**-----------------------------------**------------   45.8m
-------------------------------------------------**---------------------------------------**----------   28.4m
-----------------------------------------------**-------------------------------------------*---------   11.0m
**============================================*==============================================*========   -6.4m
-*-------------------------------------------*------------------------------------------------**------  -23.8m
--*----------------------------------------**---------------------------------------------------*-----  -41.2m
---*--------------------------------------*------------------------------------------------------**---  -58.6m
----*------------------------------------*---------------------------------------------------------***  -76.0m
-----*----------------------------------*-------------------------------------------------------------  -93.4m
------*--------------------------------*-------------------------------------------------------------- -110.8m
-------*-----------------------------**--------------------------------------------------------------- -128.2m
--------*---------------------------*----------------------------------------------------------------- -145.6m
---------*-------------------------*------------------------------------------------------------------ -163.0m
----------**---------------------**------------------------------------------------------------------- -180.4m
------------**-----------------**--------------------------------------------------------------------- -197.8m
--------------**-------------**----------------------------------------------------------------------- -215.2m
----------------***-------***------------------------------------------------------------------------- -232.6m
-------------------*******---------------------------------------------------------------------------- -250.0m
0                                                                                                  10m        
                                                                                                              
AC analysis(0=V(1))                                                                                           
------------------------------------------------------------------------------------------------------  280.0m
*********---------------------------------------------------------------------------------------------  266.0m
---------***------------------------------------------------------------------------------------------  252.0m
------------***---------------------------------------------------------------------------------------  238.0m
---------------*--------------------------------------------------------------------------------------  224.0m
----------------**------------------------------------------------------------------------------------  210.0m
------------------***---------------------------------------------------------------------------------  196.0m
---------------------*--------------------------------------------------------------------------------  182.0m
----------------------**------------------------------------------------------------------------------  168.0m
------------------------**----------------------------------------------------------------------------  154.0m
--------------------------***-------------------------------------------------------------------------  140.0m
-----------------------------**-----------------------------------------------------------------------  126.0m
-------------------------------***--------------------------------------------------------------------  112.0m
----------------------------------**------------------------------------------------------------------   98.0m
------------------------------------*****-------------------------------------------------------------   84.0m
-----------------------------------------****---------------------------------------------------------   70.0m
---------------------------------------------******---------------------------------------------------   56.0m
---------------------------------------------------*************--------------------------------------   42.0m
----------------------------------------------------------------****************----------------------   28.0m
--------------------------------------------------------------------------------******************----   14.0m
======================================================================================================       0
1                                                                                                  22k        
                                                                                                              
FFT analysis(0=V(1))                                                                                          
------------------------------------------------------------------------------------------------------  14.00m
-----------*------------------------------------------------------------------------------------------  13.30m
-----------*------------------------------------------------------------------------------------------  12.60m
-----------*------------------------------------------------------------------------------------------  11.90m
----------*-*-----------------------------------------------------------------------------------------  11.20m
----------*-*-----------------------------------------------------------------------------------------  10.50m
----------*-*-----------------------------------------------------------------------------------------   9.80m
----------*-*-----------------------------------------------------------------------------------------   9.10m
----------*-*-----------------------------------------------------------------------------------------   8.40m
----------*--*----------------------------------------------------------------------------------------   7.70m
----------*--*----------------------------------------------------------------------------------------   7.00m
----------*--*----------------------------------------------------------------------------------------   6.30m
----------*--*----------------------------------------------------------------------------------------   5.60m
----------*--*----------------------------------------------------------------------------------------   4.90m
----------*--*----------------------------------------------------------------------------------------   4.20m
---------*---*----------------------------------------------------------------------------------------   3.50m
---------*---*----------------------------------------------------------------------------------------   2.80m
---------*---*----------------------------------------------------------------------------------------   2.10m
--------*----*----------------------------------------------------------------------------------------   1.40m
***----**-----**-----****----------------------------------------------------------------------------- 700.29u
---****---------******---***************************************************************************** 310.00n
0                                                                                                   1k        
                                                                                                              
FFT analysis(0=V(1))                                                                                          
-------------*----------------------------------------------------------------------------------------   8.10m
----------*-**----------------------------------------------------------------------------------------   7.70m
----------*-**----------------------------------------------------------------------------------------   7.29m
----------*-**----------------------------------------------------------------------------------------   6.89m
---------*-*-*----------------------------------------------------------------------------------------   6.48m
---------*-*-*----------------------------------------------------------------------------------------   6.08m
---------*---*----------------------------------------------------------------------------------------   5.67m
---------*---*----------------------------------------------------------------------------------------   5.27m
---------*---*----------------------------------------------------------------------------------------   4.86m
---------*---*----------------------------------------------------------------------------------------   4.46m
---------*---*----------------------------------------------------------------------------------------   4.05m
--------*-----*---------------------------------------------------------------------------------------   3.65m
--------*-----*---------------------------------------------------------------------------------------   3.24m
--------*-----*---------------------------------------------------------------------------------------   2.84m
--------*-----*---------------------------------------------------------------------------------------   2.43m
--------*-----*---------------------------------------------------------------------------------------   2.03m
--------*-----*---------------------------------------------------------------------------------------   1.62m
-------*-------*--------------------------------------------------------------------------------------   1.22m
-------*-------*-------------------------------------------------------------------------------------- 810.68u
-***---*-------*-----*--**---------------------------------------------------------------------------- 405.72u
*---***---------********-***************************************************************************** 760.00n
0                                                                                                   1k        
                                                                                                              
