AC analysis(0=V(2))                                                                                           
----------------------**------------------------------------------------------------------------------    3.20
---------------------*-*------------------------------------------------------------------------------    3.04
---------------------*--*-----------------------------------------------------------------------------    2.88
--------------------*---*-----------------------------------------------------------------------------    2.72
-------------------*-----*----------------------------------------------------------------------------    2.56
------------------*------*----------------------------------------------------------------------------    2.40
------------------*-------*---------------------------------------------------------------------------    2.24
-----------------*--------*---------------------------------------------------------------------------    2.08
-----------------*---------*--------------------------------------------------------------------------    1.92
----------------*----------*--------------------------------------------------------------------------    1.76
---------------*------------*-------------------------------------------------------------------------    1.60
-------------**--------------*------------------------------------------------------------------------    1.44
----------***-----------------*-----------------------------------------------------------------------    1.28
-----******--------------------*----------------------------------------------------------------------    1.12
******--------------------------**-------------------------------------------------------------------- 960.00m
----------------------------------**------------------------------------------------------------------ 800.00m
------------------------------------**---------------------------------------------------------------- 640.00m
--------------------------------------*****----------------------------------------------------------- 480.00m
-------------------------------------------***********------------------------------------------------ 320.00m
------------------------------------------------------*******************************----------------- 160.00m
=====================================================================================*************====       0
1                                                                                                  22k        
                                                                                                              
AC analysis(0=V(2))                                                                                           
------------------------------------------------------------------------------------------------------   1.500
--------------**--------------------------------------------------------------------------------------   1.425
------------**-*--------------------------------------------------------------------------------------   1.350
-----------**--*--------------------------------------------------------------------------------------   1.275
---------**-----*-------------------------------------------------------------------------------------   1.200
-------***------*-------------------------------------------------------------------------------------   1.125
---*****---------*------------------------------------------------------------------------------------   1.050
****-------------*----------------------------------------------------------------------------------- 975.000m
------------------*---------------------------------------------------------------------------------- 900.000m
------------------*---------------------------------------------------------------------------------- 825.000m
------------------*---------------------------------------------------------------------------------- 750.000m
-------------------*--------------------------------------------------------------------------------- 675.000m
-------------------*--------------------------------------------------------------------------------- 600.000m
--------------------*-------------------------------------------------------------------------------- 525.000m
---------------------*---------------------*******************************************************--- 450.000m
---------------------*----------***********---------------------------------------------------------- 375.000m
----------------------**---*****--------------------------------------------------------------------- 300.000m
------------------------***-------------------------------------------------------------------------- 225.000m
----------------------------------------------------------------------------------------------------- 150.000m
------------------------------------------------------------------------------------------------------ 75.000m
======================================================================================================       0
1                                                                                                  22k        
                                                                                                              
