Transient analysis(0=V(5))                                                                                    
-------------------**------------------------**-----------------------**------------------------**----  140.0m
-----------------**-**---------------------**-**---------------------**-**---------------------**-**--  126.0m
-----------------*----*--------------------*----*-------------------*----*--------------------*----*--  112.0m
----------------*-----*-------------------*-----*-------------------*-----*-------------------*-----*-   98.0m
----------------*------*------------------*------*-----------------*------*------------------*------*-   84.0m
---------------*-------*-----------------*-------*-----------------*-------*-----------------*-------*   70.0m
---------------*--------*----------------*--------*---------------*--------*----------------*---------   56.0m
--------------*---------*---------------*---------*---------------*---------*---------------*---------   42.0m
--------------*----------*--------------*----------*-------------*----------*--------------*----------   28.0m
-------------*-----------*-------------*-----------*-------------*-----------*-------------*----------   14.0m
*============*============*============*============*===========*============*============*===========       0
**----------*-------------*-----------*-------------*-----------*-------------*-----------*-----------  -14.0m
-*----------*-------------*-----------*-------------*----------*--------------*----------*------------  -28.0m
-*---------*---------------*---------*---------------*---------*--------------*----------*------------  -42.0m
--*--------*---------------*---------*---------------*---------*---------------*---------*------------  -56.0m
--*--------*----------------*--------*----------------*-------*----------------*--------*-------------  -70.0m
---*------*-----------------*------**-----------------*-------*-----------------*-------*-------------  -84.0m
---**----*-------------------*-----*-------------------*-----*------------------**----**--------------  -98.0m
----*----*--------------------*---*---------------------*---*--------------------*----*--------------- -112.0m
-----****---------------------*****---------------------*****---------------------****---------------- -126.0m
------------------------------------------------------------------------------------------------------ -140.0m
0                                                                                                  20m        
                                                                                                              
Output swing 268.2m
