error: this is not an error, just testing error function
Transient analysis(0=V(1))                                                                                    
------------------------------------------------------------------------------------------------------ 9.00000
------------------------------------------------------------------------------------------------------ 9.00000
------------------------------------------------------------------------------------------------------ 9.00000
------------------------------------------------------------------------------------------------------ 9.00000
------------------------------------------------------------------------------------------------------ 9.00000
------------------------------------------------------------------------------------------------------ 9.00000
------------------------------------------------------------------------------------------------------ 9.00000
------------------------------------------------------------------------------------------------------ 9.00000
------------------------------------------------------------------------------------------------------ 9.00000
------------------------------------------------------------------------------------------------------ 9.00000
****************************************************************************************************** 9.00000
------------------------------------------------------------------------------------------------------ 9.00000
------------------------------------------------------------------------------------------------------ 9.00000
------------------------------------------------------------------------------------------------------ 9.00000
------------------------------------------------------------------------------------------------------ 9.00000
------------------------------------------------------------------------------------------------------ 9.00000
------------------------------------------------------------------------------------------------------ 9.00000
------------------------------------------------------------------------------------------------------ 9.00000
------------------------------------------------------------------------------------------------------ 9.00000
------------------------------------------------------------------------------------------------------ 9.00000
------------------------------------------------------------------------------------------------------ 9.00000
0                                                                                                  20m        
                                                                                                              
exit(13)
