Transient analysis(0=V(3))                                                                                    
---------------------*********------------------------------------------------------------------------    3.70
-------------*********--------********----------------------------------------------------------------    3.47
---------*****------------------------****------------------------------------------------------------    3.24
------****--------------------------------***---------------------------------------------------------    3.01
----***--------------------------------------**-------------------------------------------------------    2.78
---**------------------------------------------*------------------------------------------------------    2.55
--**--------------------------------------------*-----------------------------------------------------    2.32
--*----------------------------------------------*----------------------------------------------------    2.09
--*----------------------------------------------*----------------------------------------------------    1.86
-*-----------------------------------------------*----------------------------------------------------    1.63
-*-----------------------------------------------*----------------------------------------------------    1.40
-*------------------------------------------------*---------------------------------------------------    1.16
-*------------------------------------------------*--------------------------------------------------- 934.00m
*-------------------------------------------------*--------------------------------------------------- 703.50m
*-------------------------------------------------*--------------------------------------------------- 473.00m
*-------------------------------------------------*--------------------------------------------------- 242.50m
*--------------------------------------------------*-------------------------------------------------*  12.00m
===================================================*=================================================*-218.50m
---------------------------------------------------*-------------------------------------------------*-449.00m
---------------------------------------------------**----------------------------------------------** -679.50m
-----------------------------------------------------***********************************************- -910.00m
0                                                                                                  20m        
                                                                                                              
Transient analysis(0=V(3))                                                                                    
------------------------------------------------------------------------------------------------------   11.00
------------------------------------------------------------------------------------------------------   10.40
---------*********************************------------------------------------------------------------    9.81
--------**--------------------------------**----------------------------------------------------------    9.21
-------*------------------------------------*---------------------------------------------------------    8.62
-------*------------------------------------*---------------------------------------------------------    8.02
------*--------------------------------------*--------------------------------------------------------    7.42
------*--------------------------------------*--------------------------------------------------------    6.83
-----*----------------------------------------*-------------------------------------------------------    6.23
-----*----------------------------------------*-------------------------------------------------------    5.64
----*------------------------------------------*------------------------------------------------------    5.04
----*------------------------------------------*------------------------------------------------------    4.44
---*--------------------------------------------*-----------------------------------------------------    3.85
---*--------------------------------------------*-----------------------------------------------------    3.25
--*---------------------------------------------*-----------------------------------------------------    2.66
--*----------------------------------------------*----------------------------------------------------    2.06
-*-----------------------------------------------*----------------------------------------------------    1.46
-*------------------------------------------------*--------------------------------------------------- 868.00m
*-------------------------------------------------*--------------------------------------------------* 272.00m
===================================================*=================================================*-324.00m
---------------------------------------------------************************************************** -920.00m
0                                                                                                  20m        
                                                                                                              
