Transient analysis(0=V(9))                                                                                    
-----------------**-----------------------------------------------------------------------------------  220.0m
----------------*--*----------------------****----------------------***-----------------------****----  198.5m
---------------*----*--------------------**---*--------------------*---*---------------------*---*----  177.0m
--------------*------*-------------------*----**------------------*-----*-------------------**----*---  155.5m
--------------*------*------------------*------*------------------*------*------------------*------*--  134.0m
-------------*--------*-----------------*-------*----------------*-------*-----------------*-------*--  112.5m
-------------*--------*----------------*--------*----------------*--------*----------------*--------*-   91.0m
------------*----------*---------------*---------*--------------*---------*---------------*---------*-   69.5m
------------*----------*--------------*----------*--------------*----------*--------------*----------*   48.0m
-----------*------------*-------------*-----------*------------*-----------*-------------*-----------*   26.5m
*----------*------------*------------*------------*------------*-----------*-------------*------------    5.0m
*=========*==============*===========*============*===========*=============*===========*=============  -16.5m
-*--------*--------------*----------*--------------*----------*-------------*-----------*-------------  -38.0m
-*-------*---------------*----------*--------------*----------*--------------*----------*-------------  -59.5m
--*------*----------------*--------*----------------*--------*---------------*---------*--------------  -81.0m
--*-----*-----------------*--------*----------------*--------*----------------*-------*--------------- -102.5m
---*---**------------------*------*------------------*------*-----------------*-------*--------------- -124.0m
----*-**-------------------**----**------------------*------*------------------*-----*---------------- -145.5m
-----**---------------------*----*--------------------*----*-------------------**---**---------------- -167.0m
-----------------------------****----------------------*--*---------------------**-**----------------- -188.5m
------------------------------**------------------------**-----------------------***------------------ -210.0m
0                                                                                                  20m        
                                                                                                              
Gain 209.496
Current 794u
Maximizing gain...  1369 attempts
R1=3.3k R2=100k  Gain=213.17074490360764
R1=3.3k R2=150k  Gain=215.38879442431215
R1=4.7k R2=100k  Gain=217.29318287133972
R1=4.7k R2=150k  Gain=222.62582266911517
R1=6.8k R2=150k  Gain=224.10874725991948
Object (3 keys): (Object #1.1)
    "r1": number = 6800
    "r2": number = 150000
    "gain": number = 224.10874725991948
Gain of common emitter depending on R1, R2                                                                    
0--0--0--0-0--0--0--0--0--0-0--0--0--0-0--0--0--0--0-1--1--1--1--1-1--1--1--1--0-0--0--0--0--0-0--0--0   10.0M
0--0--0--0-0--0--0--0--0--0-0--0--0--0-0--0--0--1--1-1--2--2--2--2-2--1--1--1--0-0--0--0--0--0-0--0--0    9.8M
0--0--0--0-0--0--0--0--0--0-0--0--0--0-0--1--1--1--2-2--3--3--3--3-2--2--1--1--1-0--0--0--0--0-0--0--0    9.5M
0--0--0--0-0--0--0--0--0--0-0--0--0--0-1--1--1--2--3-3--3--4--3--3-3--2--1--1--1-0--0--0--0--0-0--0--0    9.3M
0--0--0--0-0--0--0--0--0--0-0--0--0--1-1--2--2--3--4-4--4--4--4--3-3--2--2--1--1-0--0--0--0--0-0--0--0    9.0M
------------------------------------------------------------------------------------------------------    8.8M
0--0--0--0-0--0--0--0--0--0-0--0--1--1-2--3--4--4--5-5--5--5--4--4-3--2--2--1--1-0--0--0--0--0-0--0--0    8.5M
0--0--0--0-0--0--0--0--0--0-1--1--2--2-3--4--5--5--6-6--6--5--5--4-3--2--2--1--1-0--0--0--0--0-0--0--0    8.3M
0--0--0--0-0--0--0--0--0--1-1--2--2--3-4--5--6--6--7-7--6--6--5--4-3--2--2--1--1-0--0--0--0--0-0--0--0    8.0M
0--0--0--0-0--0--0--0--1--1-2--2--3--4-5--6--7--7--7-7--7--6--5--4-3--2--2--1--1-0--0--0--0--0-0--0--0    7.8M
0--0--0--0-0--0--0--1--1--2-2--3--4--5-6--7--8--8--8-8--7--6--5--4-3--2--2--1--1-0--0--0--0--0-0--0--0    7.6M
0--0--0--0-0--0--1--1--2--2-3--4--5--6-7--8--8--8--8-8--7--6--5--4-3--2--1--1--1-0--0--0--0--0-0--0--0    7.3M
0--0--0--0-0--0--1--1--2--3-4--5--6--7-8--8--8--9--8-8--7--6--5--4-3--2--1--1--0-0--0--0--0--0-0--0--0    7.1M
------------------------------------------------------------------------------------------------------    6.8M
0--0--0--0-0--1--1--2--2--3-4--5--6--7-8--8--8--8--8-7--7--6--5--4-3--2--1--1--0-0--0--0--0--0-0--0--0    6.6M
0--0--0--0-0--1--1--2--3--4-4--5--6--7-7--7--8--7--7-7--6--5--4--3-2--2--1--1--0-0--0--0--0--0-0--0--0    6.3M
0--0--0--0-1--1--1--2--3--4-4--5--6--6-6--6--6--6--6-6--5--4--4--3-2--1--1--0--0-0--0--0--0--0-0--0--0    6.1M
0--0--0--0-1--1--1--2--3--3-4--4--5--5-5--5--5--5--5-5--4--4--3--2-2--1--1--0--0-0--0--0--0--0-0--0--0    5.9M
0--0--0--0-1--1--1--2--2--3-3--3--4--4-4--4--4--4--4-3--3--3--2--2-1--1--0--0--0-0--0--0--0--0-0--0--0    5.6M
0--0--0--0-0--1--1--1--2--2-2--2--3--3-3--3--3--3--3-2--2--2--2--1-1--0--0--0--0-0--0--0--0--0-0--0--0    5.4M
0--0--0--0-0--1--1--1--1--1-2--2--2--2-2--2--2--2--2-2--1--1--1--1-0--0--0--0--0-0--0--0--0--0-0--0--0    5.1M
------------------------------------------------------------------------------------------------------    4.9M
0--0--0--0-0--0--1--1--1--1-1--1--1--1-1--1--1--1--1-1--1--1--1--0-0--0--0--0--0-0--0--0--0--0-0--0--0    4.6M
0--0--0--0-0--0--0--0--0--1-1--1--1--1-1--1--1--1--1-0--0--0--0--0-0--0--0--0--0-0--0--0--0--0-0--0--0    4.4M
0--0--0--0-0--0--0--0--0--0-0--0--0--0-0--0--0--0--0-0--0--0--0--0-0--0--0--0--0-0--0--0--0--0-0--0--0    4.1M
0--0--0--0-0--0--0--0--0--0-0--0--0--0-0--0--0--0--0-0--0--0--0--0-0--0--0--0--0-0--0--0--0--0-0--0--0    3.9M
0--0--0--0-0--0--0--0--0--0-0--0--0--0-0--0--0--0--0-0--0--0--0--0-0--0--0--0--0-0--0--0--0--0-0--0--0    3.7M
0--0--0--0-0--0--0--0--0--0-0--0--0--0-0--0--0--0--0-0--0--0--0--0-0--0--0--0--0-0--0--0--0--0-0--0--0    3.4M
0--0--0--0-0--0--0--0--0--0-0--0--0--0-0--0--0--0--0-0--0--0--0--0-0--0--0--0--0-0--0--0--0--0-0--0--0    3.2M
------------------------------------------------------------------------------------------------------    2.9M
0--0--0--0-0--0--0--0--0--0-0--0--0--0-0--0--0--0--0-0--0--0--0--0-0--0--0--0--0-0--0--0--0--0-0--0--0    2.7M
0--0--0--0-0--0--0--0--0--0-0--0--0--0-0--0--0--0--0-0--0--0--0--0-0--0--0--0--0-0--0--0--0--0-0--0--0    2.4M
0--0--0--0-0--0--0--0--0--0-0--0--0--0-0--0--0--0--0-0--0--0--0--0-0--0--0--0--0-0--0--0--0--0-0--0--0    2.2M
0--0--0--0-0--0--0--0--0--0-0--0--0--0-0--0--0--0--0-0--0--0--0--0-0--0--0--0--0-0--0--0--0--0-0--0--0    2.0M
0--0--0--0-0--0--0--0--0--0-0--0--0--0-0--0--0--0--0-0--0--0--0--0-0--0--0--0--0-0--0--0--0--0-0--0--0    1.7M
0--0--0--0-0--0--0--0--0--0-0--0--0--0-0--0--0--0--0-0--0--0--0--0-0--0--0--0--0-0--0--0--0--0-0--0--0    1.5M
0--0--0--0-0--0--0--0--0--0-0--0--0--0-0--0--0--0--0-0--0--0--0--0-0--0--0--0--0-0--0--0--0--0-0--0--0    1.2M
0--0--0--0-0--0--0--0--0--0-0--0--0--0-0--0--0--0--0-0--0--0--0--0-0--0--0--0--0-0--0--0--0--0-0--0--0  975.6k
------------------------------------------------------------------------------------------------------  731.7k
0--0--0--0-0--0--0--0--0--0-0--0--0--0-0--0--0--0--0-0--0--0--0--0-0--0--0--0--0-0--0--0--0--0-0--0--0  487.8k
0--0--0--0-0--0--0--0--0--0-0--0--0--0-0--0--0--0--0-0--0--0--0--0-0--0--0--0--0-0--0--0--0--0-0--0--0  243.9k
0--0--0--0-0--0--0--0--0--0-0--0--0--0-0--0--0--0--0-0--0--0--0--0-0--0--0--0--0-0--0--0--0--0-0--0--0    10.0
10                                                                                                 10M        
                                                                                                              
warn: gif(maximize_gain.gif,canvases,delay) - not saving gif because of the --no-gif param (perhaps a unit test?)
