ac 28 ms
ac_fast 2 ms
0.300,0.532,0.686
AC analysis(0=V(2))                                                                                           
------------------------------------------------------------------------------------------00000000----  800.0m
--------------------------------------------------------------------------------0000000000------------  760.0m
------------------------------------------------------------------------00000000----------------------  720.0m
----------------------------------------------------------------00011100------------------------------  680.0m
---------------------------------------------------------0000111111-----------------------------------  640.0m
------------------------------------------------------0111111-----------------------------------------  600.0m
------------------------------------------------0111111-----------------------------------------------  560.0m
-------------------------------------------001111-----------------------------------------------------  520.0m
--------------------------------------0001111---------------------------------------------------------  480.0m
----------------------------------0001111-------------------------------------------------------------  440.0m
-------------------------------001111-----------------------------------------------------------------  400.0m
---------------------------001111---------------------------------------------------------------------  360.0m
-----------------------001111-------------------------------------------------------------------------  320.0m
---------------------0011-----------------------------------------------------------------------------  280.0m
-----------------0000---------------------------------------------------------------------------------  240.0m
--------------000-------------------------------------------------------------------------------------  200.0m
-----------000----------------------------------------------------------------------------------------  160.0m
--------000-------------------------------------------------------------------------------------------  120.0m
-----000----------------------------------------------------------------------------------------------   80.0m
--000-------------------------------------------------------------------------------------------------   40.0m
00====================================================================================================       0
1                                                                                                  22k        
                                                                                                              
