Transient analysis(0=V(3))                                                                                    
-*----------------------------------------------------------------------------------------------------   90.0m
-**---------------------------------------------------------------------------------------------------   85.5m
-**---------------------------------------------------------------------------------------------------   81.0m
-**-*-------------------------------------------------------------------------------------------------   76.5m
-**-*-------------------------------------------------------------------------------------------------   72.0m
-****-------------------------------------------------------------------------------------------------   67.5m
-****-**----------------------------------------------------------------------------------------------   63.0m
-****-**----------------------------------------------------------------------------------------------   58.5m
-*******-*--------------------------------------------------------------------------------------------   54.0m
*-**-***-*--------------------------------------------------------------------------------------------   49.5m
*-**-*****-**-----------------------------------------------------------------------------------------   45.0m
*-**-****-***-----------------------------------------------------------------------------------------   40.5m
*-**-****-***-*---------------------------------------------------------------------------------------   36.0m
*-**-****-***-****------------------------------------------------------------------------------------   31.5m
*-**-****-********-**---------------------------------------------------------------------------------   27.0m
*-**-*-**-****-***-**-*-------------------------------------------------------------------------------   22.5m
*-**-*-**-****-********-**----------------------------------------------------------------------------   18.0m
*-**-*--*-**-*-**-****-********-----------------------------------------------------------------------   13.5m
*-**-*--*-**-*-**-*-**-****-********-**---------------------------------------------------------------    9.0m
*--*-*--*-*--*-**-*-**-*-**-****-****************-****------------------------------------------------    4.5m
*==*=*==*=*==*=**=*==*=*==*=*==*=**=*=**=****=********************************************************   -1.6u
0                                                                                                 100m        
                                                                                                              
