AC for different hi-mid pot positions (other pots 0%)(0=0% 1=10% 2=20% 3=30% 4=40% 5=50% 6=60% 7=70% 8=80% 9=9
------------------------------------------------------------------------------------------------------  11.00m
---------------------1010101010----------------------------------------------------------------------------  10.45m
------------------1010106323310---------------------------------------------------------------------------   9.90m
---------------1010104110--0011010-------------------------------------------------------------------------   9.35m
-------------101010310--------1410------------------------------------------------------------------------   8.80m
----------101010631-------------410-----------------------------------------------------------------------   8.25m
-------1010107210----------------110----------------------------------------------------------------------   7.70m
-----10108310--------------------10----------------------------------------------------------------------   7.15m
----1010300----------------------01010--------------------------------------------------------------------   6.60m
---101030-------------------------0510-------------------------------------------------------------------   6.05m
---1040----------------------------510------------------------------------------------------------------   5.50m
--10100------------------------------01010----------------------------------------------------------------   4.95m
--102--------------------------------02101010-------------------------------------------------------------   4.40m
-1010-----------------------------------0261010-----------------------------------------------------------   3.85m
10102--------------------------------------661010---------------------------------------------------------   3.30m
107-----------------------------------------55101010------------------------------------------------------   2.75m
100-------------------------------------------111101010---------------------------------------------------   2.20m
10--------------------------------------------------101010101010---------------------------------------------   1.65m
10--------------------------------------------------------1010101010101010101010----------------------------------   1.10m
10-------------------------------------------------------------------101010101010101010101010101010101010101010101010101010101010---- 550.00u
2==============================================================================================000====       0
1                                                                                                  22k        
                                                                                                              
warn: gif(chart_himid_0.gif,canvases,delay) - not saving gif because of the --no-gif param (perhaps a unit test?)
AC for different lo-mid pot positions (other pots 0%)(0=0% 1=10% 2=20% 3=30% 4=40% 5=50% 6=60% 7=70% 8=80% 9=9
---------------------01100----------------------------------------------------------------------------   9.70m
------------------022344332---------------------------------------------------------------------------   9.22m
----------------023445665541--------------------------------------------------------------------------   8.73m
--------------034566677777643-------------------------------------------------------------------------   8.24m
-----------02345677888888886631-----------------------------------------------------------------------   7.76m
---------13456678889999999987641----------------------------------------------------------------------   7.28m
-------2456778899910101010101010101099774----------------------------------------------------------------------   6.79m
-----1567889999101010---------10109871---------------------------------------------------------------------   6.30m
-----79910101010101010--------------1010853--------------------------------------------------------------------   5.82m
----10101010-----------------------10873-------------------------------------------------------------------   5.33m
--101010--------------------------109975------------------------------------------------------------------   4.85m
1010109----------------------------10109854----------------------------------------------------------------   4.37m
1099-------------------------------101088543-------------------------------------------------------------   3.88m
1086---------------------------------101088833-----------------------------------------------------------   3.40m
106------------------------------------1010108833---------------------------------------------------------   2.91m
103---------------------------------------101099555------------------------------------------------------   2.43m
10------------------------------------------1010101010777---------------------------------------------------   1.94m
10-----------------------------------------------101010101010888000------------------------------------------   1.46m
10-----------------------------------------------------1010101010101010101088881111------------------------------ 970.00u
10---------------------------------------------------------------10101010101010101010101010101010101010101010101010101010101010777---- 485.00u
10==============================================================================================101010====       0
1                                                                                                  22k        
                                                                                                              
warn: gif(chart_lomid_0.gif,canvases,delay) - not saving gif because of the --no-gif param (perhaps a unit test?)
AC for different treble pot positions (other pots 0%)(0=0% 1=10% 2=20% 3=30% 4=40% 5=50% 6=60% 7=70% 8=80% 9=9
------------------------------------------------------------------------------------------------------  16.00m
----------------------1010101010---------------------------------------------------------------------------  15.20m
-------------------101010-999-1010-------------------------------------------------------------------------  14.40m
------------------10--998--9--10------------------------------------------------------------------------  13.60m
----------------101099988-88899-10-----------------------------------------------------------------------  12.80m
---------------1099888777777889910----------------------------------------------------------------------  12.00m
-------------1010987766665666778810----------------------------------------------------------------------  11.20m
------------1099876655544445667791010--------------------------------------------------------------------  10.40m
----------1010987654433322334556689910-------------------------------------------------------------------   9.60m
---------10977554321-------13355788910------------------------------------------------------------------   8.80m
-------10108644221-------------33577891010----------------------------------------------------------------   8.00m
------1096320-------------------4567899101010-------------------------------------------------------------   7.20m
-----1081------------------------4466889991010-----------------------------------------------------------   6.40m
----1010----------------------------4466888991010---------------------------------------------------------   5.60m
---1010-------------------------------446668899101010------------------------------------------------------   4.80m
--1010----------------------------------4446688999101010---------------------------------------------------   4.00m
-1010--------------------------------------4455777999101010101010---------------------------------------------   3.20m
1010-----------------------------------------2244466688899910101010101010--------------------------------------   2.40m
10-----------------------------------------------222444666777999910101010101010101010101010101010----------------------   1.60m
10--------------------------------------------------------22233335555666688889999101010101010101010101010101010101010---- 800.00u
10====================================================================================2222233333444====       0
1                                                                                                  22k        
                                                                                                              
warn: gif(chart_treble_0.gif,canvases,delay) - not saving gif because of the --no-gif param (perhaps a unit test?)
AC for different bass pot positions (other pots 0%)(0=0% 1=10% 2=20% 3=30% 4=40% 5=50% 6=60% 7=70% 8=80% 9=90%
---------------------00000----------------------------------------------------------------------------   9.70m
------------------00010101010103---------------------------------------------------------------------------   9.22m
1010--------------00101010-----102--------------------------------------------------------------------------   8.73m
1010------------00710---------1010-------------------------------------------------------------------------   8.24m
1010---------00011010------------100-----------------------------------------------------------------------   7.76m
101010------00-31010---------------100----------------------------------------------------------------------   7.28m
10610----00161010------------------10----------------------------------------------------------------------   6.79m
10310--01161010---------------------10---------------------------------------------------------------------   6.30m
10-101012101010------------------------10--------------------------------------------------------------------   5.82m
101110101010---------------------------10-------------------------------------------------------------------   5.33m
10--0-------------------------------10------------------------------------------------------------------   4.85m
10--0--------------------------------1010----------------------------------------------------------------   4.37m
10-0-----------------------------------101010-------------------------------------------------------------   3.88m
10-0--------------------------------------1010-----------------------------------------------------------   3.40m
100-----------------------------------------1010---------------------------------------------------------   2.91m
100-------------------------------------------101010------------------------------------------------------   2.43m
10-----------------------------------------------101010---------------------------------------------------   1.94m
10--------------------------------------------------101010101010000------------------------------------------   1.46m
10--------------------------------------------------------101010101010101010101010101010------------------------------ 970.00u
1-----------------------------------------------------------------------1010101010101010101010101010101010101010101010101010---- 485.00u
0=====================================================================================================       0
1                                                                                                  22k        
                                                                                                              
warn: gif(chart_bass_0.gif,canvases,delay) - not saving gif because of the --no-gif param (perhaps a unit test?)
AC for different hi-mid pot positions (other pots 25%)(0=0% 1=10% 2=20% 3=30% 4=40% 5=50% 6=60% 7=70% 8=80% 9=
10-----------------------------------------------------------------------------------------------------  15.00m
1010----------------------------------------------------------------------------------------------------  14.25m
1010----------------------------------------------------------------------------------------------------  13.50m
1010----------------------------------------------------------------------------------------------------  12.75m
1010----------------------------------------------------------------------------------------------------  12.00m
1010----------------------------------------------------------------------------------------------------  11.25m
101010---------------------------------------------------------------------------------------------------  10.50m
10610------------------101010101010---------------------------------------------------------------------------   9.75m
10310--------------101010102101161010-------------------------------------------------------------------------   9.00m
10210-----------10101020--------221010-----------------------------------------------------------------------   8.25m
100810-------10101061-------------2310----------------------------------------------------------------------   7.50m
100210----10101041------------------10----------------------------------------------------------------------   6.75m
10-0610101010101----------------------1010--------------------------------------------------------------------   6.00m
10--0110---------------------------1010------------------------------------------------------------------   5.25m
10-----------------------------------1010----------------------------------------------------------------   4.50m
10-------------------------------------1010101010-----------------------------------------------------------   3.75m
10----------------------------------------771010---------------------------------------------------------   3.00m
10--------------------------------------------101010101010---------------------------------------------------   2.25m
8--------------------------------------------------101010101010101010------------------------------------------   1.50m
1-----------------------------------------------------------1010101010101010101010101010101010101010101010101010101010101010101010------- 750.00u
==========================================================================================11111101010====       0
1                                                                                                  22k        
                                                                                                              
warn: gif(chart_himid_25.gif,canvases,delay) - not saving gif because of the --no-gif param (perhaps a unit test?)
AC for different lo-mid pot positions (other pots 25%)(0=0% 1=10% 2=20% 3=30% 4=40% 5=50% 6=60% 7=70% 8=80% 9=
------------------------------------------------------------------------------------------------------  17.00m
1010----------------------------------------------------------------------------------------------------  16.15m
1010----------------------------------------------------------------------------------------------------  15.30m
1010----------------------------------------------------------------------------------------------------  14.45m
101010---------------------------------------------------------------------------------------------------  13.60m
10910---------------------------------------------------------------------------------------------------  12.75m
10810---------------------------------------------------------------------------------------------------  11.90m
1071010--------------------------------------------------------------------------------------------------  11.05m
106910------------------0100----------------------------------------------------------------------------  10.20m
104810-------------023345555300-------------------------------------------------------------------------   9.35m
10271010---------03455667777765510-----------------------------------------------------------------------   8.50m
1005910-----0134567788899999988660----------------------------------------------------------------------   7.65m
10-37910-0235577889991010101010101010998860---------------------------------------------------------------------   6.80m
10--47101067889991010101010--------10101010966--------------------------------------------------------------------   5.95m
10-----910101010101010-----------------10997700----------------------------------------------------------------   5.10m
10-------------------------------1010101088333-------------------------------------------------------------   4.25m
10-----------------------------------101099966-----------------------------------------------------------   3.40m
10-------------------------------------10101010101010777------------------------------------------------------   2.55m
10--------------------------------------------101010101010101010888111------------------------------------------   1.70m
------------------------------------------------------10101010101010101010101010101010101010101010101010109999955555------------ 850.00u
================================================================================101010101010101010101010101010101010====       0
1                                                                                                  22k        
                                                                                                              
warn: gif(chart_lomid_25.gif,canvases,delay) - not saving gif because of the --no-gif param (perhaps a unit test?)
AC for different treble pot positions (other pots 25%)(0=0% 1=10% 2=20% 3=30% 4=40% 5=50% 6=60% 7=70% 8=80% 9=
-----------------------101010----------------------------------------------------------------------------  15.00m
---------------------1010---1010--------------------------------------------------------------------------  14.25m
-------------------1010-99999-10-------------------------------------------------------------------------  13.50m
------------------1099988888991010-----------------------------------------------------------------------  12.75m
----------------1010988877777889-10----------------------------------------------------------------------  12.00m
10--------------1099877766666778910----------------------------------------------------------------------  11.25m
1010------------1010877666555556678910---------------------------------------------------------------------  10.50m
1010----------1010987655544444455678910--------------------------------------------------------------------   9.75m
10104--------10108775443321122344567891010------------------------------------------------------------------   9.00m
10-10-------1098655321--------22446789910-----------------------------------------------------------------   8.25m
10-10------10965432-------------225668891010---------------------------------------------------------------   7.50m
10-1010---10108532------------------355678991010-------------------------------------------------------------   6.75m
10--1076101041----------------------3355778991010-----------------------------------------------------------   6.00m
10--10101010---------------------------3355777991010---------------------------------------------------------   5.25m
10-----------------------------------335557799101010------------------------------------------------------   4.50m
10-------------------------------------3335577999101010---------------------------------------------------   3.75m
10----------------------------------------2255666888101010101010---------------------------------------------   3.00m
10--------------------------------------------3335557778881010101010101010101010----------------------------------   2.25m
10--------------------------------------------------33355566688889999101010101010101010101010----------------------   1.50m
------------------------------------------------------------22224444555577778888101010101010101010101010101010101010---- 750.00u
=====================================================================================1111122222333====       0
1                                                                                                  22k        
                                                                                                              
warn: gif(chart_treble_25.gif,canvases,delay) - not saving gif because of the --no-gif param (perhaps a unit test?)
AC for different bass pot positions (other pots 25%)(0=0% 1=10% 2=20% 3=30% 4=40% 5=50% 6=60% 7=70% 8=80% 9=90
------------------------------------------------------------------------------------------------------  15.00m
1010----------------------------------------------------------------------------------------------------  14.25m
1010----------------------------------------------------------------------------------------------------  13.50m
1010----------------------------------------------------------------------------------------------------  12.75m
1010----------------------------------------------------------------------------------------------------  12.00m
1010----------------------------------------------------------------------------------------------------  11.25m
1010----------------------------------------------------------------------------------------------------  10.50m
10710---------------0001101010100---------------------------------------------------------------------------   9.75m
10310------------00210101010----1033-------------------------------------------------------------------------   9.00m
10210-------00001101010---------1010100-----------------------------------------------------------------------   8.25m
1011010---0000110101010--------------100----------------------------------------------------------------------   7.50m
10-210-001210101010------------------10----------------------------------------------------------------------   6.75m
10--1010310101010----------------------1010--------------------------------------------------------------------   6.00m
10--0101010---------------------------1010------------------------------------------------------------------   5.25m
10-00--------------------------------1010----------------------------------------------------------------   4.50m
1000-----------------------------------101010-------------------------------------------------------------   3.75m
100---------------------------------------10101010---------------------------------------------------------   3.00m
10--------------------------------------------101010101010---------------------------------------------------   2.25m
8--------------------------------------------------101010101010101010------------------------------------------   1.50m
1-----------------------------------------------------------1010101010101010101010101010101010101010101010101010101010101010101010------- 750.00u
0==============================================================================================101010====       0
1                                                                                                  22k        
                                                                                                              
warn: gif(chart_bass_25.gif,canvases,delay) - not saving gif because of the --no-gif param (perhaps a unit test?)
AC for different hi-mid pot positions (other pots 50%)(0=0% 1=10% 2=20% 3=30% 4=40% 5=50% 6=60% 7=70% 8=80% 9=
10-----------------------------------------------------------------------------------------------------   21.0m
10-----------------------------------------------------------------------------------------------------   20.0m
1010----------------------------------------------------------------------------------------------------   18.9m
1010----------------------------------------------------------------------------------------------------   17.9m
1010----------------------------------------------------------------------------------------------------   16.8m
1010----------------------------------------------------------------------------------------------------   15.8m
1010----------------------------------------------------------------------------------------------------   14.7m
1010----------------------------------------------------------------------------------------------------   13.7m
10810---------------------------------------------------------------------------------------------------   12.6m
10410---------------------------------------------------------------------------------------------------   11.6m
10210-------------------10101010----------------------------------------------------------------------------   10.5m
10110--------------10101010103222101010-------------------------------------------------------------------------    9.4m
100810----------10101050--------001010-----------------------------------------------------------------------    8.4m
10-110-------10101070---------------101010--------------------------------------------------------------------    7.4m
10-01010---1010101--------------------551010------------------------------------------------------------------    6.3m
10--0101010101-------------------------111010----------------------------------------------------------------    5.3m
10-------------------------------------1010101010-----------------------------------------------------------    4.2m
10----------------------------------------111010101010------------------------------------------------------    3.1m
8--------------------------------------------000101010101010101010---------------------------------------------    2.1m
2--------------------------------------------------------101010101010101010101010101010101010101010101010101010101010101010------------    1.1m
==========================================================================================1010101010101010====       0
1                                                                                                  22k        
                                                                                                              
warn: gif(chart_himid_50.gif,canvases,delay) - not saving gif because of the --no-gif param (perhaps a unit test?)
AC for different lo-mid pot positions (other pots 50%)(0=0% 1=10% 2=20% 3=30% 4=40% 5=50% 6=60% 7=70% 8=80% 9=
10-----------------------------------------------------------------------------------------------------   22.0m
1010----------------------------------------------------------------------------------------------------   20.9m
1010----------------------------------------------------------------------------------------------------   19.8m
1010----------------------------------------------------------------------------------------------------   18.7m
1010----------------------------------------------------------------------------------------------------   17.6m
101010---------------------------------------------------------------------------------------------------   16.5m
10910---------------------------------------------------------------------------------------------------   15.4m
10810---------------------------------------------------------------------------------------------------   14.3m
10710---------------------------------------------------------------------------------------------------   13.2m
1051010--------------------------------------------------------------------------------------------------   12.1m
103910---------------00233332---------------------------------------------------------------------------   11.0m
101710------------134556677764400-----------------------------------------------------------------------    9.9m
10-61010-------01356778889999988661----------------------------------------------------------------------    8.8m
10-4810----03456788991010101010101010101099722--------------------------------------------------------------------    7.7m
10-0691003467789910101010----------1010108844------------------------------------------------------------------    6.6m
10--2710101010101010101010-----------------10109966----------------------------------------------------------------    5.5m
10-------1010------------------------1010101088844-----------------------------------------------------------    4.4m
10-------------------------------------101010101099555------------------------------------------------------    3.3m
10------------------------------------------1010101010101010101010777000------------------------------------------    2.2m
------------------------------------------------------1010101010101010101010101010101010101010101010101010101010101077777------------    1.1m
=====================================================================================10101010101010101010101010====       0
1                                                                                                  22k        
                                                                                                              
warn: gif(chart_lomid_50.gif,canvases,delay) - not saving gif because of the --no-gif param (perhaps a unit test?)
AC for different treble pot positions (other pots 50%)(0=0% 1=10% 2=20% 3=30% 4=40% 5=50% 6=60% 7=70% 8=80% 9=
------------------------------------------------------------------------------------------------------  18.00m
10-----------------------------------------------------------------------------------------------------  17.10m
1010----------------------------------------------------------------------------------------------------  16.20m
1010----------------------------------------------------------------------------------------------------  15.30m
1010---------------------10101010---------------------------------------------------------------------------  14.40m
1010-------------------1010999-1010-------------------------------------------------------------------------  13.50m
1010----------------101010998889991010-----------------------------------------------------------------------  12.60m
101010--------------10999887778889910----------------------------------------------------------------------  11.70m
10-10------------10109888766667778810----------------------------------------------------------------------  10.80m
10-10-----------101087766655555667791010--------------------------------------------------------------------   9.90m
10-10---------1010986654443333455667991010------------------------------------------------------------------   9.00m
10-1010-------101087643311------3344678991010----------------------------------------------------------------   8.10m
10--10-----1010875430------------2246688991010--------------------------------------------------------------   7.20m
10--1091--1010632------------------24466889910-------------------------------------------------------------   6.30m
10---101010104-----------------------11446688810101010---------------------------------------------------------   5.40m
10----10------------------------------446668899101010------------------------------------------------------   4.50m
10-------------------------------------3335577999101010101010------------------------------------------------   3.60m
10----------------------------------------2244666888999101010101010------------------------------------------   2.70m
10--------------------------------------------11144455577799910101010101010101010101010101010--------------------------   1.80m
------------------------------------------------------111333555566668888999910101010101010101010101010101010101010101010---- 900.00u
================================================================================111112222233333555====       0
1                                                                                                  22k        
                                                                                                              
warn: gif(chart_treble_50.gif,canvases,delay) - not saving gif because of the --no-gif param (perhaps a unit test?)
AC for different bass pot positions (other pots 50%)(0=0% 1=10% 2=20% 3=30% 4=40% 5=50% 6=60% 7=70% 8=80% 9=90
------------------------------------------------------------------------------------------------------   20.0m
10-----------------------------------------------------------------------------------------------------   19.0m
1010----------------------------------------------------------------------------------------------------   18.0m
1010----------------------------------------------------------------------------------------------------   17.0m
1010----------------------------------------------------------------------------------------------------   16.0m
1010----------------------------------------------------------------------------------------------------   15.0m
1010----------------------------------------------------------------------------------------------------   14.0m
1010----------------------------------------------------------------------------------------------------   13.0m
10610---------------------------------------------------------------------------------------------------   12.0m
10310-------------------0000----------------------------------------------------------------------------   11.0m
10110--------------00101010101010101000-------------------------------------------------------------------------   10.0m
10110----------001101010--------10101010-----------------------------------------------------------------------    9.0m
10-410----00001101010---------------10----------------------------------------------------------------------    8.0m
10-110-00002101010-------------------1010--------------------------------------------------------------------    7.0m
10--10106510101010-----------------------1010------------------------------------------------------------------    6.0m
10-00-1010-----------------------------1010----------------------------------------------------------------    5.0m
1000-----------------------------------1010101010-----------------------------------------------------------    4.0m
10------------------------------------------1010101010------------------------------------------------------    3.0m
8-----------------------------------------------101010101010101010101010------------------------------------------    2.0m
2-----------------------------------------------------------1010101010101010101010101010101010101010101010101010101010101010101010-------    1.0m
0==============================================================================================101010====       0
1                                                                                                  22k        
                                                                                                              
warn: gif(chart_bass_50.gif,canvases,delay) - not saving gif because of the --no-gif param (perhaps a unit test?)
AC for different hi-mid pot positions (other pots 75%)(0=0% 1=10% 2=20% 3=30% 4=40% 5=50% 6=60% 7=70% 8=80% 9=
10-----------------------------------------------------------------------------------------------------   25.0m
10-----------------------------------------------------------------------------------------------------   23.8m
1010----------------------------------------------------------------------------------------------------   22.5m
1010----------------------------------------------------------------------------------------------------   21.3m
1010----------------------------------------------------------------------------------------------------   20.0m
1010----------------------------------------------------------------------------------------------------   18.8m
1010----------------------------------------------------------------------------------------------------   17.5m
1010----------------------------------------------------------------------------------------------------   16.3m
10810---------------------------------------------------------------------------------------------------   15.0m
10410---------------------------------------------------------------------------------------------------   13.8m
10210---------------------------------------------------------------------------------------------------   12.5m
10110-------------------1010101010---------------------------------------------------------------------------   11.3m
100910--------------101010105111410101010-----------------------------------------------------------------------   10.0m
10-210-----------1010101----------2210----------------------------------------------------------------------    8.8m
10-01010-------10101010----------------1010--------------------------------------------------------------------    7.5m
10--21010---10101010---------------------10101010----------------------------------------------------------------    6.3m
10---21010101010--------------------------00101010-------------------------------------------------------------    5.0m
10----------------------------------------10101010101010------------------------------------------------------    3.8m
8--------------------------------------------000101010101010101010---------------------------------------------    2.5m
2--------------------------------------------------------101010101010101010101010101010101010101010101010101010101010101010------------    1.3m
==========================================================================================1010101010101010====       0
1                                                                                                  22k        
                                                                                                              
warn: gif(chart_himid_75.gif,canvases,delay) - not saving gif because of the --no-gif param (perhaps a unit test?)
AC for different lo-mid pot positions (other pots 75%)(0=0% 1=10% 2=20% 3=30% 4=40% 5=50% 6=60% 7=70% 8=80% 9=
------------------------------------------------------------------------------------------------------   26.0m
1010----------------------------------------------------------------------------------------------------   24.7m
1010----------------------------------------------------------------------------------------------------   23.4m
1010----------------------------------------------------------------------------------------------------   22.1m
1010----------------------------------------------------------------------------------------------------   20.8m
1010----------------------------------------------------------------------------------------------------   19.5m
101010---------------------------------------------------------------------------------------------------   18.2m
10910---------------------------------------------------------------------------------------------------   16.9m
10810---------------------------------------------------------------------------------------------------   15.6m
10610---------------------------------------------------------------------------------------------------   14.3m
1051010-----------------023332---------------------------------------------------------------------------   13.0m
103910-------------13445677765511-----------------------------------------------------------------------   11.7m
101810-----------34677789999988662----------------------------------------------------------------------   10.4m
10-61010------0345788999101010101010101099744--------------------------------------------------------------------    9.1m
10-4910----24578891010101010--------1010108855------------------------------------------------------------------    7.8m
10-069102457899101010----------------10109977----------------------------------------------------------------    6.5m
10--271010101010101010---------------------1010101099966-----------------------------------------------------------    5.2m
10-------------------------------------10101010101010777------------------------------------------------------    3.9m
10--------------------------------------------101010101010101010999444------------------------------------------    2.6m
------------------------------------------------------101010101010101010101010101010101010101010101010101010101010109999933333-------    1.3m
=====================================================================================10101010101010101010101010====       0
1                                                                                                  22k        
                                                                                                              
warn: gif(chart_lomid_75.gif,canvases,delay) - not saving gif because of the --no-gif param (perhaps a unit test?)
AC for different treble pot positions (other pots 75%)(0=0% 1=10% 2=20% 3=30% 4=40% 5=50% 6=60% 7=70% 8=80% 9=
10-----------------------------------------------------------------------------------------------------   23.0m
1010----------------------------------------------------------------------------------------------------   21.9m
1010----------------------------------------------------------------------------------------------------   20.7m
1010----------------------------------------------------------------------------------------------------   19.6m
1010----------------------------------------------------------------------------------------------------   18.4m
1010----------------------------------------------------------------------------------------------------   17.2m
1010----------------------------------------------------------------------------------------------------   16.1m
101010---------------------------------------------------------------------------------------------------   14.9m
10-10---------------------------------------------------------------------------------------------------   13.8m
10-10------------------1010101010101010-------------------------------------------------------------------------   12.7m
10-10---------------101010998889991010-----------------------------------------------------------------------   11.5m
10-109------------1010988877777889910----------------------------------------------------------------------   10.3m
10--10-----------1098777665556667781010--------------------------------------------------------------------    9.2m
10--102-------10101097654443333455667881010------------------------------------------------------------------    8.1m
10--10101----101010765321--------1144577881010101010-------------------------------------------------------------    6.9m
10---1010561010105410----------------24466889991010-----------------------------------------------------------    5.8m
10----10101010-------------------------4466777991010101010------------------------------------------------------    4.6m
10-----------------------------------224446688999101010101010------------------------------------------------    3.5m
-----------------------------------------11446667779991010101010101010101010101010----------------------------------    2.3m
---------------------------------------------------33355566688889999101010101010101010101010101010101010101010101010101010101010----    1.1m
========================================================================11112222444445555566666888====       0
1                                                                                                  22k        
                                                                                                              
warn: gif(chart_treble_75.gif,canvases,delay) - not saving gif because of the --no-gif param (perhaps a unit test?)
AC for different bass pot positions (other pots 75%)(0=0% 1=10% 2=20% 3=30% 4=40% 5=50% 6=60% 7=70% 8=80% 9=90
10-----------------------------------------------------------------------------------------------------   24.0m
1010----------------------------------------------------------------------------------------------------   22.8m
1010----------------------------------------------------------------------------------------------------   21.6m
1010----------------------------------------------------------------------------------------------------   20.4m
1010----------------------------------------------------------------------------------------------------   19.2m
1010----------------------------------------------------------------------------------------------------   18.0m
1010----------------------------------------------------------------------------------------------------   16.8m
101010---------------------------------------------------------------------------------------------------   15.6m
10510---------------------------------------------------------------------------------------------------   14.4m
10210---------------------------------------------------------------------------------------------------   13.2m
10110--------------------000----------------------------------------------------------------------------   12.0m
10110---------------0001010101010101010-------------------------------------------------------------------------   10.8m
10-410-----------0010101010--------1010-----------------------------------------------------------------------    9.6m
10-110------000031010--------------1000--------------------------------------------------------------------    8.4m
10--1010-000014101010-----------------10101010------------------------------------------------------------------    7.2m
10--01010127101010------------------------1010----------------------------------------------------------------    6.0m
10000-10101010-----------------------------1010101010-----------------------------------------------------------    4.8m
10------------------------------------------1010101010------------------------------------------------------    3.6m
8-----------------------------------------------101010101010101010101010------------------------------------------    2.4m
2-----------------------------------------------------------1010101010101010101010101010101010101010101010101010101010101010101010-------    1.2m
0==============================================================================================101010====       0
1                                                                                                  22k        
                                                                                                              
warn: gif(chart_bass_75.gif,canvases,delay) - not saving gif because of the --no-gif param (perhaps a unit test?)
AC for different hi-mid pot positions (other pots 100%)(0=0% 1=10% 2=20% 3=30% 4=40% 5=50% 6=60% 7=70% 8=80% 9
------------------------------------------------------------------------------------------------------   29.0m
10-----------------------------------------------------------------------------------------------------   27.6m
1010----------------------------------------------------------------------------------------------------   26.1m
1010----------------------------------------------------------------------------------------------------   24.7m
1010----------------------------------------------------------------------------------------------------   23.2m
1010----------------------------------------------------------------------------------------------------   21.8m
1010----------------------------------------------------------------------------------------------------   20.3m
101010---------------------------------------------------------------------------------------------------   18.8m
10510---------------------------------------------------------------------------------------------------   17.4m
10310---------------------------------------------------------------------------------------------------   15.9m
10110---------------------------------------------------------------------------------------------------   14.5m
1001010--------------------------------------------------------------------------------------------------   13.1m
100410-------------------10101010---------------------------------------------------------------------------   11.6m
10-110---------------101010100--010101010-----------------------------------------------------------------------   10.2m
10--1010-----------101010------------101010--------------------------------------------------------------------    8.7m
10--01010--------1010------------------1010------------------------------------------------------------------    7.3m
10---210----10101010----------------------1010101010-------------------------------------------------------------    5.8m
10----21010101010------------------------------10101010101010------------------------------------------------------    4.4m
9--------------------------------------------222101010101010101010---------------------------------------------    2.9m
3--------------------------------------------------------101010101010101010101010101010101010101010101010101010101010101010------------    1.5m
==========================================================================================1010101010101010====       0
1                                                                                                  22k        
                                                                                                              
warn: gif(chart_himid_100.gif,canvases,delay) - not saving gif because of the --no-gif param (perhaps a unit test?)
AC for different lo-mid pot positions (other pots 100%)(0=0% 1=10% 2=20% 3=30% 4=40% 5=50% 6=60% 7=70% 8=80% 9
------------------------------------------------------------------------------------------------------   29.0m
10-----------------------------------------------------------------------------------------------------   27.6m
1010----------------------------------------------------------------------------------------------------   26.1m
1010----------------------------------------------------------------------------------------------------   24.7m
1010----------------------------------------------------------------------------------------------------   23.2m
1010----------------------------------------------------------------------------------------------------   21.8m
1010----------------------------------------------------------------------------------------------------   20.3m
101010---------------------------------------------------------------------------------------------------   18.8m
10910---------------------------------------------------------------------------------------------------   17.4m
10710--------------------1110---------------------------------------------------------------------------   15.9m
10610----------------1135666544-------------------------------------------------------------------------   14.5m
1041010------------0246678888877550----------------------------------------------------------------------   13.1m
102910-----------45678899101010109999711--------------------------------------------------------------------   11.6m
100710--------245789910101010----1010101097722------------------------------------------------------------------   10.2m
10-51010----0346789101010------------1010108844----------------------------------------------------------------    8.7m
10-381010-13578991010------------------101099666-------------------------------------------------------------    7.3m
10--5910568910101010----------------------10101010109955---------------------------------------------------------    5.8m
10---591010101010------------------------------10101010101010777---------------------------------------------------    4.4m
------------------------------------------------1010101010101010109994444--------------------------------------    2.9m
---------------------------------------------------------10101010101010101010101010101010101010101010101010101010101010101099999444----    1.5m
==========================================================================================1010101010101010====       0
1                                                                                                  22k        
                                                                                                              
warn: gif(chart_lomid_100.gif,canvases,delay) - not saving gif because of the --no-gif param (perhaps a unit test?)
AC for different treble pot positions (other pots 100%)(0=0% 1=10% 2=20% 3=30% 4=40% 5=50% 6=60% 7=70% 8=80% 9
------------------------------------------------------------------------------------------------------   29.0m
10-----------------------------------------------------------------------------------------------------   27.6m
1010----------------------------------------------------------------------------------------------------   26.1m
1010----------------------------------------------------------------------------------------------------   24.7m
1010----------------------------------------------------------------------------------------------------   23.2m
1010----------------------------------------------------------------------------------------------------   21.8m
1010----------------------------------------------------------------------------------------------------   20.3m
101010---------------------------------------------------------------------------------------------------   18.8m
10-10---------------------------------------------------------------------------------------------------   17.4m
10-10---------------------------------------------------------------------------------------------------   15.9m
10-10---------------------------------------------------------------------------------------------------   14.5m
10-1010--------------------------------------------------------------------------------------------------   13.1m
10--10-------------------10101010---------------------------------------------------------------------------   11.6m
10--102--------------10101010999910101010-----------------------------------------------------------------------   10.2m
10--1010-----------101010998877778899101010--------------------------------------------------------------------    8.7m
10---1010--------10109876665555566778991010------------------------------------------------------------------    7.3m
10----109531101010108754322------2244577881010101010-------------------------------------------------------------    5.8m
10-----1010101010---------------------33557788810101010101010------------------------------------------------------    4.4m
------------------------------------335556688999101010101010101010---------------------------------------------    2.9m
-------------------------------------------22444666777888101010101010101010101010101010101010101010101010101010101010101010------------    1.5m
================================================================111133334444666677777888881010101010101010====       0
1                                                                                                  22k        
                                                                                                              
warn: gif(chart_treble_100.gif,canvases,delay) - not saving gif because of the --no-gif param (perhaps a unit test?)
AC for different bass pot positions (other pots 100%)(0=0% 1=10% 2=20% 3=30% 4=40% 5=50% 6=60% 7=70% 8=80% 9=9
------------------------------------------------------------------------------------------------------   29.0m
10-----------------------------------------------------------------------------------------------------   27.6m
1010----------------------------------------------------------------------------------------------------   26.1m
1010----------------------------------------------------------------------------------------------------   24.7m
1010----------------------------------------------------------------------------------------------------   23.2m
1010----------------------------------------------------------------------------------------------------   21.8m
1010----------------------------------------------------------------------------------------------------   20.3m
101010---------------------------------------------------------------------------------------------------   18.8m
10410---------------------------------------------------------------------------------------------------   17.4m
10210---------------------------------------------------------------------------------------------------   15.9m
10110---------------------------------------------------------------------------------------------------   14.5m
1011010--------------------------------------------------------------------------------------------------   13.1m
10-210-----------------011010101033-------------------------------------------------------------------------   11.6m
10-110-------------0110101010----101010100----------------------------------------------------------------------   10.2m
10--1010---------01101010------------101010--------------------------------------------------------------------    8.7m
10---1010---000051010------------------101000----------------------------------------------------------------    7.3m
10000010300110101010----------------------1010101010-------------------------------------------------------------    5.8m
10-----1010101010------------------------------10101010101010------------------------------------------------------    4.4m
9-----------------------------------------------101010101010101010---------------------------------------------    2.9m
3--------------------------------------------------------101010101010101010101010101010101010101010101010101010101010101010------------    1.5m
0=========================================================================================1010101010101010====       0
1                                                                                                  22k        
                                                                                                              
warn: gif(chart_bass_100.gif,canvases,delay) - not saving gif because of the --no-gif param (perhaps a unit test?)
