AC analysis(0=V(6))                                                                                           
------------------------------------------------------------------------------------------------------    2.40
----------------***-----------------------------------------------------------------------------------    2.28
---------------*---*----------------------------------------------------------------------------------    2.16
---------------*----*---------------------------------------------------------------------------------    2.04
---------------*-----*--------------------------------------------------------------------------------    1.92
-------------**------*--------------------------------------------------------------------------------    1.80
------------*---------*-------------------------------------------------------------------------------    1.68
-----------**---------*-------------------------------------------------------------------------------    1.56
----------*------------*------------------------------------------------------------------------------    1.44
--------**-------------*------------------------------------------------------------------------------    1.32
-----****---------------**----------------------------------------------------------------------------    1.20
******--------------------*---------------------------------------------------------------------------    1.08
*-------------------------*--------------------------------------------------------------------------- 960.00m
*--------------------------**------------------------------------------------------------------------- 840.00m
*----------------------------**----------------------------------------------------------------------- 720.00m
*------------------------------***-------------------------------------------------------------------- 600.00m
*---------------------------------**------------------------------------------------------------------ 480.00m
*-----------------------------------*******----------------------------------------------------------- 360.00m
*------------------------------------------***********------------------------------------------------ 240.00m
------------------------------------------------------************************************------------ 120.00m
==========================================================================================********====       0
1                                                                                                  22k        
                                                                                                              
gain: 10.8
