Transient analysis(0=I(U1))                                                                                   
--------------------------------------------------------------------------*********-------------------  220.0m
----------------------------------------------------------------------*****--------*****--------------  198.0m
-------------------------------------------------------------------****----------------***------------  176.0m
-----------------------------------------------------------------***----------------------***---------  154.0m
---------------------------------------------------------------***--------------------------***-------  132.0m
-------------------------------------------------------------**-------------------------------***-----  110.0m
-----------------------------------------------------------**-----------------------------------**----   88.0m
---------------------------------------------------------**---------------------------------------**--   66.0m
--------------------------------------------------------**------------------------------------------**   44.0m
------------------------------------------------------**----------------------------------------------   22.0m
***-------------------------------------------------**------------------------------------------------   27.8a
==***==============================================**=================================================  -22.0m
-----**------------------------------------------**---------------------------------------------------  -44.0m
------***--------------------------------------***----------------------------------------------------  -66.0m
--------***-----------------------------------**------------------------------------------------------  -88.0m
----------**--------------------------------**-------------------------------------------------------- -110.0m
------------***---------------------------**---------------------------------------------------------- -132.0m
---------------**----------------------***------------------------------------------------------------ -154.0m
-----------------***-----------------***-------------------------------------------------------------- -176.0m
--------------------****--------*****----------------------------------------------------------------- -198.0m
------------------------*********--------------------------------------------------------------------- -220.0m
0                                                                                                  20m        
                                                                                                              
