Transient analysis(0=V(2))                                                                                    
------------------------------------------------------------------------------------------------------    5.00
------------------------------------------------------------------------------------------------------    4.50
------------------------------------------------------------------------------------------------------    4.00
------------------------------------------------------------------------------------------------------    3.50
------------------------------------------------------------------------------------------------------    3.00
------------------------------------------------------------------------------------------------------    2.50
------------------------------------------------------------------------------------------------------    2.00
------------------------------------------------------------------------------------------------------    1.50
--***--------***---------***--------***---------***--------***---------***--------***---------***-----    1.00
-*--**------**--*-------*---*------**--*-------*--**------**--*-------*--**------**--*-------*--**---- 500.00m
*====**====*=====**====*=====*====**====*=====*====**====*=====*=====*=====*====**====*=====*====**===       0
------**--**------**--*-------*--**------*---*------**--**------*--**------**--**------*---*------**- -500.00m
-------***---------***---------***--------***--------***---------***---------***--------***--------***   -1.00
------------------------------------------------------------------------------------------------------   -1.50
------------------------------------------------------------------------------------------------------   -2.00
------------------------------------------------------------------------------------------------------   -2.50
------------------------------------------------------------------------------------------------------   -3.00
------------------------------------------------------------------------------------------------------   -3.50
------------------------------------------------------------------------------------------------------   -4.00
------------------------------------------------------------------------------------------------------   -4.50
------------------------------------------------------------------------------------------------------   -5.00
0                                                                                                  20m        
                                                                                                              
NICE: I(L1.L0),I(MIC1.LP),I(MIC1.LS),I(MIC1.V1),I(UHUM),V(1),V(2),V(L1.1),V(MIC1.1),V(MIC1.2),V(MIC1.3)
UGLY: v_uhum#branch,v.x_dynamic_mic__mic1.v_v1#branch,l.x_l1.l_l0#branch,l.x_dynamic_mic__mic1.l_ls#branch,l.x_dynamic_mic__mic1.l_lp#branch,x_dynamic_mic__mic1.3,x_dynamic_mic__mic1.2,x_dynamic_mic__mic1.1,V(2),x_l1.1,V(1)
Transient analysis(0=V(2))                                                                                    
------------------------------------------------------------------------------------------------------    5.00
------------------------------------------------------------------------------------------------------    4.50
-------------------------***--------------------------------------------------------------------------    4.00
--------------**--------*--**-------------------------------------------------------------------------    3.50
-------------*--**-----*----**-----****---------------------------------------------------------------    3.00
------------*----**---**-----**---**---*--------------------------------------------------------------    2.50
-----------*-------****-------**-**-----*-------------------------------------------------------------    2.00
--****----**--------------------*-------**------------------------------------------------------------    1.50
-**--**--**------------------------------*----*****---------------------------------------------------    1.00
**-----***--------------------------------**-**---*--------------------------------------------------- 500.00m
*==========================================**======*===========================================**=====       0
----------------------------------------------------*----------------------------------------**-***-- -500.00m
----------------------------------------------------**----****-------------------------------*----****   -1.00
-----------------------------------------------------**--**--**-----------------------------*---------   -1.50
------------------------------------------------------***-----**-------***--------****-----*----------   -2.00
---------------------------------------------------------------*------**-**------**---*---**----------   -2.50
----------------------------------------------------------------*----*----**----**-----****-----------   -3.00
-----------------------------------------------------------------****------**--**---------------------   -3.50
----------------------------------------------------------------------------****----------------------   -4.00
------------------------------------------------------------------------------------------------------   -4.50
------------------------------------------------------------------------------------------------------   -5.00
0                                                                                                  20m        
                                                                                                              
