Transient analysis(0=V(2))                                                                                    
-------------------------*-------------------********************************-------------------------    5.00
-------------------------*-------------*******------------------------------*-------------------------    4.75
-------------------------*----------***-------------------------------------*-------------------------    4.50
-------------------------*---------**---------------------------------------**------------------------    4.25
-------------------------*-------**-----------------------------------------***-----------------------    4.00
-------------------------*-------*------------------------------------------***-----------------------    3.75
-------------------------*------*-------------------------------------------***-----------------------    3.50
-------------------------**----*--------------------------------------------*--*----------------------    3.25
-------------------------**----*--------------------------------------------*--*----------------------    3.00
-------------------------**---*---------------------------------------------*---*---------------------    2.75
-------------------------**---*---------------------------------------------*---*---------------------    2.50
-------------------------**--*----------------------------------------------*---*---------------------    2.25
-------------------------**--*----------------------------------------------*----*--------------------    2.00
-------------------------**-*-----------------------------------------------*-----*-------------------    1.75
-------------------------**-*-----------------------------------------------*-----*-------------------    1.50
-------------------------**-*-----------------------------------------------*------*------------------    1.25
-------------------------***------------------------------------------------*-------*----------------- 999.94m
-------------------------*-*------------------------------------------------*--------**--------------- 749.94m
-------------------------*--------------------------------------------------*---------***------------- 499.93m
-------------------------*--------------------------------------------------*------------*****-------- 249.93m
**************************==================================================*================********* -75.00u
0                                                                                                  20m        
                                                                                                              
Transient analysis(0=V(2))                                                                                    
-------------------------*-------------------********************************-------------------------    5.00
-------------------------*-------------*******------------------------------*-------------------------    4.75
-------------------------*----------***-------------------------------------*-------------------------    4.50
-------------------------*---------**---------------------------------------**------------------------    4.25
-------------------------*-------**-----------------------------------------***-----------------------    4.00
-------------------------*-------*------------------------------------------***-----------------------    3.75
-------------------------*------*-------------------------------------------***-----------------------    3.50
-------------------------**----*--------------------------------------------*--*----------------------    3.25
-------------------------**----*--------------------------------------------*--*----------------------    3.00
-------------------------**---*---------------------------------------------*---*---------------------    2.75
-------------------------**---*---------------------------------------------*---*---------------------    2.50
-------------------------**--*----------------------------------------------*---*---------------------    2.25
-------------------------**--*----------------------------------------------*----*--------------------    2.00
-------------------------**-*-----------------------------------------------*-----*-------------------    1.75
-------------------------**-*-----------------------------------------------*-----*-------------------    1.50
-------------------------**-*-----------------------------------------------*------*------------------    1.25
-------------------------***------------------------------------------------*-------*----------------- 999.92m
-------------------------*-*------------------------------------------------*--------**--------------- 749.92m
-------------------------*--------------------------------------------------*---------***------------- 499.91m
-------------------------*--------------------------------------------------*------------*****-------- 249.91m
**************************==================================================*================********* -98.00u
0                                                                                                  20m        
                                                                                                              
* first line is ignored
V_U1 1 0 DC 0 AC 1 0  PULSE (0 {(0)+(5)} 0.005 1e-12 1p 0.01)
R_R1 1 2 1000
.subckt sub_capacitor_C1 a b
 C0 a 1 {1*1u}
 L0 1 2 {1*100e-3} NT=1
 Rs 2 b {1*2}
 Rp a b {1*100k}
.ends sub_capacitor_C1
x_C1 2 0 sub_capacitor_C1
.end
