Transient analysis(0=V(1))                                                                                    
-----------**-----------------------------------------------------------------------------------------   85.0m
----------*-*-----------------------------------------------------------------------------------------   76.0m
---------*---*-----------**---------------------------------------------------------------------------   67.1m
---------*---*----------*--*-----------**-------------------------------------------------------------   58.1m
--------*----*----------*--*----------**-*-----------**-----------------------------------------------   49.2m
--------*----*---------*---*----------*--*-----------*-*------------**--------------------------------   40.3m
--------*-----*--------*----*--------*----*---------*---*----------**-*-----------***-----------------   31.3m
--------*-----*-------*-----*--------*----*---------*---*----------*---*---------*--**----------****--   22.3m
-------*------*-------*-----*--------*-----*-------*-----*--------*----**-------**---**--------*---**-   13.4m
*------*------*-------*------*------*------*-------*-----*-------*------*-------*-----*-------*-----**    4.4m
*======*=======*======*======*======*======*======*=======*======*=======*=====*=======*=====**=======   -4.5m
*------*-------*-----*-------*------*-------*-----*-------*-----*--------*----**--------*---**--------  -13.5m
-*----*--------*-----*--------*----*--------*----*---------*----*---------*---*---------**-**---------  -22.4m
-*----*---------*----*--------*----*---------*---*---------**--*-----------***------------**----------  -31.4m
-*----*---------*---*---------*---*----------*--*-----------****--------------------------------------  -40.3m
-*----*---------*---*----------*--*-----------***-----------------------------------------------------  -49.3m
-*---*-----------*--*-----------**--------------------------------------------------------------------  -58.2m
--*--*-----------*-*----------------------------------------------------------------------------------  -67.2m
--*--*------------**----------------------------------------------------------------------------------  -76.1m
--***-------------------------------------------------------------------------------------------------  -85.0m
---**-------------------------------------------------------------------------------------------------  -94.0m
0                                                                                                  20m        
                                                                                                              
Transient analysis(0=V(1))                                                                                    
----------**------------------------------------------------------------------------------------------   73.0m
---------*--*-----------------------------------------------------------------------------------------   64.8m
---------*---*----------------------------------------------------------------------------------------   56.7m
---------*---*-----------**---------------------------------------------------------------------------   48.5m
--------*----*----------*--*--------------------------------------------------------------------------   40.4m
--------*----*---------*---*-----------***------------------------------------------------------------   32.3m
--------*-----*--------*----*---------*--*-----------***----------------------------------------------   24.1m
-------*------*-------*-----*--------*----*---------**-**----------****-------------------------------   15.9m
-------*------*-------*------*-------*-----*-------*----**--------**--**---------*****---------*****--    7.8m
*======*=======*======*======*======*======*======**=====**======*======**=====**=====***====***====** -350.0u
*------*-------*-----*-------*------*-------*-----*-------**----*--------******---------*****---------   -8.5m
-*-----*-------*-----*--------*----*---------*---*---------*****--------------------------------------  -16.6m
-*----*---------*----*--------*---**---------****-----------------------------------------------------  -24.8m
-*----*---------*---*----------*--*-------------------------------------------------------------------  -33.0m
-*----*---------*---*-----------**--------------------------------------------------------------------  -41.1m
-*----*----------*-**---------------------------------------------------------------------------------  -49.3m
-*---*-----------***----------------------------------------------------------------------------------  -57.4m
--*--*------------------------------------------------------------------------------------------------  -65.5m
--*--*------------------------------------------------------------------------------------------------  -73.7m
--***-------------------------------------------------------------------------------------------------  -81.8m
---**-------------------------------------------------------------------------------------------------  -90.0m
0                                                                                                  20m        
                                                                                                              
