Transient analysis(0=V(1))                                                                                    
-------------------------------------------------------------------************-----------------------   36.0m
---------------------------------------------------------------*****----------******------------------   30.6m
------------------------------------------------------------***--------------------*****--------------   25.3m
---------------------------------------------------------***----------------------------***-----------   19.9m
-------------------------------------------------------***---------------------------------****-------   14.6m
-----------------------------------------------------***--------------------------------------****----    9.2m
---------------------------------------------------***-------------------------------------------****-    3.9m
**================================================**=================================================*   -1.5m
-**---------------------------------------------**----------------------------------------------------   -6.8m
--*-------------------------------------------**------------------------------------------------------  -12.2m
---*-----------------------------------------**-------------------------------------------------------  -17.5m
----*--------------------------------------**---------------------------------------------------------  -22.9m
-----*------------------------------------**----------------------------------------------------------  -28.2m
------**--------------------------------**------------------------------------------------------------  -33.5m
-------**-----------------------------**--------------------------------------------------------------  -38.9m
--------**---------------------------**---------------------------------------------------------------  -44.3m
----------**----------------------***-----------------------------------------------------------------  -49.6m
-----------**-------------------***-------------------------------------------------------------------  -54.9m
-------------**---------------***---------------------------------------------------------------------  -60.3m
---------------***--------****------------------------------------------------------------------------  -65.7m
------------------*********---------------------------------------------------------------------------  -71.0m
0                                                                                                  20m        
                                                                                                              
Transient analysis(0=V(1))                                                                                    
-------------------------------------------------------------------************-----------------------   36.0m
---------------------------------------------------------------*****----------******------------------   30.6m
------------------------------------------------------------***--------------------*****--------------   25.3m
---------------------------------------------------------***----------------------------***-----------   19.9m
-------------------------------------------------------***---------------------------------****-------   14.6m
-----------------------------------------------------***--------------------------------------****----    9.2m
---------------------------------------------------***-------------------------------------------****-    3.9m
**================================================**=================================================*   -1.5m
-**---------------------------------------------**----------------------------------------------------   -6.8m
--*-------------------------------------------**------------------------------------------------------  -12.2m
---*-----------------------------------------**-------------------------------------------------------  -17.5m
----*--------------------------------------**---------------------------------------------------------  -22.9m
-----*------------------------------------**----------------------------------------------------------  -28.2m
------**--------------------------------**------------------------------------------------------------  -33.5m
-------**-----------------------------**--------------------------------------------------------------  -38.9m
--------**---------------------------**---------------------------------------------------------------  -44.3m
----------**----------------------***-----------------------------------------------------------------  -49.6m
-----------**-------------------***-------------------------------------------------------------------  -54.9m
-------------**---------------***---------------------------------------------------------------------  -60.3m
---------------***--------****------------------------------------------------------------------------  -65.7m
------------------*********---------------------------------------------------------------------------  -71.0m
0                                                                                                  20m        
                                                                                                              
