Transient analysis(0=V(1))                                                                                    
-------------------------------*----*----*----*----*----*----*----*----*----*----*----*----*----*-----  980.0m
------------------------------**----*----*----*----*----*----*----*----*----**---**---**---**---**----  931.0m
------------------------------*-*---**---**---**---**---**---**---**---**---**---**---**---**---**----  882.0m
------------------------------*-*---**---**---**---**---**---**---**---**---*-*--*-*--*-*--*-*--*-*---  833.0m
-----------------------------*---*--*-*--*-*--*-*--*-*--*-*--*-*--*-*--*-*--*-*--*-*--*-*--*-*--*-*---  784.0m
-----------------------------*---*-*--*-*--*-*--*-*--*-*--*-*--*-*--*-*--*-*---*-*--*-*--*-*--*-*--*--  735.0m
-----------------------------*----**---**---**---**---**---**---**---**---**---*-*--*-*--*-*--*-*--*--  686.0m
-----------------------------*----**---**---**---**---**---**---**---**---**----**---**---**---**---*-  637.0m
----------------------------*------*----*----*----*----*----*----*----*----*----**---**---**---**---*-  588.0m
----------------------------*------*----*----*----*----*----*----*----*----*-----*----*----*----*----*  539.0m
----------------------------*------------------------------------------------------------------------*  490.0m
----------------------------*-------------------------------------------------------------------------  441.0m
---------------------------*--------------------------------------------------------------------------  392.0m
---------------------------*--------------------------------------------------------------------------  343.0m
---------------------------*--------------------------------------------------------------------------  294.0m
---------------------------*--------------------------------------------------------------------------  245.0m
--------------------------*---------------------------------------------------------------------------  196.0m
--------------------------*---------------------------------------------------------------------------  147.0m
--------------------------*---------------------------------------------------------------------------   98.0m
--------------------------*---------------------------------------------------------------------------   49.0m
**************************============================================================================       0
0                                                                                                  20m        
                                                                                                              
* first line is ignored
V_U1 1 0 DC 0 AC 0 0 PWL (0 0 0.001 1 0.002 0.5) r=0.001 td={5e-3}
.end
