* first line is ignored
V_U1 1 0 DC 0 AC 1 0  SIN ({0.5+0.5} {2+3} {2*50} 0 0 0)
.end
Transient analysis(0=V(1))                                                                                    
----------******---------------------------------------------*****------------------------------------    6.00
--------***----***-----------------------------------------**-----**----------------------------------    5.50
-------**--------**---------------------------------------*---------**--------------------------------    5.00
------**-----------*------------------------------------**-----------**-------------------------------    4.50
-----*--------------*----------------------------------**-------------**------------------------------    4.00
----*----------------*---------------------------------*---------------**-----------------------------    3.50
---**-----------------*-------------------------------*-----------------**----------------------------    3.00
--**-------------------*-----------------------------*-------------------*----------------------------    2.50
--*--------------------**---------------------------*---------------------*---------------------------    2.00
-*----------------------*--------------------------**----------------------*--------------------------    1.50
*------------------------*------------------------**-----------------------**------------------------*    1.00
--------------------------*-----------------------*-------------------------**----------------------*- 500.00m
===========================*=====================*===========================*=====================**=       0
---------------------------**-------------------*-----------------------------*--------------------*- -500.00m
----------------------------**-----------------**------------------------------*------------------*---   -1.00
-----------------------------*----------------**--------------------------------*----------------*----   -1.50
------------------------------*--------------**---------------------------------**--------------*-----   -2.00
-------------------------------**-----------**-----------------------------------**------------*------   -2.50
--------------------------------**---------**--------------------------------------*---------**-------   -3.00
---------------------------------***-----**-----------------------------------------**-----***--------   -3.50
-----------------------------------******---------------------------------------------******----------   -4.00
0                                                                                                  20m        
                                                                                                              
