Singlecoil (3H, 5400R):
AC analysis(0=V(9))                                                                                           
------------------------------------------------------------------------------------------------------   29.0m
**----------------------------------------------------------------------------------------------------   27.6m
*-*---------------------------------------------------------------------------------------------------   26.1m
*-*---------------------------------------------------------------------------------------------------   24.7m
*--*--------------------------------------------------------------------------------------------------   23.2m
*--*--------------------------------------------------------------------------------------------------   21.8m
*---*-------------------------------------------------------------------------------------------------   20.3m
*---*-------------------------------------------------------------------------------------------------   18.8m
*----*------------------------------------------------------------------------------------------------   17.4m
*----**-----------------------------------------------------------------------------------------------   15.9m
*-----*-----------------------------------------------------------------------------------------------   14.5m
*------*----------------------------------------------------------------------------------------------   13.1m
--------**--------------------------------------------------------------------------------------------   11.6m
---------**-------------------------------------------------------------------------------------------   10.2m
-----------**-----------------------------------------------------------------------------------------    8.7m
-------------***--------------------------------------------------------------------------------------    7.3m
----------------*****---------------------------------------------------------------------------------    5.8m
---------------------********-------------------------------------------------------------------------    4.4m
-----------------------------****************---------------------------------------------------------    2.9m
---------------------------------------------*****************************************************----    1.5m
======================================================================================================       0
1                                                                                                  22k        
                                                                                                              
Gain 149.5

Low-inductance pickup (0.001H, 65R):
AC analysis(0=V(9))                                                                                           
**************************************************************************************************----   74.0m
*-----------------------------------------------------------------------------------------------------   70.3m
*-----------------------------------------------------------------------------------------------------   66.6m
*-----------------------------------------------------------------------------------------------------   62.9m
*-----------------------------------------------------------------------------------------------------   59.2m
*-----------------------------------------------------------------------------------------------------   55.5m
*-----------------------------------------------------------------------------------------------------   51.8m
*-----------------------------------------------------------------------------------------------------   48.1m
*-----------------------------------------------------------------------------------------------------   44.4m
*-----------------------------------------------------------------------------------------------------   40.7m
*-----------------------------------------------------------------------------------------------------   37.0m
*-----------------------------------------------------------------------------------------------------   33.3m
*-----------------------------------------------------------------------------------------------------   29.6m
*-----------------------------------------------------------------------------------------------------   25.9m
*-----------------------------------------------------------------------------------------------------   22.2m
*-----------------------------------------------------------------------------------------------------   18.5m
*-----------------------------------------------------------------------------------------------------   14.8m
------------------------------------------------------------------------------------------------------   11.1m
------------------------------------------------------------------------------------------------------    7.4m
------------------------------------------------------------------------------------------------------    3.7m
======================================================================================================       0
1                                                                                                  22k        
                                                                                                              
Gain 149.9
