Transient analysis(0=V(1))                                                                                    
------------------*****-------------------------------------------------------------------------------   88.0m
-----------------**----**--------------------****-----------------------------------------------------   74.6m
----------------*-------**-----------------**---**--------------------****----------------------------   61.2m
---------------*---------*----------------*-------*-----------------***--***--------------------***---   47.8m
--------------*----------*---------------*---------*---------------**------**-----------------***--***   34.4m
--------------*-----------*-------------*----------*--------------*---------*---------------**-------*   21.0m
-------------*------------*------------*------------*------------*-----------*-------------**---------    7.6m
*============*============*===========*=============*===========*=============*==========**===========   -5.8m
-*----------*-------------*-----------*--------------*---------**-------------**--------**------------  -19.2m
-*----------*--------------*---------*---------------*---------*---------------**------**-------------  -32.6m
-*----------*--------------*---------*----------------*-------*-----------------**----**--------------  -46.0m
-*---------*----------------*-------*------------------*-----*--------------------****----------------  -59.4m
--*--------*----------------*-------*------------------**---**----------------------------------------  -72.8m
--*--------*-----------------*-----*---------------------***------------------------------------------  -86.2m
--*-------*------------------*----**------------------------------------------------------------------  -99.6m
---*------*-------------------**-**------------------------------------------------------------------- -113.0m
---*------*--------------------***-------------------------------------------------------------------- -126.4m
----*----*-------------------------------------------------------------------------------------------- -139.8m
----*---**-------------------------------------------------------------------------------------------- -153.2m
-----*-**--------------------------------------------------------------------------------------------- -166.6m
------**---------------------------------------------------------------------------------------------- -180.0m
0                                                                                                  20m        
                                                                                                              
warn: gif(tran.gif,canvases,delay) - not saving gif because of the --no-gif param (perhaps a unit test?)
AC analysis(0=V(1))                                                                                           
------------------------------------------------------------------------------------------------------  190.0m
*******-----------------------------------------------------------------------------------------------  180.5m
-------****-------------------------------------------------------------------------------------------  171.0m
-----------***----------------------------------------------------------------------------------------  161.5m
--------------**--------------------------------------------------------------------------------------  152.0m
----------------**------------------------------------------------------------------------------------  142.5m
------------------*-----------------------------------------------------------------------------------  133.0m
-------------------***--------------------------------------------------------------------------------  123.5m
----------------------**------------------------------------------------------------------------------  114.0m
------------------------**----------------------------------------------------------------------------  104.5m
--------------------------*---------------------------------------------------------------------------   95.0m
---------------------------****-----------------------------------------------------------------------   85.5m
-------------------------------*----------------------------------------------------------------------   76.0m
--------------------------------****------------------------------------------------------------------   66.5m
------------------------------------*****-------------------------------------------------------------   57.0m
-----------------------------------------****---------------------------------------------------------   47.5m
---------------------------------------------******---------------------------------------------------   38.0m
---------------------------------------------------*********------------------------------------------   28.5m
------------------------------------------------------------********************----------------------   19.0m
--------------------------------------------------------------------------------******************----    9.5m
======================================================================================================       0
1                                                                                                  22k        
                                                                                                              
warn: gif(ac.gif,canvases,delay) - not saving gif because of the --no-gif param (perhaps a unit test?)
FFT analysis(0=V(1))                                                                                          
--------------------------**--------------------------------------------------------------------------   4.10m
--------------------------**--------------------------------------------------------------------------   3.90m
--------------------------**--------------------------------------------------------------------------   3.69m
--------------------------**--------------------------------------------------------------------------   3.49m
-------------------------*--*-------------------------------------------------------------------------   3.28m
-------------------------*--*-------------------------------------------------------------------------   3.08m
-------------------------*--*-------------------------------------------------------------------------   2.87m
-------------------------*--*-------------------------------------------------------------------------   2.67m
-------------------------*--*-------------------------------------------------------------------------   2.46m
-------------------------*--*-------------------------------------------------------------------------   2.26m
-------------------------*--*-------------------------------------------------------------------------   2.05m
-------------------------*---*------------------------------------------------------------------------   1.85m
-------------------------*---*------------------------------------------------------------------------   1.64m
-------------------------*---*------------------------------------------------------------------------   1.44m
-------------------------*---*------------------------------------------------------------------------   1.23m
------------------------*----*------------------------------------------------------------------------   1.03m
------------------------*----*------------------------------------------------------------------------ 822.00u
------------------------*----*------------------------------------------------------------------------ 617.13u
-----------------------*------*----------------------------------------------------------------------- 412.25u
-**------------------**--------***------------------****---------------------------------------------- 207.38u
*-*******************------------********************--***********************************************   2.50u
0                                                                                                  750        
                                                                                                              
warn: gif(fft.gif,canvases,delay) - not saving gif because of the --no-gif param (perhaps a unit test?)
fundamental frequency 194.3
total harmonic distortion 3.623%
