Transient analysis(0=V(4))                                                                                    
---------------------------------------------------------------------------------------------**--*****    4.30
-------------------------------------------------------------------***--*********************-****----    4.08
----------------------------------------------------***-************--**------------------------------    3.87
------------------------------------------**--*******-***---------------------------------------------    3.65
-------------------------------------**--****-*-------------------------------------------------------    3.44
--------------------------------**--*-****--**--------------------------------------------------------    3.22
---------------------------**--*-**-*-----------------------------------------------------------------    3.01
--------------------------*-*--*--**------------------------------------------------------------------    2.79
---------------------***--*--***----------------------------------------------------------------------    2.58
----------------***--*-*--*---------------------------------------------------------------------------    2.36
----------------*-*--*--**----------------------------------------------------------------------------    2.15
-----------***--*--**---------------------------------------------------------------------------------    1.93
-----------*-*-*--------------------------------------------------------------------------------------    1.72
-------*--**-***--------------------------------------------------------------------------------------    1.50
------***-*-------------------------------------------------------------------------------------------    1.29
------*-*-*-------------------------------------------------------------------------------------------    1.07
-----*--***------------------------------------------------------------------------------------------- 860.00m
-**--*------------------------------------------------------------------------------------------------ 645.00m
-**--*------------------------------------------------------------------------------------------------ 430.00m
**-***------------------------------------------------------------------------------------------------ 215.00m
*=====================================================================================================  -1.50p
0                                                                                                  20m        
                                                                                                              
1.5V was raised to 4.2V (2.8x)
