ngspice_command: run
ngspice_command: destroy all
ngspice_command: set temp = 27
ngspice_command: unset ngbehavior
ngspice_command: tran 0.0001 0.02 0
Transient analysis(0=V(1))                                                                                    
--------------------***********-----------------------------------------------------------------------    5.00
-----------------****---------*****-------------------------------------------------------------------    4.50
--------------***-----------------****----------------------------------------------------------------    4.00
------------**-----------------------***--------------------------------------------------------------    3.50
----------**----------------------------**------------------------------------------------------------    3.00
--------**--------------------------------**----------------------------------------------------------    2.50
------**-----------------------------------***--------------------------------------------------------    2.00
----***--------------------------------------**-------------------------------------------------------    1.50
---**------------------------------------------**-----------------------------------------------------    1.00
-**---------------------------------------------***--------------------------------------------------- 500.00m
**================================================**=================================================*       0
----------------------------------------------------**---------------------------------------------** -500.00m
-----------------------------------------------------**------------------------------------------**---   -1.00
-------------------------------------------------------**---------------------------------------**----   -1.50
---------------------------------------------------------**-----------------------------------**------   -2.00
----------------------------------------------------------***-------------------------------**--------   -2.50
------------------------------------------------------------***---------------------------***---------   -3.00
--------------------------------------------------------------***-----------------------***-----------   -3.50
----------------------------------------------------------------****-----------------***--------------   -4.00
-------------------------------------------------------------------****----------****-----------------   -4.50
-----------------------------------------------------------------------**********---------------------   -5.00
0                                                                                                  20m        
                                                                                                              
Transient analysis(0=V(1))                                                                                    
--------------------***********-----------------------------------------------------------------------    5.00
-----------------****---------*****-------------------------------------------------------------------    4.50
--------------***-----------------****----------------------------------------------------------------    4.00
------------**-----------------------***--------------------------------------------------------------    3.50
----------**----------------------------**------------------------------------------------------------    3.00
--------**--------------------------------**----------------------------------------------------------    2.50
------**-----------------------------------***--------------------------------------------------------    2.00
----***--------------------------------------**-------------------------------------------------------    1.50
---**------------------------------------------**-----------------------------------------------------    1.00
-**---------------------------------------------***--------------------------------------------------- 500.00m
**================================================**=================================================*       0
----------------------------------------------------**---------------------------------------------** -500.00m
-----------------------------------------------------**------------------------------------------**---   -1.00
-------------------------------------------------------**---------------------------------------**----   -1.50
---------------------------------------------------------**-----------------------------------**------   -2.00
----------------------------------------------------------***-------------------------------**--------   -2.50
------------------------------------------------------------***---------------------------***---------   -3.00
--------------------------------------------------------------***-----------------------***-----------   -3.50
----------------------------------------------------------------****-----------------***--------------   -4.00
-------------------------------------------------------------------****----------****-----------------   -4.50
-----------------------------------------------------------------------**********---------------------   -5.00
0                                                                                                  20m        
                                                                                                              
