Transient analysis(0=V(11))                                                                                   
-------*----------**----------*----------**----------*----------**----------*----------**----------*--  200.0m
------*-*---------**---------*-*---------**---------*-*---------**---------*-*--------*-*---------*-*-  180.0m
------*-*--------*--*--------*-*---------*-*--------*-*--------*-*---------*-*--------*--*--------*-*-  160.0m
------*-*--------*--*-------*--*--------*--*--------*-*--------*--*-------*--*--------*--*--------*-*-  140.0m
-----*---*-------*--*-------*--*--------*--*-------*---*-------*--*-------*--*-------*---*-------*---*  120.0m
-----*---*-------*--*-------*---*-------*---*------*---*-------*--*-------*---*------*---*-------*---*  100.0m
-----*---*------*----*------*---*-------*---*------*---*------*---*-------*---*------*----*------*---*   80.0m
-----*---*------*----*------*---*------*----*------*---*------*----*------*---*------*----*------*----   60.0m
-----*----*-----*----*-----*----*------*----*------*----*-----*----*-----*----*------*----*------*----   40.0m
----*-----*-----*----*-----*----*------*----*-----*-----*-----*----*-----*----*------*----*-----*-----   20.0m
*===*=====*=====*====*=====*=====*=====*=====*====*=====*=====*====*=====*=====*====*======*====*=====       0
*---*-----*----*------*----*-----*-----*-----*----*-----*----*-----*-----*-----*----*------*----*-----  -20.0m
*---*-----*----*------*----*-----*----*------*----*-----*----*------*----*-----*----*------*----*-----  -40.0m
*--*-------*---*------*---*------*----*------*----*-----*----*------*---*------*----*------*----*-----  -60.0m
-*-*-------*---*------*---*------*----*------*---*-------*---*------*---*------*----*------*---*------  -80.0m
-*-*-------*---*------*---*-------*---*------*---*-------*---*------*---*-------*--*-------*---*------ -100.0m
-*-*-------*--*-------*---*-------*---*-------*--*-------*--*-------*---*-------*--*--------*--*------ -120.0m
--*--------*--*--------*-*--------*--*--------*--*-------*--*--------*-*--------*--*--------*--*------ -140.0m
------------*-*--------*-*--------*--*--------*-*---------*-*--------*-*--------*--*--------*-*------- -160.0m
------------*-*--------*-*---------*-*---------**---------*-*--------*-*---------**----------**------- -180.0m
-------------*----------*----------**----------**----------*----------*----------**----------**------- -200.0m
0                                                                                                  20m        
                                                                                                              
Current consumption 2.5m
Gain 1005.1
Gain ideal 992.7
AC analysis(0=V(11))                                                                                          
------------*****************-------------------------------------------------------------------------  300.0m
------******-----------------****************************---------------------------------------------  285.0m
----**---------------------------------------------------*******************--------------------------  270.0m
---**-----------------------------------------------------------------------**************------------  255.0m
---*--------------------------------------------------------------------------------------********----  240.0m
---*--------------------------------------------------------------------------------------------------  225.0m
--*---------------------------------------------------------------------------------------------------  210.0m
--*---------------------------------------------------------------------------------------------------  195.0m
--*---------------------------------------------------------------------------------------------------  180.0m
-**---------------------------------------------------------------------------------------------------  165.0m
-*----------------------------------------------------------------------------------------------------  150.0m
-*----------------------------------------------------------------------------------------------------  135.0m
-*----------------------------------------------------------------------------------------------------  120.0m
-*----------------------------------------------------------------------------------------------------  105.0m
-*----------------------------------------------------------------------------------------------------   90.0m
-*----------------------------------------------------------------------------------------------------   75.0m
**----------------------------------------------------------------------------------------------------   60.0m
*-----------------------------------------------------------------------------------------------------   45.0m
*-----------------------------------------------------------------------------------------------------   30.0m
*-----------------------------------------------------------------------------------------------------   15.0m
*=====================================================================================================       0
1                                                                                                  22k        
                                                                                                              
