IDEAL
AC analysis(0=V(2))                                                                                           
-----------------------*------------------------------------------------------------------------------   600.0
-----------------------*------------------------------------------------------------------------------   570.0
-----------------------*------------------------------------------------------------------------------   540.0
-----------------------*------------------------------------------------------------------------------   510.0
-----------------------*------------------------------------------------------------------------------   480.0
-----------------------*------------------------------------------------------------------------------   450.0
-----------------------*------------------------------------------------------------------------------   420.0
-----------------------*------------------------------------------------------------------------------   390.0
-----------------------*------------------------------------------------------------------------------   360.0
-----------------------*------------------------------------------------------------------------------   330.0
----------------------*-*-----------------------------------------------------------------------------   300.0
----------------------*-*-----------------------------------------------------------------------------   270.0
----------------------*-*-----------------------------------------------------------------------------   240.0
----------------------*-*-----------------------------------------------------------------------------   210.0
----------------------*-*-----------------------------------------------------------------------------   180.0
----------------------*-*-----------------------------------------------------------------------------   150.0
----------------------*-*-----------------------------------------------------------------------------   120.0
----------------------*-*-----------------------------------------------------------------------------    90.0
----------------------*-*-----------------------------------------------------------------------------    60.0
-------------------****-***---------------------------------------------------------------------------    30.0
*******************========***********************************************************************====       0
1                                                                                                  22k        
                                                                                                              
REAL L:rs=10R, C:ls=1u Rs=0.2R
AC analysis(0=V(2))                                                                                           
------------------------------------------------------------------------------------------------------   16.00
----------------------**------------------------------------------------------------------------------   15.20
---------------------*-*------------------------------------------------------------------------------   14.40
--------------------*---*-----------------------------------------------------------------------------   13.60
-------------------*-----*----------------------------------------------------------------------------   12.80
------------------*------*----------------------------------------------------------------------------   12.00
------------------*-------*---------------------------------------------------------------------------   11.20
-----------------*--------*---------------------------------------------------------------------------   10.40
-----------------*---------*--------------------------------------------------------------------------    9.60
----------------*----------*--------------------------------------------------------------------------    8.80
---------------*------------*-------------------------------------------------------------------------    8.00
-------------**--------------*------------------------------------------------------------------------    7.20
----------***-----------------*-----------------------------------------------------------------------    6.40
-----******--------------------*----------------------------------------------------------------------    5.60
******--------------------------**--------------------------------------------------------------------    4.80
----------------------------------**------------------------------------------------------------------    4.00
------------------------------------**----------------------------------------------------------------    3.20
--------------------------------------*****-----------------------------------------------------------    2.40
-------------------------------------------***********------------------------------------------------    1.60
------------------------------------------------------*******************************----------------- 800.00m
=====================================================================================*************====       0
1                                                                                                  22k        
                                                                                                              
