Transient analysis(0=V(11))                                                                                   
------***---------------------------------------------------------------------------------------------   72.0m
-----*---*--------------------------------------------------------------------------------------------   64.4m
----**----*---------------------***-------------------------------------------------------------------   56.7m
----*-----*--------------------*---*------------------------------------------------------------------   49.0m
---*-------*------------------*-----*--------------------****-----------------------------------------   41.4m
---*-------*-----------------*-------*------------------**--**----------------------------------------   33.7m
--*---------*----------------*-------*-----------------*------*-------------------******--------------   26.1m
--*---------*---------------*---------*---------------*--------*-----------------*------**------------   18.4m
-*-----------*--------------*----------*-------------**---------**--------------*--------**-----------   10.8m
**-----------*-------------*-----------*-------------*-----------*-------------*----------**----------    3.1m
==============*============*============*===========*=============*===========*============**=========   -4.5m
--------------*-----------*-------------*----------*---------------*---------*---------------*--------  -12.2m
---------------*----------*--------------*---------*----------------*-------*-----------------**---***  -19.8m
---------------*---------*---------------**-------*-----------------**----**--------------------****--  -27.5m
---------------*---------*----------------*------*--------------------*****---------------------------  -35.1m
----------------*-------*------------------*----**----------------------------------------------------  -42.8m
----------------*-------*-------------------****------------------------------------------------------  -50.4m
-----------------*-----*------------------------------------------------------------------------------  -58.1m
------------------*----*------------------------------------------------------------------------------  -65.7m
------------------**--*-------------------------------------------------------------------------------  -73.3m
-------------------***--------------------------------------------------------------------------------  -81.0m
0                                                                                                  20m        
                                                                                                              
NPN gain 22.418
Transient analysis(0=V(11))                                                                                   
------***---------------------------------------------------------------------------------------------   83.0m
-----**-**--------------------------------------------------------------------------------------------   75.0m
-----*---*--------------------------------------------------------------------------------------------   66.9m
----*-----*--------------------****-------------------------------------------------------------------   58.9m
----*-----*--------------------*---*------------------------------------------------------------------   50.8m
---*-------*------------------*-----*--------------------****-----------------------------------------   42.7m
---*-------*-----------------*-------*------------------*----*----------------------*-----------------   34.7m
--*---------*----------------*-------*-----------------*------*-------------------******--------------   26.6m
--*---------*---------------*---------*---------------*--------*-----------------*------**------------   18.6m
-*----------*---------------*---------**-------------*----------*--------------**--------**-----------   10.6m
**-----------*-------------*-----------*-------------*-----------*-------------*----------**----------    2.5m
==============*============*============*===========*=============*===========*============**=========   -5.5m
--------------*-----------*-------------*----------*---------------*---------*---------------*-------*  -13.6m
---------------*----------*--------------*---------*---------------**------**-----------------***-***-  -21.7m
---------------*---------*---------------**-------*------------------**---**--------------------***---  -29.7m
----------------*--------*----------------**-----*--------------------****----------------------------  -37.8m
----------------*-------*------------------**---*-----------------------------------------------------  -45.8m
-----------------*------*-------------------****------------------------------------------------------  -53.9m
-----------------*-----*------------------------------------------------------------------------------  -61.9m
------------------*---*-------------------------------------------------------------------------------  -70.0m
-------------------***--------------------------------------------------------------------------------  -78.0m
0                                                                                                  20m        
                                                                                                              
PNP gain 23.360
