Transient analysis(0=V(7))                                                                                    
------**----------------------------------------------------------------------------------------------  300.0m
-----**-**--------------------------------------------------------------------------------------------  272.0m
-----*---*--------------------------------------------------------------------------------------------  244.0m
----*-----*-------------------------------------------------------------------------------------------  216.0m
---*------**-------------------*****------------------------------------------------------------------  188.0m
---*-------*------------------**---**-----------------------------------------------------------------  160.0m
--*--------*------------------*-----**------------------******----------------------------------------  132.0m
--*---------*----------------*-------*-----------------**----**--------------------****---------------  104.0m
--*---------*---------------*---------*---------------**------**-----------------***--***-------------   76.0m
-*-----------*--------------*---------*---------------*--------**---------------**------**------------   48.0m
**-----------*-------------*-----------*-------------*----------**-------------**---------*-----------   20.0m
*=============*============*============*===========*============*============**===========**=========   -8.0m
--------------*-----------*-------------*----------**-------------*----------*--------------**--------  -36.0m
--------------*-----------*--------------*---------*---------------**-------*----------------***----**  -64.0m
---------------*---------*---------------**-------*-----------------**----**-------------------*****--  -92.0m
---------------*---------*----------------**-----*--------------------*****--------------------------- -120.0m
----------------*-------*------------------**---**---------------------------------------------------- -148.0m
----------------**-----**-------------------****------------------------------------------------------ -176.0m
------------------*----*------------------------------------------------------------------------------ -204.0m
------------------**-**------------------------------------------------------------------------------- -232.0m
--------------------**-------------------------------------------------------------------------------- -260.0m
0                                                                                                  20m        
                                                                                                              
BD136_180 gain 7.574 (json model)
BD136_340 gain 7.678 (json model)
BD136 gain 4.359 (sub model)
BD136_120 gain 7.598 (ngjs model)
