Transient analysis(0=V(11) 1=V(18))                                                                           
-----------1111---------------------00000--------------------11111--------------------00000-----------   5.00m
---------11----111----------------00----000----------------111---111----------------000----000--------   4.50m
-------11--------11-------------00---------0--------------11--------1--------------00--------00-------   4.00m
------11----------11-----------00-----------00-----------1-----------11-----------0-----------00------   3.50m
-----11-------------1---------00-------------00---------1-------------11---------0--------------0-----   3.00m
----11---------------1-------00---------------00-------1---------------11-------0----------------0----   2.50m
---11-----------------1-----00-----------------0------1-----------------1------0------------------0---   2.00m
--11------------------11---00-------------------0----1-------------------1----0-------------------00--   1.50m
--1--------------------11--0---------------------0--1---------------------1--0---------------------00-   1.00m
-1----------------------1-0-----------------------011----------------------100----------------------0- 500.00u
1========================1========================11=======================11========================1       0
-0----------------------0-1-----------------------100----------------------011----------------------1 -500.00u
--0--------------------00--1---------------------1--0---------------------0--1---------------------11-  -1.00m
--00------------------00---11-------------------1----0-------------------0----1-------------------11--  -1.50m
---00-----------------0-----11-----------------1------0-----------------0------1------------------1---  -2.00m
----00---------------0-------1----------------11-------0---------------00-------1----------------1----  -2.50m
-----00-------------0---------11-------------11---------0-------------00--------11--------------1-----  -3.00m
------00----------00-----------11-----------11-----------0-----------00-----------1-----------11------  -3.50m
-------00--------00-------------11---------1--------------00-------00--------------11--------11-------  -4.00m
---------00----00-----------------11-----11----------------000---000----------------111----111--------  -4.50m
-----------0000---------------------11111--------------------00000--------------------111111----------  -5.00m
0                                                                                                  20m        
                                                                                                              
Battery sensitivity(0=Gain)                                                                                   
---------------------------------*********************************************************************  990.0m
----------------*****************---------------------------------------------------------------------  941.0m
------------****--------------------------------------------------------------------------------------  891.9m
----------**------------------------------------------------------------------------------------------  842.9m
--------**--------------------------------------------------------------------------------------------  793.8m
-------*----------------------------------------------------------------------------------------------  744.8m
------*-----------------------------------------------------------------------------------------------  695.8m
------*-----------------------------------------------------------------------------------------------  646.7m
-----*------------------------------------------------------------------------------------------------  597.7m
-----*------------------------------------------------------------------------------------------------  548.6m
----*-------------------------------------------------------------------------------------------------  499.6m
----*-------------------------------------------------------------------------------------------------  450.6m
---*--------------------------------------------------------------------------------------------------  401.5m
---*--------------------------------------------------------------------------------------------------  352.5m
---*--------------------------------------------------------------------------------------------------  303.4m
--*---------------------------------------------------------------------------------------------------  254.4m
--*---------------------------------------------------------------------------------------------------  205.4m
-*----------------------------------------------------------------------------------------------------  156.3m
-*----------------------------------------------------------------------------------------------------  107.3m
*-----------------------------------------------------------------------------------------------------   58.2m
*-----------------------------------------------------------------------------------------------------    9.2m
1                                                                                                   12        
                                                                                                              
