percent 0 sag 0.993
percent 5 sag 0.939
percent 10 sag 0.897
percent 15 sag 0.862
percent 20 sag 0.834
percent 25 sag 0.814
percent 30 sag 0.798
percent 35 sag 0.786
percent 40 sag 0.777
percent 45 sag 0.774
percent 50 sag 0.773
percent 55 sag 0.776
percent 60 sag 0.781
percent 65 sag 0.791
percent 70 sag 0.804
percent 75 sag 0.821
percent 80 sag 0.843
percent 85 sag 0.871
percent 90 sag 0.905
percent 95 sag 0.945
percent 100 sag 0.994
warn: gif(blend_2x_follower.gif,canvases,delay) - not saving gif because of the --no-gif param (perhaps a unit test?)
Sag (x=blending pot percentage, y=max output amplitude, blend pot 50k, load 50k)(0=Sag)                       
------------------------------------------------------------------------------------------------------    1.10
------------------------------------------------------------------------------------------------------    1.05
***------------------------------------------------------------------------------------------------*** 990.00m
---*****--------------------------------------------------------------------------------------*****--- 935.00m
--------**********------------------------------------------------------------------**********-------- 880.00m
------------------***************------------------------------------***************------------------ 825.00m
---------------------------------************************************--------------------------------- 770.00m
------------------------------------------------------------------------------------------------------ 715.00m
------------------------------------------------------------------------------------------------------ 660.00m
------------------------------------------------------------------------------------------------------ 605.00m
------------------------------------------------------------------------------------------------------ 550.00m
------------------------------------------------------------------------------------------------------ 495.00m
------------------------------------------------------------------------------------------------------ 440.00m
------------------------------------------------------------------------------------------------------ 385.00m
------------------------------------------------------------------------------------------------------ 330.00m
------------------------------------------------------------------------------------------------------ 275.00m
------------------------------------------------------------------------------------------------------ 220.00m
------------------------------------------------------------------------------------------------------ 165.00m
------------------------------------------------------------------------------------------------------ 110.00m
------------------------------------------------------------------------------------------------------  55.00m
======================================================================================================       0
0                                                                                                  100        
                                                                                                              
warn: gif(blend_2x_follower_sag.gif,canvases,delay) - not saving gif because of the --no-gif param (perhaps a unit test?)
