X=control voltage 0-2.5V, Y=output current 0-25mA
                                                                                                              
------------------------------------------------------------------------------------------------------   26.0m
--------------------------------------------------------------------------------------------------****   24.7m
--------------------------------------------------------------------------------------------******----   23.4m
---------------------------------------------------------------------------------------*****----------   22.1m
---------------------------------------------------------------------------------******---------------   20.8m
----------------------------------------------------------------------------******--------------------   19.5m
-----------------------------------------------------------------------******-------------------------   18.2m
------------------------------------------------------------------******------------------------------   16.9m
-------------------------------------------------------------*****------------------------------------   15.6m
-------------------------------------------------------******-----------------------------------------   14.3m
--------------------------------------------------******----------------------------------------------   13.0m
---------------------------------------------******---------------------------------------------------   11.7m
---------------------------------------******---------------------------------------------------------   10.4m
----------------------------------******--------------------------------------------------------------    9.1m
-----------------------------******-------------------------------------------------------------------    7.8m
------------------------******------------------------------------------------------------------------    6.5m
-------------------*****------------------------------------------------------------------------------    5.2m
-------------******-----------------------------------------------------------------------------------    3.9m
--------******----------------------------------------------------------------------------------------    2.6m
---******---------------------------------------------------------------------------------------------    1.3m
****--------------------------------------------------------------------------------------------------   40.0u
0                                                                                                  2.5        
                                                                                                              
