Transient analysis(0=V(1) 1=V(3))                                                                             
-0000000000000000000----------------------000000000000000000----------------------000000000000000000--    9.30
00-----------------000000000000000000000000----------------000000000000000000000000-----------------00    8.84
------------------------------------------------------------------------------------------------------    8.37
------------------------------------------------------------------------------------------------------    7.91
111111111111111111111111111111111111111111111111111111111111111111111111111111111111111111111111111111    7.44
------------------------------------------------------------------------------------------------------    6.97
------------------------------------------------------------------------------------------------------    6.51
------------------------------------------------------------------------------------------------------    6.04
------------------------------------------------------------------------------------------------------    5.58
------------------------------------------------------------------------------------------------------    5.12
------------------------------------------------------------------------------------------------------    4.65
------------------------------------------------------------------------------------------------------    4.19
------------------------------------------------------------------------------------------------------    3.72
------------------------------------------------------------------------------------------------------    3.26
------------------------------------------------------------------------------------------------------    2.79
------------------------------------------------------------------------------------------------------    2.33
------------------------------------------------------------------------------------------------------    1.86
------------------------------------------------------------------------------------------------------    1.40
------------------------------------------------------------------------------------------------------ 930.00m
------------------------------------------------------------------------------------------------------ 465.00m
======================================================================================================       0
0                                                                                                  50m        
                                                                                                              
 Input voltage is 8.70 to 9.30 with average of 9.04 and standard deviation 0.207
Output voltage is 7.21 to 7.22 with average of 7.22 and standard deviation 0.004
The ripple was reduces from 600mV to 13.4mV
Voltage drop is 1.8V
