hFE vs. R1 and R2                                                                                             
0----0----0---0----0----0----0----0----0---0----0----0----0----0---0----0----0----0----0----0---0----0   10.0M
------------------------------------------------------------------------------------------------------    9.8M
0----0----0---0----0----0----0----0----0---0----0----0----0----0---0----0----0----0----0----0---0----0    9.5M
------------------------------------------------------------------------------------------------------    9.3M
0----0----0---0----0----0----0----0----0---0----0----0----0----0---0----0----0----0----0----0---0----0    9.0M
------------------------------------------------------------------------------------------------------    8.8M
0----0----0---0----0----0----0----0----0---0----0----0----0----0---0----0----0----0----0----0---0----0    8.5M
------------------------------------------------------------------------------------------------------    8.3M
0----0----0---0----0----0----0----0----0---0----0----0----0----0---0----0----0----0----0----0---0----1    8.0M
------------------------------------------------------------------------------------------------------    7.8M
0----0----0---0----0----0----0----0----0---0----0----0----0----0---0----0----0----0----0----0---1----2    7.6M
------------------------------------------------------------------------------------------------------    7.3M
0----0----0---0----0----0----0----0----0---0----0----0----0----0---0----0----0----0----0----1---2----6    7.1M
------------------------------------------------------------------------------------------------------    6.8M
0----0----0---0----0----0----0----0----0---0----0----0----0----0---0----0----0----0----1----2---6----6    6.6M
------------------------------------------------------------------------------------------------------    6.3M
0----0----0---0----0----0----0----0----0---0----0----0----0----0---0----0----0----1----2----6---7----6    6.1M
------------------------------------------------------------------------------------------------------    5.9M
0----0----0---0----0----0----0----0----0---0----0----0----0----0---0----0----1----2----6----7---7----6    5.6M
0----0----0---0----0----0----0----0----0---0----0----0----0----0---0----1----2----6----7----7---7----7    5.4M
------------------------------------------------------------------------------------------------------    5.1M
0----0----0---0----0----0----0----0----0---0----0----0----0----0---1----2----6----8----8----8---7----7    4.9M
------------------------------------------------------------------------------------------------------    4.6M
0----0----0---0----0----0----0----0----0---0----0----0----0----1---2----6----7----8----8----8---7----7    4.4M
------------------------------------------------------------------------------------------------------    4.1M
0----0----0---0----0----0----0----0----0---0----0----0----1----2---5----7----8----8----8----8---7----7    3.9M
------------------------------------------------------------------------------------------------------    3.7M
0----0----0---0----0----0----0----0----0---0----0----1----2----4---6----7----8----8----8----8---7----7    3.4M
------------------------------------------------------------------------------------------------------    3.2M
0----0----0---0----0----0----0----0----0---0----1----2----3----5---6----7----8----8----8----8---7----7    2.9M
------------------------------------------------------------------------------------------------------    2.7M
0----0----0---0----0----0----0----0----0---1----1----2----3----5---6----7----8----8----8----8---7----7    2.4M
------------------------------------------------------------------------------------------------------    2.2M
0----0----0---0----0----0----0----0----0---1----2----2----4----5---6----7----8----8----8----8---7----7    2.0M
------------------------------------------------------------------------------------------------------    1.7M
0----0----0---0----0----0----0----0----1---1----2----3----4----5---6----7----8----8----8----8---7----7    1.5M
------------------------------------------------------------------------------------------------------    1.2M
0----0----0---0----0----0----0----0----1---1----2----3----4----5---6----7----8----8----8----8---7----7  975.6k
------------------------------------------------------------------------------------------------------  731.7k
0----0----0---0----0----0----0----0----1---1----2----3----4----5---6----7----8----8----8----8---7----7  487.8k
------------------------------------------------------------------------------------------------------  243.9k
0----0----0---0----0----0----0----0----1---1----2----3----4----5---6----7----8----9----8----8---7----7     1.0
1                                                                                                  10M        
                                                                                                              
best r1 470000 r2 1 maxh 152.53405724754916 model hfe 404 error -62.2%
