Transient analysis(0=V(1) 1=V(6))                                                                             
-----0110----------------------010-----------------------010----------------------0110----------------  100.0m
----01111---------------------11-11---------------------11-11---------------------11110---------------   90.0m
----1----1-------------------11---10-------------------01---10-------------------1----1---------------   80.0m
---1-----11------------------1-----1-------------------1-----1------------------11----11--------------   70.0m
---1------1-----------------1-------1-----------------1-------1-----------------1-------1-------------   60.0m
--1--------1----------------1--------1----------------1-------1----------------1--------1-------------   50.0m
--1--------1---------------1---------1---------------1---------1---------------1---------1------------   40.0m
-1----------1--------------1----------1--------------1---------1--------------1----------1------------   30.0m
-1----------1-------------1-----------1-------------1----------10-------------1----------10-----------   20.0m
1-----------1-------------1-----------1-------------1-----------1-------------1-----------1-----------   10.0m
1============1============1============1============1===========1============1============1===========       0
-------------1-----------1-------------1-----------1-------------1-----------1-------------1----------  -10.0m
--------------1----------1--------------1----------1-------------1----------1--------------1----------  -20.0m
--------------1---------1---------------1---------1---------------1---------1---------------1---------  -30.0m
---------------1--------1----------------1--------1---------------1--------1----------------1---------  -40.0m
---------------1-------1-----------------1-------1----------------01-------1-----------------1-------1  -50.0m
---------------01------1-----------------01------1-----------------1------10-----------------1------10  -60.0m
----------------1-----1-------------------1-----10------------------1-----1-------------------1-----1-  -70.0m
-----------------1---11--------------------1---11-------------------1----1--------------------11---1--  -80.0m
-----------------11-11---------------------11-11---------------------11-10---------------------11-11--  -90.0m
------------------011-----------------------011-----------------------110-----------------------110--- -100.0m
0                                                                                                  20m        
                                                                                                              
Battery sensitivity(0=Gain)                                                                                   
--------------------------------------------------*************************************************---  980.0m
----------------------------**********************----------------------------------------------------  931.0m
------------------**********--------------------------------------------------------------------------  882.0m
----------------**------------------------------------------------------------------------------------  833.0m
--------------**--------------------------------------------------------------------------------------  784.0m
-------------*----------------------------------------------------------------------------------------  735.0m
------------*-----------------------------------------------------------------------------------------  686.0m
-----------*------------------------------------------------------------------------------------------  637.0m
-----------*------------------------------------------------------------------------------------------  588.0m
----------*-------------------------------------------------------------------------------------------  539.0m
----------*-------------------------------------------------------------------------------------------  490.0m
---------*--------------------------------------------------------------------------------------------  441.0m
---------*--------------------------------------------------------------------------------------------  392.0m
--------*---------------------------------------------------------------------------------------------  343.0m
--------*---------------------------------------------------------------------------------------------  294.0m
-------*----------------------------------------------------------------------------------------------  245.0m
-------*----------------------------------------------------------------------------------------------  196.0m
------------------------------------------------------------------------------------------------------  147.0m
------------------------------------------------------------------------------------------------------   98.0m
------------------------------------------------------------------------------------------------------   49.0m
======================================================================================================       0
0                                                                                                   15        
                                                                                                              
warn: gif(emitter_follower_bat_sens.gif,canvases,delay) - not saving gif because of the --no-gif param (perhaps a unit test?)
