Transient analysis(0=V(17))                                                                                   
------------------------------------------------------------------------------------------------------  130.0m
---------------***------------------------------------------------------------------------------------  120.5m
---------------*-**-----------------------------------------------------------------------------------  110.9m
--------------*---*-----------------------------------------------------------------------------------  101.3m
----**--------*---*-----------------------------------------------------------------------------------   91.8m
---****------*-----*----------------------------------------------------------------------------------   82.3m
---*--*------*-----*----------------------------------------------------------------------------------   72.7m
--*---*------*-----*----------------------------------------------------------------------------------   63.2m
--*----*----*-------*--------***----------------------------------------------------------------------   53.6m
--*----*----*-------*-------*--**---------------------------------------------------------------------   44.1m
--*----*----*-------*-------*---*---------**----------------------------------------------------------   34.5m
-*------*--*--------*------*-----*-------****----------**---------------------------------------------   24.9m
-*------*--*---------*-----*-----*------**--**--------*-**--------------------------------------------   15.4m
-*------*--*---------*----*------*------*----*-------*---**-------****----------****---------**-------    5.8m
*========*=*=========*====*=======*====*======*=====*=====*======**===*========*===**======***=**=====   -3.7m
---------**----------*----*-------*----*------*-----*------*-----*-----*------*-----**----**-----**---  -13.2m
---------**-----------*--*--------*----*------*----*-------*----*-------*----*-------**--**-------****  -22.8m
----------------------*--*---------*--*--------*---*--------*--**--------**-*---------***-------------  -32.4m
-----------------------*-*---------*--*--------**-*----------***----------**--------------------------  -41.9m
-----------------------**-----------**----------***----------**---------------------------------------  -51.4m
------------------------------------**----------------------------------------------------------------  -61.0m
0                                                                                                  20m        
                                                                                                              
Battery sensitivity(0=Gain)                                                                                   
------------------------------------------------------------------------------------------------------   1.300
----------------------------------------------------------------------------*********************-----   1.236
----------------------------------------------******************************---------------------*****   1.172
------------------------------------**********--------------------------------------------------------   1.108
----------------------------------**------------------------------------------------------------------   1.043
---------------------------------*------------------------------------------------------------------- 979.250m
-------------------------------**-------------------------------------------------------------------- 915.100m
------------------------------*---------------------------------------------------------------------- 850.950m
------------------------------*---------------------------------------------------------------------- 786.800m
-----------------------------*----------------------------------------------------------------------- 722.650m
-----------------------------*----------------------------------------------------------------------- 658.500m
-----------------------------*----------------------------------------------------------------------- 594.350m
----------------------------*------------------------------------------------------------------------ 530.200m
----------------------------*------------------------------------------------------------------------ 466.050m
----------------------------*------------------------------------------------------------------------ 401.900m
---------------------------*------------------------------------------------------------------------- 337.750m
---------------------------*------------------------------------------------------------------------- 273.600m
--------------------------*-------------------------------------------------------------------------- 209.450m
-------------------------*--------------------------------------------------------------------------- 145.300m
-------------------------*---------------------------------------------------------------------------- 81.150m
*************************----------------------------------------------------------------------------- 17.000m
0                                                                                                   15        
                                                                                                              
warn: gif(bat_sens_green_ringer_octaver.gif,canvases,delay) - not saving gif because of the --no-gif param (perhaps a unit test?)
Input frequency: 195.4
Output frequency: 390.7
Rendering pot 0%
Rendering pot 5%
Rendering pot 10%
Rendering pot 15%
Rendering pot 20%
Rendering pot 25%
Rendering pot 30%
Rendering pot 35%
Rendering pot 40%
Rendering pot 45%
Rendering pot 50%
Rendering pot 55%
Rendering pot 60%
Rendering pot 65%
Rendering pot 70%
Rendering pot 75%
Rendering pot 80%
Rendering pot 85%
Rendering pot 90%
Rendering pot 95%
1 seconds
