Current consumption 23.6u
AC analysis(0=V(4))                                                                                           
****************--------------------------------------------------------------------------------------   93.0m
*--------------********-------------------------------------------------------------------------------   88.3m
*----------------------******-------------------------------------------------------------------------   83.7m
*----------------------------*******------------------------------------------------------------------   79.0m
*-----------------------------------*****-------------------------------------------------------------   74.4m
-----------------------------------------*******------------------------------------------------------   69.8m
------------------------------------------------******------------------------------------------------   65.1m
------------------------------------------------------******------------------------------------------   60.5m
------------------------------------------------------------********----------------------------------   55.8m
--------------------------------------------------------------------********--------------------------   51.1m
----------------------------------------------------------------------------*********-----------------   46.5m
-------------------------------------------------------------------------------------**********-------   41.9m
-----------------------------------------------------------------------------------------------***----   37.2m
------------------------------------------------------------------------------------------------------   32.6m
------------------------------------------------------------------------------------------------------   27.9m
------------------------------------------------------------------------------------------------------   23.3m
------------------------------------------------------------------------------------------------------   18.6m
------------------------------------------------------------------------------------------------------   14.0m
------------------------------------------------------------------------------------------------------    9.3m
------------------------------------------------------------------------------------------------------    4.6m
======================================================================================================       0
1                                                                                                  22k        
                                                                                                              
