Transient analysis(0=I(A1) 1=I(A2))                                                                           
-----1--------------1---------------1--------------1--------------1---------------1--------------1----   5.60m
----1-1------------1-1-------------1-1------------1-1-------------11-------------1-1------------1-1---   5.05m
----1--1-----------1--1------------1--1-----------1--1-----------1--1------------1--1-----------1--1--   4.50m
---1---1----------1---1-----------1---1----------1---1-----------1--1-----------1---1----------1---1--   3.95m
---1----1---------1----1----------1---1----------1----1----------1---1----------1---1----------1----1-   3.40m
---1----1---------1----1----------1---1----------1----1----------1---1----------1---1----------1----1-   2.85m
---1----1---------1----1---------1-----1---------1----1---------1----1----------1----1---------1----1-   2.30m
--1------1-------1------1--------1-----1--------1------1--------1-----1--------1-----1--------1------1   1.75m
--1------1-------1------1--------1-----1--------1------1--------1-----1--------1-----1--------1------1   1.20m
--1000000100-----1000000100-----1000000100------1000000100-----1000000100------100000100------10000001 650.00u
001------1--000001-------1-000001-------1-0000001------1--000001-------1-0000001------1-0000001------- 100.00u
==1======1=======1=======1======1=======1=======1======1=======1=======1=======1======1=======1=======-450.00u
-1--------1------1-------1------1-------1------1--------1------1-------1------1-------1-------1-------  -1.00m
-1--------1-----1---------1----1---------1-----1--------1-----1---------1-----1--------1-----1--------  -1.55m
1---------1-----1---------1----1---------1----1---------1-----1---------1----1---------1-----1--------  -2.10m
1---------1-----1---------1----1---------1----1---------1-----1---------1----1---------1-----1--------  -2.65m
-----------1----1---------1----1---------1----1----------1----1---------1----1---------1----1---------  -3.20m
-----------1---1-----------1--1-----------1--1-----------1---1-----------1--1-----------1---1---------  -3.75m
------------1--1-----------1--1-----------1--1------------1--1-----------1--1-----------1--1----------  -4.30m
------------111------------111------------111-------------111------------111------------11-1----------  -4.85m
--------------1--------------1--------------1---------------1--------------1--------------1-----------  -5.40m
19.80m                                                                                             20m        
                                                                                                              
Battery current 422.8u
Coil current 3.7m
Gain 8.8
FFT analysis(0=I(L1.L0))                                                                                      
---------------------------------*--------------------------------------------------------------------   3.70m
---------------------------------*--------------------------------------------------------------------   3.52m
---------------------------------*--------------------------------------------------------------------   3.33m
---------------------------------*--------------------------------------------------------------------   3.15m
---------------------------------*--------------------------------------------------------------------   2.96m
---------------------------------*--------------------------------------------------------------------   2.78m
---------------------------------*--------------------------------------------------------------------   2.59m
---------------------------------*--------------------------------------------------------------------   2.41m
---------------------------------*--------------------------------------------------------------------   2.22m
---------------------------------*--------------------------------------------------------------------   2.04m
---------------------------------*--------------------------------------------------------------------   1.85m
---------------------------------*--------------------------------------------------------------------   1.67m
---------------------------------*--------------------------------------------------------------------   1.48m
---------------------------------*--------------------------------------------------------------------   1.30m
---------------------------------*--------------------------------------------------------------------   1.11m
---------------------------------*-------------------------------------------------------------------- 925.00u
---------------------------------*-------------------------------------------------------------------- 740.00u
---------------------------------*-------------------------------------------------------------------- 555.00u
---------------------------------*-------------------------------------------------------------------- 370.00u
---------------------------------*-------------------------------------------------------------------- 185.00u
******************************************************************************************************  33.00p
0                                                                                                 100k        
                                                                                                              
f0 32.9k
