Transient analysis(0=I(A1) 1=I(A2))                                                                           
----------------------------------------------------------------1--------1-----1-----1---------------1   33.0m
------------------------1-----1--1-----1---1-1--1---1--1--1--1--1--1--1--1--1--1--1--1---1--1-11--1--1   29.7m
---1-----1--1--1--1--1--1--1--1--1--1--1--11-1--11-11--1--1-11--1--1--1--1--1--1--1--11-11--1-11-11-11   26.4m
--11-11--1--1--1--1--1--1--1--11-11-1--11-11-11-11-11--1--1-11--1--1--1--11-1--11-1--11-11-11-11-11-1-   23.1m
1-11-11-11--1-11--1-11--1--11-11-11-1--11-11-11-11-11-11-11-11--1-11--1--11-1--11-11-11-11-11-11-11-1-   19.8m
1-11-11-11-11-11--1-11-1-1-11-11-11-1--11-11-11-11-11-11-11-11--1-11--1--11-1--11-11-11-11-11-11-11-1-   16.5m
1-11-11-11-11-11-11-11-1-1-11-11-11-11-11-11-11-11-11-11-11-11--1-1-1-111-1-11-11-11-11-11-11-11-11-1-   13.2m
1-11-11-11-11-1-111-1-11-1-11-11-11-11-11-11-11-11-11-11-11-11-11-1-1-111-1-11-11-11-11-11-11-11-11-1-    9.9m
1-11-11-11-11-1-111-1-11-11-11-1-11-11-11-11-11-11-11-11-11-11-1-11-1-111-1-11-11-11-11-11-11-11-11-1-    6.6m
101101101101101011101011011011011010110110110110110110110110101101101011101011011011011011011011010110    3.3m
1=1=111=11=11=1=11=11=11=11=11=11=1=11=11=11=11=11=1=111=11=1=11=11=11=11=11=1=11=11=11=11=11=11=1=11=       0
-11-111-1-111-1-11-11-11-11-11-11-11-1-111-1-11-11-1-111-11-1-11-11-11-11-11-1-11-11-111--111-11-1-11-   -3.3m
-11-11-11-11-11-11-11-11-11-11-11-11-1-111-1-11-1-11-111-11-1-11-11-11-11-11-1-11-11-111--11-111-1-11-   -6.6m
-11-11-11-11-11-11-11-11-11-11-11-11-11-11-1-11-1-11-111-1-11-11-11-11-11-11-11-11-1-111--11-111-1-11-   -9.9m
-11-11-11-11-11-11-11-11-11-11-11-11-11-11-1-11-1-11-111-1-11-11-11-11-11-11-11-11-11--1--11-11-1--11-  -13.2m
-11-11-11-11-1--11-11-11-11-11-11-11-11--1-11--11-11-11-11-11-11-11-11-11-11-11-11-11--1--1--11-1--1--  -16.5m
-11-1--1--1--1--11-11-11-11-11-11-11-11--1-11--1--11-1--11-11-11-11-11-11-11-11-11-11--1--1--11-1--1--  -19.8m
-1--1--1--1--1--1--11-11-11-11-11-11-11--1--1--1--11-1--1--11-11-11-11-11-11-11--1--1--1--1--1--1--1--  -23.1m
-1--1--1--1--1--1--11-11-1--11-11--1--1--1--1--1--1--1--1--1--11-11-11-11-11-11--1--1--1--1--1--1--1--  -26.4m
-------------1--------1------1--1--1--1--1--1--1--1-----1--1--1--11-11--1--1--1--1--1--1--1--1--1--1--  -29.7m
--------------------------------------------------------------1---------1-----1-----1--------1-----1--  -33.0m
1m                                                                                                  2m        
                                                                                                              
Battery current 2.1m
Coil current 21.7m
Gain 10.5
FFT analysis(0=I(L1.L0))                                                                                      
------------------------------------------------------------------------------------------------------  16.00m
---------------------------------*--------------------------------------------------------------------  15.20m
---------------------------------*--------------------------------------------------------------------  14.40m
---------------------------------*--------------------------------------------------------------------  13.60m
---------------------------------*--------------------------------------------------------------------  12.80m
---------------------------------*--------------------------------------------------------------------  12.00m
---------------------------------*--------------------------------------------------------------------  11.20m
---------------------------------*--------------------------------------------------------------------  10.40m
---------------------------------*--------------------------------------------------------------------   9.60m
---------------------------------*--------------------------------------------------------------------   8.80m
---------------------------------*--------------------------------------------------------------------   8.00m
---------------------------------*--------------------------------------------------------------------   7.20m
---------------------------------*--------------------------------------------------------------------   6.40m
---------------------------------*--------------------------------------------------------------------   5.60m
---------------------------------*--------------------------------------------------------------------   4.80m
---------------------------------*--------------------------------------------------------------------   4.00m
---------------------------------*--------------------------------------------------------------------   3.20m
---------------------------------*--------------------------------------------------------------------   2.40m
---------------------------------*--------------------------------------------------------------------   1.60m
--------------------------------***------------------------------------------------------------------- 800.15u
****************************************************************************************************** 160.00n
0                                                                                                 100k        
                                                                                                              
f0 32.7k
