                                                                                                              
----------------------------------------------------------------------------------------------------**   16.00
------------------------------------------------------------------------------------------------****--   15.25
--------------------------------------------------------------------------------------------****------   14.50
----------------------------------------------------------------------------------------****----------   13.75
-------------------------------------------------------------------------------------***--------------   13.00
---------------------------------------------------------------------------------****-----------------   12.25
-----------------------------------------------------------------------------****---------------------   11.50
-------------------------------------------------------------------------****-------------------------   10.75
---------------------------------------------------------------------****-----------------------------   10.00
-----------------------------------------------------------------****---------------------------------    9.25
------------------------------------------------------------*****-------------------------------------    8.50
--------------------------------------------------------****------------------------------------------    7.75
---------------------------------------------------*****----------------------------------------------    7.00
----------------------------------------------*****---------------------------------------------------    6.25
------------------------------------------****--------------------------------------------------------    5.50
-------------------------------------*****------------------------------------------------------------    4.75
------------------------------*******-----------------------------------------------------------------    4.00
----------------------********------------------------------------------------------------------------    3.25
-------------*********--------------------------------------------------------------------------------    2.50
-----********-----------------------------------------------------------------------------------------    1.75
*****-------------------------------------------------------------------------------------------------    1.00
1                                                                                                    4        
                                                                                                              
Sample chart(0=Voltages)                                   
---------------------------------------------------    20.0
---------------------------------------------------    19.0
---------------------------------------------------    18.0
---------------------------------------------------    17.0
----------------------------------------*----------    16.0
--------------------------------------**-----------    15.0
-------------------------------------*-------------    14.0
------------------------------------*--------------    13.0
----------------------------------**---------------    12.0
---------------------------------*-----------------    11.0
-------------------------------**------------------    10.0
------------------------------*--------------------     9.0
----------------------------**---------------------     8.0
--------------------------**-----------------------     7.0
------------------------**-------------------------     6.0
----------------------**---------------------------     5.0
-------------------***-----------------------------     4.0
----------------***--------------------------------     3.0
------------****-----------------------------------     2.0
----------**---------------------------------------     1.0
===================================================       0
0                                                 5        
                                                           
(0=s1 1=s2)                                                                                                   
--------------------------------------------------------------------------------------------------0000    6.00
-------------------------------------------------------------------------------------------0000000----    5.85
------------------------------------------------------------------------------------0000000-----------    5.70
-----------------------------------------------------------------------------0000000------------------    5.55
---------------------------------------------------------------------00000000-------------------------    5.40
--------------------------------------------------------------0000000---------------------------------    5.25
-------------------------------------------------------0000000----------------------------------------    5.10
11---------------------------------------------00000000-----------------------------------------------    4.95
--1111---------------------------------00000000-------------------------------------------------------    4.80
------1111--------------------000000000---------------------------------------------------------------    4.65
----------1111--------00000000------------------------------------------------------------------------    4.50
-------------011110000--------------------------------------------------------------------------------    4.35
-----00000000-----1111--------------------------------------------------------------------------------    4.20
00000-----------------1111------------------------------------------------------------------------1111    4.05
--------------------------1111-------------------------------------------------------------1111111----    3.90
------------------------------1111--------------------------------------------------1111111-----------    3.75
----------------------------------1111---------------------------------------1111111------------------    3.60
--------------------------------------1111---------------------------11111111-------------------------    3.45
------------------------------------------1111----------------1111111---------------------------------    3.30
----------------------------------------------1111-----1111111----------------------------------------    3.15
--------------------------------------------------11111-----------------------------------------------    3.00
1                                                                                                    3        
                                                                                                              
