                                                                                                              
------------------------------------------------------------------**----------------------------------   82.0m
----------------------------------------------------------------**--**--------------------------------   73.4m
--------------------------------------------------------------**------**------------------------------   64.8m
------------------------------------------------------------**----------**----------------------------   56.2m
----------------------------------------------------------**--------------**--------------------------   47.6m
---------------------------------------------------------*------------------***-----------------------   39.0m
-------------------------------------------------------**----------------------**---------------------   30.4m
-----------------------------------------------------**--------------------------**-------------------   21.8m
---------------------------------------------------**------------------------------**-----------------   13.2m
-------------------------------------------------**----------------------------------**---------------    4.6m
**=========================================******======================================***************   -4.0m
--**-------------------------------------**-----------------------------------------------------------  -12.6m
----**---------------------------------**-------------------------------------------------------------  -21.2m
------**-----------------------------**---------------------------------------------------------------  -29.8m
--------**-------------------------**-----------------------------------------------------------------  -38.4m
----------***-------------------***-------------------------------------------------------------------  -47.0m
-------------**---------------**----------------------------------------------------------------------  -55.6m
---------------**-----------**------------------------------------------------------------------------  -64.2m
-----------------**-------**--------------------------------------------------------------------------  -72.8m
-------------------**---**----------------------------------------------------------------------------  -81.4m
---------------------***------------------------------------------------------------------------------  -90.0m
0                                                                                                  23m        
                                                                                                              
                                                                                                              
------------------------------------------------------------------**----------------------------------   82.0m
----------------------------------------------------------------**--**--------------------------------   73.4m
--------------------------------------------------------------**------**------------------------------   64.8m
------------------------------------------------------------**----------**----------------------------   56.2m
----------------------------------------------------------**--------------**--------------------------   47.6m
---------------------------------------------------------*------------------***-----------------------   39.0m
-------------------------------------------------------**----------------------**---------------------   30.4m
-----------------------------------------------------**--------------------------**-------------------   21.8m
---------------------------------------------------**------------------------------**-----------------   13.2m
-------------------------------------------------**----------------------------------**---------------    4.6m
**=========================================******======================================***************   -4.0m
--**-------------------------------------**-----------------------------------------------------------  -12.6m
----**---------------------------------**-------------------------------------------------------------  -21.2m
------**-----------------------------**---------------------------------------------------------------  -29.8m
--------**-------------------------**-----------------------------------------------------------------  -38.4m
----------***-------------------***-------------------------------------------------------------------  -47.0m
-------------**---------------**----------------------------------------------------------------------  -55.6m
---------------**-----------**------------------------------------------------------------------------  -64.2m
-----------------**-------**--------------------------------------------------------------------------  -72.8m
-------------------**---**----------------------------------------------------------------------------  -81.4m
---------------------***------------------------------------------------------------------------------  -90.0m
0                                                                                                  23m        
                                                                                                              
                                                           
---------------------------------------------------     1.0
---------------------------------------------------  900.0m
---------------------------------------------------  800.0m
---------------------------------------------------  700.0m
---------------------------------------------------  600.0m
---------------------------------------------------  500.0m
---------------------------------------------------  400.0m
---------------------------------------------------  300.0m
---------------------------------------------------  200.0m
-----------------------------**********------------  100.0m
******===========************==========************       0
------***********---------------------------------- -100.0m
--------------------------------------------------- -200.0m
--------------------------------------------------- -300.0m
--------------------------------------------------- -400.0m
--------------------------------------------------- -500.0m
--------------------------------------------------- -600.0m
--------------------------------------------------- -700.0m
--------------------------------------------------- -800.0m
--------------------------------------------------- -900.0m
---------------------------------------------------    -1.0
0                                               23m        
                                                           
Some signal(0=Signal1)                                     
---------------------------------------------------  200.0m
---------------------------------------------------  180.0m
---------------------------------------------------  160.0m
---------------------------------------------------  140.0m
---------------------------------------------------  120.0m
---------------------------------------------------  100.0m
--------------------------------***----------------   80.0m
------------------------------**---**--------------   60.0m
----------------------------**-------***-----------   40.0m
--------------------------**------------**---------   20.0m
**===================*****================*********       0
--***-------------***------------------------------  -20.0m
-----**---------**---------------------------------  -40.0m
-------***---***-----------------------------------  -60.0m
----------***--------------------------------------  -80.0m
--------------------------------------------------- -100.0m
--------------------------------------------------- -120.0m
--------------------------------------------------- -140.0m
--------------------------------------------------- -160.0m
--------------------------------------------------- -180.0m
--------------------------------------------------- -200.0m
0                                               23m        
                                                           
Some signal(0=Series1)                                     
---------------------------------------------------  200.0m
---------------------------------------------------  180.0m
---------------------------------------------------  160.0m
---------------------------------------------------  140.0m
---------------------------------------------------  120.0m
---------------------------------------------------  100.0m
--------------------------------***----------------   80.0m
------------------------------**---**--------------   60.0m
----------------------------**-------***-----------   40.0m
--------------------------**------------**---------   20.0m
**===================*****================*********       0
--***-------------***------------------------------  -20.0m
-----**---------**---------------------------------  -40.0m
-------***---***-----------------------------------  -60.0m
----------***--------------------------------------  -80.0m
--------------------------------------------------- -100.0m
--------------------------------------------------- -120.0m
--------------------------------------------------- -140.0m
--------------------------------------------------- -160.0m
--------------------------------------------------- -180.0m
--------------------------------------------------- -200.0m
0                                               23m        
                                                           
                                                                                                              
------------------------------------------------------------------**----------------------------------   82.0m
----------------------------------------------------------------**--**--------------------------------   73.4m
--------------------------------------------------------------**------**------------------------------   64.8m
------------------------------------------------------------**----------**----------------------------   56.2m
----------------------------------------------------------**--------------**--------------------------   47.6m
---------------------------------------------------------*------------------***-----------------------   39.0m
-------------------------------------------------------**----------------------**---------------------   30.4m
-----------------------------------------------------**--------------------------**-------------------   21.8m
---------------------------------------------------**------------------------------**-----------------   13.2m
-------------------------------------------------**----------------------------------**---------------    4.6m
**=========================================******======================================***************   -4.0m
--**-------------------------------------**-----------------------------------------------------------  -12.6m
----**---------------------------------**-------------------------------------------------------------  -21.2m
------**-----------------------------**---------------------------------------------------------------  -29.8m
--------**-------------------------**-----------------------------------------------------------------  -38.4m
----------***-------------------***-------------------------------------------------------------------  -47.0m
-------------**---------------**----------------------------------------------------------------------  -55.6m
---------------**-----------**------------------------------------------------------------------------  -64.2m
-----------------**-------**--------------------------------------------------------------------------  -72.8m
-------------------**---**----------------------------------------------------------------------------  -81.4m
---------------------***------------------------------------------------------------------------------  -90.0m
0                                                                                                  23m        
                                                                                                              
