Transient analysis(0=V(3))                                                                                    
------------------------------------------------------------------------------------------------------   11.0m
------------------***-----------------------****---------------------****----------------------****---   10.0m
-----------------*---*---------------------*---*--------------------**---*--------------------**---*--    8.9m
----------------**----*-------------------*-----*-------------------*-----*-------------------*-----*-    7.9m
----------------*------*------------------*------*-----------------*------*------------------*------*-    6.8m
---------------*-------*-----------------*-------*-----------------*-------*-----------------*-------*    5.8m
---------------*--------*----------------*--------*---------------*--------*----------------*---------    4.7m
--------------*---------*---------------*---------*---------------*---------*---------------*---------    3.7m
--------------*----------*--------------*----------*-------------*----------*--------------*----------    2.6m
-------------*-----------*-------------*-----------*-------------*-----------*-------------*----------    1.6m
-------------*-----------*-------------*-----------*------------*------------*------------*-----------  550.0u
*============*============*===========*=============*===========*============*============*=========== -495.0u
-*----------*-------------*-----------*-------------*-----------*-------------*-----------*-----------   -1.5m
-*----------*--------------*----------*--------------*---------*--------------*----------*------------   -2.6m
--*--------*---------------*---------*---------------*---------*---------------*---------*------------   -3.6m
--*--------*----------------*--------*----------------*-------*----------------*--------*-------------   -4.7m
---*------*-----------------*-------*-----------------*-------*-----------------*-------*-------------   -5.7m
---*------*------------------*------*------------------*-----*------------------*------*--------------   -6.8m
----*----*-------------------**---**-------------------**---**-------------------*----*---------------   -7.8m
----**--*---------------------**-**---------------------**-**---------------------****----------------   -8.9m
-----***-----------------------***-----------------------***-----------------------**-----------------   -9.9m
0                                                                                                  20m        
                                                                                                              
Gain 0.997
Current 1.4m
AC analysis(0=V(3))                                                                                           
*-----------------------------------------------------------------------------------------------------   41.0m
*-----------------------------------------------------------------------------------------------------   38.9m
*-----------------------------------------------------------------------------------------------------   36.9m
*-----------------------------------------------------------------------------------------------------   34.9m
*-----------------------------------------------------------------------------------------------------   32.8m
*-----------------------------------------------------------------------------------------------------   30.8m
*-----------------------------------------------------------------------------------------------------   28.7m
*-----------------------------------------------------------------------------------------------------   26.6m
*-----------------------------------------------------------------------------------------------------   24.6m
*-----------------------------------------------------------------------------------------------------   22.6m
*-----------------------------------------------------------------------------------------------------   20.5m
*-----------------------------------------------------------------------------------------------------   18.5m
*-----------------------------------------------------------------------------------------------------   16.4m
*-----------------------------------------------------------------------------------------------------   14.4m
*-----------------------------------------------------------------------------------------------------   12.3m
**************************************************************************************************----   10.3m
*-----------------------------------------------------------------------------------------------------    8.2m
*-----------------------------------------------------------------------------------------------------    6.2m
*-----------------------------------------------------------------------------------------------------    4.1m
*-----------------------------------------------------------------------------------------------------    2.1m
*=====================================================================================================       0
1                                                                                                  22k        
                                                                                                              
