Piezo directly driving 50k resistive load:
AC analysis(0=V(4))                                                                                           
---------------*************************************************************************************--  100.0m
--------*******---------------------------------------------------------------------------------------   95.0m
------**----------------------------------------------------------------------------------------------   90.0m
-----**-----------------------------------------------------------------------------------------------   85.0m
----*-------------------------------------------------------------------------------------------------   80.0m
----*-------------------------------------------------------------------------------------------------   75.0m
---*--------------------------------------------------------------------------------------------------   70.0m
---*--------------------------------------------------------------------------------------------------   65.0m
--*---------------------------------------------------------------------------------------------------   60.0m
--*---------------------------------------------------------------------------------------------------   55.0m
--*---------------------------------------------------------------------------------------------------   50.0m
-**---------------------------------------------------------------------------------------------------   45.0m
-*----------------------------------------------------------------------------------------------------   40.0m
-*----------------------------------------------------------------------------------------------------   35.0m
-*----------------------------------------------------------------------------------------------------   30.0m
-*----------------------------------------------------------------------------------------------------   25.0m
-*----------------------------------------------------------------------------------------------------   20.0m
**----------------------------------------------------------------------------------------------------   15.0m
*-----------------------------------------------------------------------------------------------------   10.0m
*-----------------------------------------------------------------------------------------------------    5.0m
*=====================================================================================================       0
1                                                                                                 5.1k        
                                                                                                              
Piezo driving 50k resistive load via mosfet source follower:
AC analysis(0=V(4))                                                                                           
****************************************************************************************************--   97.0m
*-----------------------------------------------------------------------------------------------------   92.1m
*-----------------------------------------------------------------------------------------------------   87.3m
*-----------------------------------------------------------------------------------------------------   82.4m
*-----------------------------------------------------------------------------------------------------   77.6m
*-----------------------------------------------------------------------------------------------------   72.8m
*-----------------------------------------------------------------------------------------------------   67.9m
*-----------------------------------------------------------------------------------------------------   63.1m
*-----------------------------------------------------------------------------------------------------   58.2m
*-----------------------------------------------------------------------------------------------------   53.3m
*-----------------------------------------------------------------------------------------------------   48.5m
*-----------------------------------------------------------------------------------------------------   43.6m
------------------------------------------------------------------------------------------------------   38.8m
------------------------------------------------------------------------------------------------------   34.0m
------------------------------------------------------------------------------------------------------   29.1m
------------------------------------------------------------------------------------------------------   24.3m
------------------------------------------------------------------------------------------------------   19.4m
------------------------------------------------------------------------------------------------------   14.6m
------------------------------------------------------------------------------------------------------    9.7m
------------------------------------------------------------------------------------------------------    4.9m
======================================================================================================       0
1                                                                                                 5.1k        
                                                                                                              
