Transient analysis(0=V(V1))                                                                                   
------------------------------------------------------------------------------------------------------   4.800
------------------------------------------------------------------------------------------------------   4.770
------------------***************---------------------------------------------------------------------   4.740
---------------****--------------****-----------------------------------------------------------------   4.710
------------***----------------------***--------------------------------------------------------------   4.680
---------***---------------------------***------------------------------------------------------------   4.650
-------***--------------------------------**----------------------------------------------------------   4.620
-----***------------------------------------***-------------------------------------------------------   4.590
---***----------------------------------------**------------------------------------------------------   4.560
-***--------------------------------------------**----------------------------------------------------   4.530
**------------------------------------------------**------------------------------------------------**   4.500
----------------------------------------------------**--------------------------------------------***-   4.470
------------------------------------------------------**-----------------------------------------**---   4.440
--------------------------------------------------------**------------------------------------***-----   4.410
----------------------------------------------------------**--------------------------------***-------   4.380
------------------------------------------------------------***---------------------------***---------   4.350
--------------------------------------------------------------****---------------------***------------   4.320
-----------------------------------------------------------------****--------------****---------------   4.290
---------------------------------------------------------------------***************------------------   4.260
------------------------------------------------------------------------------------------------------   4.230
------------------------------------------------------------------------------------------------------   4.200
0                                                                                                  20m        
                                                                                                              
Voltmeter V1 average voltage is 4.500037357707179
Voltmeter V1 maximal voltage is 4.749990304100103
Voltmeter V1 maximal voltage is 4.250009650899897
Voltmeter V1 voltage range is 0.4999806532002058
