Control voltages(0=V(10) 1=V(8))                                                                              
111------------------------------------------------------------------------------------------------000    3.30
---11111--------------------------------------------------------------------------------------00000---    3.13
--------11111----------------------------------------------------------------------------00000--------    2.97
-------------11111------------------------------------------------------------------00000-------------    2.80
------------------11111-------------------------------------------------------000000------------------    2.64
-----------------------111111---------------------------------------------00000-----------------------    2.48
----------------------------111111-----------------------------------00000----------------------------    2.31
---------------------------------111111------------------------000000---------------------------------    2.15
--------------------------------------111111--------------000000--------------------------------------    1.98
-------------------------------------------111111----000000-------------------------------------------    1.81
------------------------------------------------111111------------------------------------------------    1.65
-------------------------------------------000000----111111-------------------------------------------    1.48
--------------------------------------000000--------------111111--------------------------------------    1.32
---------------------------------000000------------------------111111---------------------------------    1.15
----------------------------000000-----------------------------------11111---------------------------- 990.00m
-----------------------000000---------------------------------------------11111----------------------- 825.00m
------------------00000-------------------------------------------------------111111------------------ 660.00m
-------------00000------------------------------------------------------------------11111------------- 495.00m
--------00000----------------------------------------------------------------------------11111-------- 330.00m
---00000--------------------------------------------------------------------------------------11111--- 165.00m
000================================================================================================111       0
0                                                                                                  20m        
                                                                                                              
Output current(0=I(A1))                                                                                       
---------------------------------------------------------------------------***************************   37.0m
--------------------------------------------------------------------------**--------------------------   33.3m
--------------------------------------------------------------------------*---------------------------   29.6m
--------------------------------------------------------------------------*---------------------------   25.9m
--------------------------------------------------------------------------*---------------------------   22.2m
--------------------------------------------------------------------------*---------------------------   18.5m
--------------------------------------------------------------------------*---------------------------   14.8m
--------------------------------------------------------------------------*---------------------------   11.1m
--------------------------------------------------------------------------*---------------------------    7.4m
--------------------------------------------------------------------------*---------------------------    3.7m
===========================************************************************===========================       0
---------------------------*--------------------------------------------------------------------------   -3.7m
---------------------------*--------------------------------------------------------------------------   -7.4m
---------------------------*--------------------------------------------------------------------------  -11.1m
---------------------------*--------------------------------------------------------------------------  -14.8m
---------------------------*--------------------------------------------------------------------------  -18.5m
---------------------------*--------------------------------------------------------------------------  -22.2m
---------------------------*--------------------------------------------------------------------------  -25.9m
---------------------------*--------------------------------------------------------------------------  -29.6m
---------------------------*--------------------------------------------------------------------------  -33.3m
****************************--------------------------------------------------------------------------  -37.0m
0                                                                                                  20m        
                                                                                                              
