Transient analysis(0=I(U1))                                                                                   
****===========================================*******************************************************       0
----**---------------------------------------**-------------------------------------------------------  -25.0u
------*-------------------------------------*---------------------------------------------------------  -50.0u
-------*-----------------------------------*----------------------------------------------------------  -75.0u
--------*---------------------------------*----------------------------------------------------------- -100.0u
---------**------------------------------*------------------------------------------------------------ -125.0u
-----------*---------------------------**------------------------------------------------------------- -150.0u
------------*-------------------------*--------------------------------------------------------------- -175.0u
-------------**----------------------*---------------------------------------------------------------- -200.0u
---------------**------------------**----------------------------------------------------------------- -225.0u
-----------------**---------------*------------------------------------------------------------------- -250.0u
-------------------**------------*-------------------------------------------------------------------- -275.0u
---------------------**------****--------------------------------------------------------------------- -300.0u
-----------------------******------------------------------------------------------------------------- -325.0u
------------------------------------------------------------------------------------------------------ -350.0u
------------------------------------------------------------------------------------------------------ -375.0u
------------------------------------------------------------------------------------------------------ -400.0u
------------------------------------------------------------------------------------------------------ -425.0u
------------------------------------------------------------------------------------------------------ -450.0u
------------------------------------------------------------------------------------------------------ -475.0u
------------------------------------------------------------------------------------------------------ -500.0u
0                                                                                                   1m        
                                                                                                              
V(2),V(1),time,I(U1)
