File "audio.m" contains:
                                                                                                              
-------------*******--------------------------------------------------------********------------------     1.0
----------****-----***----------------------------------------------------***------***----------------  900.0m
---------**-----------**------------------------------------------------***----------***--------------  800.0m
-------**--------------***---------------------------------------------**--------------**-------------  700.0m
------**-----------------**------------------------------------------***----------------**------------  600.0m
-----**-------------------**----------------------------------------**-------------------**-----------  500.0m
----**---------------------**--------------------------------------**---------------------***---------  400.0m
---**-----------------------**------------------------------------**------------------------**--------  300.0m
--**-------------------------**----------------------------------**--------------------------**-------  200.0m
-**---------------------------**--------------------------------**----------------------------**------  100.0m
**=============================**==============================**==============================**=====       0
--------------------------------**----------------------------**--------------------------------**---- -100.0m
---------------------------------**--------------------------**----------------------------------**--- -200.0m
----------------------------------**------------------------**------------------------------------**-- -300.0m
-----------------------------------**----------------------**--------------------------------------**- -400.0m
------------------------------------***-------------------**----------------------------------------** -500.0m
--------------------------------------**----------------***------------------------------------------- -600.0m
---------------------------------------**--------------**--------------------------------------------- -700.0m
----------------------------------------***----------***---------------------------------------------- -800.0m
------------------------------------------***------***------------------------------------------------ -900.0m
--------------------------------------------********--------------------------------------------------    -1.0
0                                                                                                   1m        
                                                                                                              
Tran data of V(1) directly on audio source:
Transient analysis(0=V(1))                                                                                    
-------------*******---------------------------------------------------------*******------------------    2.00
----------****-----****----------------------------------------------------***-----****---------------    1.80
---------**-----------**-------------------------------------------------**-----------**--------------    1.60
-------***-------------***---------------------------------------------***--------------**------------    1.40
------**-----------------**-------------------------------------------**-----------------**-----------    1.20
-----**-------------------**-----------------------------------------**-------------------**----------    1.00
----**---------------------**---------------------------------------**---------------------**--------- 800.00m
---**-----------------------**-------------------------------------**------------------------**------- 600.00m
--**--------------------------**----------------------------------**--------------------------**------ 400.00m
-**----------------------------**--------------------------------**----------------------------**----- 200.00m
**==============================**==============================**==============================**====       0
---------------------------------**----------------------------**--------------------------------**-- -200.00m
----------------------------------**--------------------------**----------------------------------**- -400.00m
-----------------------------------**------------------------**------------------------------------** -600.00m
------------------------------------**---------------------**---------------------------------------**-800.00m
-------------------------------------**-------------------**-----------------------------------------*   -1.00
--------------------------------------**-----------------**-------------------------------------------   -1.20
---------------------------------------***--------------**--------------------------------------------   -1.40
-----------------------------------------**-----------**----------------------------------------------   -1.60
------------------------------------------****-----****-----------------------------------------------   -1.80
---------------------------------------------*******--------------------------------------------------   -2.00
0                                                                                                 990u        
                                                                                                              
Tran data of V(2) after filtering:
Transient analysis(0=V(2))                                                                                    
---------------******----------------------------------------------------------*******----------------    2.00
-------------***-----***-----------------------------------------------------***-----***--------------    1.80
-----------***---------***-------------------------------------------------***----------**------------    1.60
---------***-------------***----------------------------------------------**-------------***----------    1.40
--------**-----------------**-------------------------------------------**-----------------**---------    1.20
-------**-------------------**-----------------------------------------**-------------------**--------    1.00
------**---------------------**---------------------------------------**---------------------**------- 800.00m
----***-----------------------**-------------------------------------**-----------------------***----- 600.00m
---**---------------------------*-----------------------------------**--------------------------**---- 400.00m
--**-----------------------------**--------------------------------**----------------------------**--- 200.00m
***===============================**==============================**==============================**==       0
-----------------------------------**----------------------------**--------------------------------** -200.00m
------------------------------------**--------------------------**----------------------------------**-400.00m
-------------------------------------**-----------------------**-------------------------------------*-600.00m
--------------------------------------**---------------------**-------------------------------------- -800.00m
---------------------------------------**-------------------**----------------------------------------   -1.00
----------------------------------------**-----------------**-----------------------------------------   -1.20
-----------------------------------------***-------------***------------------------------------------   -1.40
-------------------------------------------***----------**--------------------------------------------   -1.60
---------------------------------------------***-----***----------------------------------------------   -1.80
-----------------------------------------------******-------------------------------------------------   -2.00
0                                                                                                 990u        
                                                                                                              
