FFT analysis(0=V(3))                                                                                          
-*----------------------------------------------------------------------------------------------------  710.0m
-*----------------------------------------------------------------------------------------------------  674.5m
-*----------------------------------------------------------------------------------------------------  639.0m
-*----------------------------------------------------------------------------------------------------  603.5m
-*----------------------------------------------------------------------------------------------------  568.0m
-*----------------------------------------------------------------------------------------------------  532.5m
-*----------------------------------------------------------------------------------------------------  497.0m
-*----------------------------------------------------------------------------------------------------  461.5m
-*----------------------------------------------------------------------------------------------------  426.0m
-*----------------------------------------------------------------------------------------------------  390.5m
-*----------------------------------------------------------------------------------------------------  355.0m
-*----------------------------------------------------------------------------------------------------  319.5m
-*----------------------------------------------------------------------------------------------------  284.0m
-*----------------------------------------------------------------------------------------------------  248.5m
-*----------------------------------------------------------------------------------------------------  213.0m
**----------------------------------------------------------------------------------------------------  177.5m
**----------------------------------------------------------------------------------------------------  142.0m
***---------------------------------------------------------------------------------------------------  106.5m
***---------------------------------------------------------------------------------------------------   71.0m
****--------------------------------------------------------------------------------------------------   35.5m
******************************************************************************************************    5.8f
0                                                                                                  20k        
                                                                                                              
FFT analysis(0=V(3)/dB)                                                                                       
----*-------------------------------------------------------------------------------------------------    -3.0
*---*---*---------------------------------------------------------------------------------------------   -14.3
*---*---*---*-----------------------------------------------------------------------------------------   -25.7
*---**--*---*---*---*---*-----------------------------------------------------------------------------   -37.1
*--*-*--*---*---*---*---*-------*---*-----------------------------------------------------------------   -48.4
**-*-**-*---**--*---**--*---*---**--**------**---*----------------------------------------------------   -59.8
-**---****-*-*--**--**--**--**--**--**------**--**------**---*-------*--------------------------------   -71.1
-**---**-*-*-**-**--**--**--**--**--**--**--**--**---*--**--**---*---*---*---*---*--------------------   -82.4
----------**--**-*-*-*-*-*--**--**--**--**--**--**--**--**--**--**---*---*---*---*-------*---*--------   -93.8
---------------*-*-*--**-*-*-*-*-*-****-**--**--**--**--**--**--**--**--**---*---*---*---*---*---*---*  -105.2
-----------------***-----***-***-*-*--*-**-**-****--**--**--**--**--**--**--**--**---*--**---*---*---*  -116.5
-------------------------*----*--***--****-*--**--*-****--*-*-*-***-*-*-**--***-*-*--*--***--*---*---*  -127.8
-------------------------*--------*------*-*------*-*-**--*-*-***-*-*-***-*-*-*-*-*--**-*-*--**--**--*  -139.2
-------------------------*----------------*-------**------**------***--*--*-*-**--**-****-*-***-*-*-*-  -150.6
-------------------------*----------------*-------**-------*-------**-----***------**-**---**-***-***-  -161.9
-------------------------*------------------------**-------*-------*--------*-------*-----------------  -173.3
-------------------------*------------------------**------------------------*-------------------------  -184.6
-------------------------*-------------------------*------------------------*-------------------------  -195.9
-------------------------*-------------------------*------------------------*-------------------------  -207.3
-------------------------*-------------------------*------------------------*-------------------------  -218.7
------------------------------------------------------------------------------------------------------  -230.0
0                                                                                                   5k        
                                                                                                              
FFT analysis(0=I(A1)/dB)                                                                                      
*---*---*---------------------------------------------------------------------------------------------   -79.0
*---*---*---*-----------------------------------------------------------------------------------------   -91.1
*---*---*---*---*---*---*-----------------------------------------------------------------------------  -103.1
*---*---*---*---*---*---*---*---*---*-----------------------------------------------------------------  -115.2
*---*---*---*---*---*---*---*---*---*-------*---**-------*--------------------------------------------  -127.2
*---*---*---*---*---*---*---*---*---*---*---**--**-------*---*-------*--------------------------------  -139.3
*---*---*---*---*---*---*---*---*---*---*---**--**--**--**---*---*---*---*---*---*-------*---*--------  -151.3
**-***--**--**--*---*---*---*---*---*---*---**--**--**--**---*---*---*---*---*---*---*---*---*-------*  -163.3
**-***-***-***--**--**--**--*---**--**--*---**--**--**--**--**---*---*---*---*---*---*---*---*---*---*  -175.4
****-*****-***--**--**--**--**--**--**--**--**--**--**--**--**---*---*---*---*---*---*---*---*---*---*  -187.4
-***-*************-***-***--**--**--**--**--**--**--**--**--**--**--**---*---*---*---*---*---*---*---*  -199.5
-***-***-***-*****************-***-***--**--**--**--**--**--**--**--**---*---*---*---*---*---*---*---*  -211.6
----------*--***-**********************-**-****-***-**--**--**--**--**--**--**--**---*---*---*---*---*  -223.6
--------------*--***--**-*******-*********-********-**-****-***-**--***-**--**--***-**--**--**---*---*  -235.7
--------------------------**--**-***-**********************************-***-***-***-***-***-***-**--**  -247.7
--------------------------------------******-****-*******************-*****************-***-***-***-*-  -259.8
--------------------------------------*---**------**-****-*-*-*******-***-***-***-***-***-***-***-***-  -271.8
----------------------------------------------------------------------*---***-***-***-***-***-***-**--  -283.9
----------------------------------------------------------------------------------*----**------**-**--  -295.9
--------------------------------------------------------------------------------------------------*---  -307.9
------------------------------------------------------------------------------------------------------  -320.0
0                                                                                                   5k        
                                                                                                              
