Transient analysis(0=V(1) 1=V(2))                                                                             
---------------------------------------------------------------------------------------------------000    5.00
----------------------------------------------------------------------------------------------00000---    4.75
----------------------------------------------------------------------------------------000000--------    4.50
-----------------------------------------------------------------------------------000000-------------    4.25
------------------------------------------------------------------------------000000------------------    4.00
-------------------------------------------------------------------------000000-----------------------    3.75
--------------------------------------------------------------------000000----------------------------    3.50
---------------------------------------------------------------000000---------------------------------    3.25
----------------------------------------------------------000000--------------------------------------    3.00
-----------------------------------------------------000000-------------------------------------------    2.75
------------------------------------------------111111111111111111111111111111111111111111111111111111    2.50
-------------------------------------------111111-----------------------------------------------------    2.25
--------------------------------------111111----------------------------------------------------------    2.00
---------------------------------111111---------------------------------------------------------------    1.75
----------------------------11111---------------------------------------------------------------------    1.50
-----------------------11111--------------------------------------------------------------------------    1.25
------------------11111------------------------------------------------------------------------------- 999.60m
-------------11111------------------------------------------------------------------------------------ 749.58m
--------11111----------------------------------------------------------------------------------------- 499.55m
---11111---------------------------------------------------------------------------------------------- 249.53m
111===================================================================================================-500.00u
0                                                                                                  20m        
                                                                                                              
