Transient analysis(0=I(A1))                                                                                   
------------------------*-------------------**------------------**-------------------**---------------   4.80m
-----------------------*-*-----------------*--*----------------*--*-----------------*--*--------------   4.30m
----**----------------*---*---------------*---*---------------*---*----------------*---*--------------   3.80m
---*--*---------------*---*---------------*----*--------------*----*---------------*----*-------------   3.30m
--*---*--------------*-----*-------------*-----*-------------*-----*--------------*-----*-------------   2.80m
--*----*-------------*-----*-------------*------*------------*------*-------------*------*------------   2.30m
-*-----*-------------*------*------------*------*------------*------*-------------*------*------------   1.80m
-*------*-----------*-------*-----------*-------*-----------*-------*------------*-------*-----------*   1.30m
*-------*-----------*--------*----------*--------*----------*--------*-----------*--------*----------* 800.00u
*--------*----------*--------*----------*--------*---------*---------*----------*---------*---------*- 300.00u
*========*=========*=========*=========*=========*=========*=========*==========*=========*=========*=-200.00u
---------*---------*----------*--------*----------*--------*----------*---------*----------*--------* -700.00u
----------*--------*----------*-------*-----------*-------*-----------*--------*-----------*-------*--  -1.20m
----------*-------*-----------*-------*-----------*-------*-----------*--------*-----------*-------*--  -1.70m
----------*-------*------------*------*------------*------*------------*------*-------------*------*--  -2.20m
-----------*-----*-------------*-----*-------------*-----*-------------*------*-------------*-----*---  -2.70m
-----------*-----*-------------*-----*--------------*----*--------------*----*---------------*----*---  -3.20m
------------*---*---------------*---*---------------*---*---------------*---*----------------*---*----  -3.70m
------------*---*----------------*--*----------------*--*----------------*--*-----------------*--*----  -4.20m
-------------*-*------------------**------------------**------------------**-------------------**-----  -4.70m
--------------**--------------------------------------------------------------------------------------  -5.20m
0                                                                                                   1m        
                                                                                                              
I@1ms 1.4m
Irms 3.1m
AC analysis(0=I(A1))                                                                                          
--------------------------------******************************************************************----    1.0m
------------------**************----------------------------------------------------------------------  950.0u
--------------****------------------------------------------------------------------------------------  900.0u
-----------***----------------------------------------------------------------------------------------  850.0u
---------**-------------------------------------------------------------------------------------------  800.0u
--------**--------------------------------------------------------------------------------------------  750.0u
-------*----------------------------------------------------------------------------------------------  700.0u
------*-----------------------------------------------------------------------------------------------  650.0u
-----**-----------------------------------------------------------------------------------------------  600.0u
-----*------------------------------------------------------------------------------------------------  550.0u
----*-------------------------------------------------------------------------------------------------  500.0u
---**-------------------------------------------------------------------------------------------------  450.0u
---*--------------------------------------------------------------------------------------------------  400.0u
---*--------------------------------------------------------------------------------------------------  350.0u
--*---------------------------------------------------------------------------------------------------  300.0u
--*---------------------------------------------------------------------------------------------------  250.0u
-**---------------------------------------------------------------------------------------------------  200.0u
-*----------------------------------------------------------------------------------------------------  150.0u
-*----------------------------------------------------------------------------------------------------  100.0u
**----------------------------------------------------------------------------------------------------   50.0u
*=====================================================================================================       0
1                                                                                                  22k        
                                                                                                              
Iac@5kHz 952.9u
FFT analysis(0=I(A1))                                                                                         
-------------------------*----------------------------------------------------------------------------   4.40m
-------------------------*----------------------------------------------------------------------------   4.18m
-------------------------*----------------------------------------------------------------------------   3.96m
-------------------------*----------------------------------------------------------------------------   3.74m
-------------------------*----------------------------------------------------------------------------   3.52m
-------------------------*----------------------------------------------------------------------------   3.30m
-------------------------*----------------------------------------------------------------------------   3.08m
-------------------------*----------------------------------------------------------------------------   2.86m
-------------------------*----------------------------------------------------------------------------   2.64m
-------------------------*----------------------------------------------------------------------------   2.42m
-------------------------*----------------------------------------------------------------------------   2.20m
-------------------------*----------------------------------------------------------------------------   1.98m
-------------------------*----------------------------------------------------------------------------   1.76m
-------------------------*----------------------------------------------------------------------------   1.54m
-------------------------*----------------------------------------------------------------------------   1.32m
-------------------------*----------------------------------------------------------------------------   1.10m
-------------------------*---------------------------------------------------------------------------- 880.00u
-------------------------*---------------------------------------------------------------------------- 660.00u
-------------------------*---------------------------------------------------------------------------- 440.00u
-------------------------*---------------------------------------------------------------------------- 220.00u
******************************************************************************************************  16.00f
0                                                                                                  20k        
                                                                                                              
